Copyright 1986-2022 Xilinx, Inc. All Rights Reserved. Copyright 2022-2023 Advanced Micro Devices, Inc. All Rights Reserved.
---------------------------------------------------------------------------------------------------------------------------------------------
| Tool Version : Vivado v.2023.1 (lin64) Build 3865809 Sun May  7 15:04:56 MDT 2023
| Date         : Thu Nov  6 22:35:01 2025
| Host         : n01-zeus.olympus.ece.tamu.edu running 64-bit Red Hat Enterprise Linux release 8.10 (Ootpa)
| Command      : report_drc -file top_kalman_drc_routed.rpt -pb top_kalman_drc_routed.pb -rpx top_kalman_drc_routed.rpx
| Design       : top_kalman
| Device       : xc7z020clg400-1
| Speed File   : -1
| Design State : Fully Routed
---------------------------------------------------------------------------------------------------------------------------------------------

Report DRC

Table of Contents
-----------------
1. REPORT SUMMARY
2. REPORT DETAILS

1. REPORT SUMMARY
-----------------
            Netlist: netlist
          Floorplan: design_1
      Design limits: <entire design considered>
           Ruledeck: default
             Max violations: <unlimited>
             Violations found: 68
+----------+----------+------------------------+------------+
| Rule     | Severity | Description            | Violations |
+----------+----------+------------------------+------------+
| DPIP-1   | Warning  | Input pipelining       | 16         |
| DPOP-1   | Warning  | PREG Output pipelining | 10         |
| DPOP-2   | Warning  | MREG Output pipelining | 10         |
| PDRC-153 | Warning  | Gated clock check      | 32         |
+----------+----------+------------------------+------------+

2. REPORT DETAILS
-----------------
DPIP-1#1 Warning
Input pipelining  
DSP k0/mm0/m0/ab input k0/mm0/m0/ab/A[29:0] is not pipelined. Pipelining DSP48 input will improve performance.
Related violations: <none>

DPIP-1#2 Warning
Input pipelining  
DSP k0/mm0/m0/ab input k0/mm0/m0/ab/B[17:0] is not pipelined. Pipelining DSP48 input will improve performance.
Related violations: <none>

DPIP-1#3 Warning
Input pipelining  
DSP k0/mm0/m0/ab__0 input k0/mm0/m0/ab__0/A[29:0] is not pipelined. Pipelining DSP48 input will improve performance.
Related violations: <none>

DPIP-1#4 Warning
Input pipelining  
DSP k0/mm0/m0/ab__0 input k0/mm0/m0/ab__0/B[17:0] is not pipelined. Pipelining DSP48 input will improve performance.
Related violations: <none>

DPIP-1#5 Warning
Input pipelining  
DSP k0/mm0/m1/ab input k0/mm0/m1/ab/A[29:0] is not pipelined. Pipelining DSP48 input will improve performance.
Related violations: <none>

DPIP-1#6 Warning
Input pipelining  
DSP k0/mm0/m1/ab input k0/mm0/m1/ab/B[17:0] is not pipelined. Pipelining DSP48 input will improve performance.
Related violations: <none>

DPIP-1#7 Warning
Input pipelining  
DSP k0/mm0/m1/ab__0 input k0/mm0/m1/ab__0/A[29:0] is not pipelined. Pipelining DSP48 input will improve performance.
Related violations: <none>

DPIP-1#8 Warning
Input pipelining  
DSP k0/mm0/m1/ab__0 input k0/mm0/m1/ab__0/B[17:0] is not pipelined. Pipelining DSP48 input will improve performance.
Related violations: <none>

DPIP-1#9 Warning
Input pipelining  
DSP k0/mm0/m4/ab input k0/mm0/m4/ab/A[29:0] is not pipelined. Pipelining DSP48 input will improve performance.
Related violations: <none>

DPIP-1#10 Warning
Input pipelining  
DSP k0/mm0/m4/ab input k0/mm0/m4/ab/B[17:0] is not pipelined. Pipelining DSP48 input will improve performance.
Related violations: <none>

DPIP-1#11 Warning
Input pipelining  
DSP k0/mm0/m4/ab__0 input k0/mm0/m4/ab__0/A[29:0] is not pipelined. Pipelining DSP48 input will improve performance.
Related violations: <none>

DPIP-1#12 Warning
Input pipelining  
DSP k0/mm0/m4/ab__0 input k0/mm0/m4/ab__0/B[17:0] is not pipelined. Pipelining DSP48 input will improve performance.
Related violations: <none>

DPIP-1#13 Warning
Input pipelining  
DSP k0/mm0/m5/ab input k0/mm0/m5/ab/A[29:0] is not pipelined. Pipelining DSP48 input will improve performance.
Related violations: <none>

DPIP-1#14 Warning
Input pipelining  
DSP k0/mm0/m5/ab input k0/mm0/m5/ab/B[17:0] is not pipelined. Pipelining DSP48 input will improve performance.
Related violations: <none>

DPIP-1#15 Warning
Input pipelining  
DSP k0/mm0/m5/ab__0 input k0/mm0/m5/ab__0/A[29:0] is not pipelined. Pipelining DSP48 input will improve performance.
Related violations: <none>

DPIP-1#16 Warning
Input pipelining  
DSP k0/mm0/m5/ab__0 input k0/mm0/m5/ab__0/B[17:0] is not pipelined. Pipelining DSP48 input will improve performance.
Related violations: <none>

DPOP-1#1 Warning
PREG Output pipelining  
DSP k0/mm0/m0/ab output k0/mm0/m0/ab/P[47:0] is not pipelined (PREG=0). Pipelining the DSP48 output will improve performance and often saves power so it is suggested whenever possible to fully pipeline this function.  If this DSP48 function was inferred, it is suggested to describe an additional register stage after this function.  If the DSP48 was instantiated in the design, it is suggested to set the PREG attribute to 1.
Related violations: <none>

DPOP-1#2 Warning
PREG Output pipelining  
DSP k0/mm0/m0/ab__0 output k0/mm0/m0/ab__0/P[47:0] is not pipelined (PREG=0). Pipelining the DSP48 output will improve performance and often saves power so it is suggested whenever possible to fully pipeline this function.  If this DSP48 function was inferred, it is suggested to describe an additional register stage after this function.  If the DSP48 was instantiated in the design, it is suggested to set the PREG attribute to 1.
Related violations: <none>

DPOP-1#3 Warning
PREG Output pipelining  
DSP k0/mm0/m1/ab output k0/mm0/m1/ab/P[47:0] is not pipelined (PREG=0). Pipelining the DSP48 output will improve performance and often saves power so it is suggested whenever possible to fully pipeline this function.  If this DSP48 function was inferred, it is suggested to describe an additional register stage after this function.  If the DSP48 was instantiated in the design, it is suggested to set the PREG attribute to 1.
Related violations: <none>

DPOP-1#4 Warning
PREG Output pipelining  
DSP k0/mm0/m1/ab__0 output k0/mm0/m1/ab__0/P[47:0] is not pipelined (PREG=0). Pipelining the DSP48 output will improve performance and often saves power so it is suggested whenever possible to fully pipeline this function.  If this DSP48 function was inferred, it is suggested to describe an additional register stage after this function.  If the DSP48 was instantiated in the design, it is suggested to set the PREG attribute to 1.
Related violations: <none>

DPOP-1#5 Warning
PREG Output pipelining  
DSP k0/mm0/m4/ab output k0/mm0/m4/ab/P[47:0] is not pipelined (PREG=0). Pipelining the DSP48 output will improve performance and often saves power so it is suggested whenever possible to fully pipeline this function.  If this DSP48 function was inferred, it is suggested to describe an additional register stage after this function.  If the DSP48 was instantiated in the design, it is suggested to set the PREG attribute to 1.
Related violations: <none>

DPOP-1#6 Warning
PREG Output pipelining  
DSP k0/mm0/m4/ab__0 output k0/mm0/m4/ab__0/P[47:0] is not pipelined (PREG=0). Pipelining the DSP48 output will improve performance and often saves power so it is suggested whenever possible to fully pipeline this function.  If this DSP48 function was inferred, it is suggested to describe an additional register stage after this function.  If the DSP48 was instantiated in the design, it is suggested to set the PREG attribute to 1.
Related violations: <none>

DPOP-1#7 Warning
PREG Output pipelining  
DSP k0/mm0/m5/ab output k0/mm0/m5/ab/P[47:0] is not pipelined (PREG=0). Pipelining the DSP48 output will improve performance and often saves power so it is suggested whenever possible to fully pipeline this function.  If this DSP48 function was inferred, it is suggested to describe an additional register stage after this function.  If the DSP48 was instantiated in the design, it is suggested to set the PREG attribute to 1.
Related violations: <none>

DPOP-1#8 Warning
PREG Output pipelining  
DSP k0/mm0/m5/ab__0 output k0/mm0/m5/ab__0/P[47:0] is not pipelined (PREG=0). Pipelining the DSP48 output will improve performance and often saves power so it is suggested whenever possible to fully pipeline this function.  If this DSP48 function was inferred, it is suggested to describe an additional register stage after this function.  If the DSP48 was instantiated in the design, it is suggested to set the PREG attribute to 1.
Related violations: <none>

DPOP-1#9 Warning
PREG Output pipelining  
DSP k0/x_pred2 output k0/x_pred2/P[47:0] is not pipelined (PREG=0). Pipelining the DSP48 output will improve performance and often saves power so it is suggested whenever possible to fully pipeline this function.  If this DSP48 function was inferred, it is suggested to describe an additional register stage after this function.  If the DSP48 was instantiated in the design, it is suggested to set the PREG attribute to 1.
Related violations: <none>

DPOP-1#10 Warning
PREG Output pipelining  
DSP k0/x_pred2__0 output k0/x_pred2__0/P[47:0] is not pipelined (PREG=0). Pipelining the DSP48 output will improve performance and often saves power so it is suggested whenever possible to fully pipeline this function.  If this DSP48 function was inferred, it is suggested to describe an additional register stage after this function.  If the DSP48 was instantiated in the design, it is suggested to set the PREG attribute to 1.
Related violations: <none>

DPOP-2#1 Warning
MREG Output pipelining  
DSP k0/mm0/m0/ab multiplier stage k0/mm0/m0/ab/P[47:0] is not pipelined (MREG=0). Pipelining the multiplier function will improve performance and will save significant power so it is suggested whenever possible to fully pipeline this function.  If this multiplier was inferred, it is suggested to describe an additional register stage after this function.  If there is no registered adder/accumulator following the multiply function, two pipeline stages are suggested to allow both the MREG and PREG registers to be used.  If the DSP48 was instantiated in the design, it is suggested to set both the MREG and PREG attributes to 1 when performing multiply functions.
Related violations: <none>

DPOP-2#2 Warning
MREG Output pipelining  
DSP k0/mm0/m0/ab__0 multiplier stage k0/mm0/m0/ab__0/P[47:0] is not pipelined (MREG=0). Pipelining the multiplier function will improve performance and will save significant power so it is suggested whenever possible to fully pipeline this function.  If this multiplier was inferred, it is suggested to describe an additional register stage after this function.  If there is no registered adder/accumulator following the multiply function, two pipeline stages are suggested to allow both the MREG and PREG registers to be used.  If the DSP48 was instantiated in the design, it is suggested to set both the MREG and PREG attributes to 1 when performing multiply functions.
Related violations: <none>

DPOP-2#3 Warning
MREG Output pipelining  
DSP k0/mm0/m1/ab multiplier stage k0/mm0/m1/ab/P[47:0] is not pipelined (MREG=0). Pipelining the multiplier function will improve performance and will save significant power so it is suggested whenever possible to fully pipeline this function.  If this multiplier was inferred, it is suggested to describe an additional register stage after this function.  If there is no registered adder/accumulator following the multiply function, two pipeline stages are suggested to allow both the MREG and PREG registers to be used.  If the DSP48 was instantiated in the design, it is suggested to set both the MREG and PREG attributes to 1 when performing multiply functions.
Related violations: <none>

DPOP-2#4 Warning
MREG Output pipelining  
DSP k0/mm0/m1/ab__0 multiplier stage k0/mm0/m1/ab__0/P[47:0] is not pipelined (MREG=0). Pipelining the multiplier function will improve performance and will save significant power so it is suggested whenever possible to fully pipeline this function.  If this multiplier was inferred, it is suggested to describe an additional register stage after this function.  If there is no registered adder/accumulator following the multiply function, two pipeline stages are suggested to allow both the MREG and PREG registers to be used.  If the DSP48 was instantiated in the design, it is suggested to set both the MREG and PREG attributes to 1 when performing multiply functions.
Related violations: <none>

DPOP-2#5 Warning
MREG Output pipelining  
DSP k0/mm0/m4/ab multiplier stage k0/mm0/m4/ab/P[47:0] is not pipelined (MREG=0). Pipelining the multiplier function will improve performance and will save significant power so it is suggested whenever possible to fully pipeline this function.  If this multiplier was inferred, it is suggested to describe an additional register stage after this function.  If there is no registered adder/accumulator following the multiply function, two pipeline stages are suggested to allow both the MREG and PREG registers to be used.  If the DSP48 was instantiated in the design, it is suggested to set both the MREG and PREG attributes to 1 when performing multiply functions.
Related violations: <none>

DPOP-2#6 Warning
MREG Output pipelining  
DSP k0/mm0/m4/ab__0 multiplier stage k0/mm0/m4/ab__0/P[47:0] is not pipelined (MREG=0). Pipelining the multiplier function will improve performance and will save significant power so it is suggested whenever possible to fully pipeline this function.  If this multiplier was inferred, it is suggested to describe an additional register stage after this function.  If there is no registered adder/accumulator following the multiply function, two pipeline stages are suggested to allow both the MREG and PREG registers to be used.  If the DSP48 was instantiated in the design, it is suggested to set both the MREG and PREG attributes to 1 when performing multiply functions.
Related violations: <none>

DPOP-2#7 Warning
MREG Output pipelining  
DSP k0/mm0/m5/ab multiplier stage k0/mm0/m5/ab/P[47:0] is not pipelined (MREG=0). Pipelining the multiplier function will improve performance and will save significant power so it is suggested whenever possible to fully pipeline this function.  If this multiplier was inferred, it is suggested to describe an additional register stage after this function.  If there is no registered adder/accumulator following the multiply function, two pipeline stages are suggested to allow both the MREG and PREG registers to be used.  If the DSP48 was instantiated in the design, it is suggested to set both the MREG and PREG attributes to 1 when performing multiply functions.
Related violations: <none>

DPOP-2#8 Warning
MREG Output pipelining  
DSP k0/mm0/m5/ab__0 multiplier stage k0/mm0/m5/ab__0/P[47:0] is not pipelined (MREG=0). Pipelining the multiplier function will improve performance and will save significant power so it is suggested whenever possible to fully pipeline this function.  If this multiplier was inferred, it is suggested to describe an additional register stage after this function.  If there is no registered adder/accumulator following the multiply function, two pipeline stages are suggested to allow both the MREG and PREG registers to be used.  If the DSP48 was instantiated in the design, it is suggested to set both the MREG and PREG attributes to 1 when performing multiply functions.
Related violations: <none>

DPOP-2#9 Warning
MREG Output pipelining  
DSP k0/x_pred2 multiplier stage k0/x_pred2/P[47:0] is not pipelined (MREG=0). Pipelining the multiplier function will improve performance and will save significant power so it is suggested whenever possible to fully pipeline this function.  If this multiplier was inferred, it is suggested to describe an additional register stage after this function.  If there is no registered adder/accumulator following the multiply function, two pipeline stages are suggested to allow both the MREG and PREG registers to be used.  If the DSP48 was instantiated in the design, it is suggested to set both the MREG and PREG attributes to 1 when performing multiply functions.
Related violations: <none>

DPOP-2#10 Warning
MREG Output pipelining  
DSP k0/x_pred2__0 multiplier stage k0/x_pred2__0/P[47:0] is not pipelined (MREG=0). Pipelining the multiplier function will improve performance and will save significant power so it is suggested whenever possible to fully pipeline this function.  If this multiplier was inferred, it is suggested to describe an additional register stage after this function.  If there is no registered adder/accumulator following the multiply function, two pipeline stages are suggested to allow both the MREG and PREG registers to be used.  If the DSP48 was instantiated in the design, it is suggested to set both the MREG and PREG attributes to 1 when performing multiply functions.
Related violations: <none>

PDRC-153#1 Warning
Gated clock check  
Net k0/x_prev_reg[0]_LDC_i_1_n_0 is a gated clock net sourced by a combinational pin k0/x_prev_reg[0]_LDC_i_1/O, cell k0/x_prev_reg[0]_LDC_i_1. This is not good design practice and will likely impact performance. For SLICE registers, for example, use the CE pin to control the loading of data.
Related violations: <none>

PDRC-153#2 Warning
Gated clock check  
Net k0/x_prev_reg[10]_LDC_i_1_n_0 is a gated clock net sourced by a combinational pin k0/x_prev_reg[10]_LDC_i_1/O, cell k0/x_prev_reg[10]_LDC_i_1. This is not good design practice and will likely impact performance. For SLICE registers, for example, use the CE pin to control the loading of data.
Related violations: <none>

PDRC-153#3 Warning
Gated clock check  
Net k0/x_prev_reg[11]_LDC_i_1_n_0 is a gated clock net sourced by a combinational pin k0/x_prev_reg[11]_LDC_i_1/O, cell k0/x_prev_reg[11]_LDC_i_1. This is not good design practice and will likely impact performance. For SLICE registers, for example, use the CE pin to control the loading of data.
Related violations: <none>

PDRC-153#4 Warning
Gated clock check  
Net k0/x_prev_reg[12]_LDC_i_1_n_0 is a gated clock net sourced by a combinational pin k0/x_prev_reg[12]_LDC_i_1/O, cell k0/x_prev_reg[12]_LDC_i_1. This is not good design practice and will likely impact performance. For SLICE registers, for example, use the CE pin to control the loading of data.
Related violations: <none>

PDRC-153#5 Warning
Gated clock check  
Net k0/x_prev_reg[13]_LDC_i_1_n_0 is a gated clock net sourced by a combinational pin k0/x_prev_reg[13]_LDC_i_1/O, cell k0/x_prev_reg[13]_LDC_i_1. This is not good design practice and will likely impact performance. For SLICE registers, for example, use the CE pin to control the loading of data.
Related violations: <none>

PDRC-153#6 Warning
Gated clock check  
Net k0/x_prev_reg[14]_LDC_i_1_n_0 is a gated clock net sourced by a combinational pin k0/x_prev_reg[14]_LDC_i_1/O, cell k0/x_prev_reg[14]_LDC_i_1. This is not good design practice and will likely impact performance. For SLICE registers, for example, use the CE pin to control the loading of data.
Related violations: <none>

PDRC-153#7 Warning
Gated clock check  
Net k0/x_prev_reg[15]_LDC_i_1_n_0 is a gated clock net sourced by a combinational pin k0/x_prev_reg[15]_LDC_i_1/O, cell k0/x_prev_reg[15]_LDC_i_1. This is not good design practice and will likely impact performance. For SLICE registers, for example, use the CE pin to control the loading of data.
Related violations: <none>

PDRC-153#8 Warning
Gated clock check  
Net k0/x_prev_reg[16]_LDC_i_1_n_0 is a gated clock net sourced by a combinational pin k0/x_prev_reg[16]_LDC_i_1/O, cell k0/x_prev_reg[16]_LDC_i_1. This is not good design practice and will likely impact performance. For SLICE registers, for example, use the CE pin to control the loading of data.
Related violations: <none>

PDRC-153#9 Warning
Gated clock check  
Net k0/x_prev_reg[17]_LDC_i_1_n_0 is a gated clock net sourced by a combinational pin k0/x_prev_reg[17]_LDC_i_1/O, cell k0/x_prev_reg[17]_LDC_i_1. This is not good design practice and will likely impact performance. For SLICE registers, for example, use the CE pin to control the loading of data.
Related violations: <none>

PDRC-153#10 Warning
Gated clock check  
Net k0/x_prev_reg[18]_LDC_i_1_n_0 is a gated clock net sourced by a combinational pin k0/x_prev_reg[18]_LDC_i_1/O, cell k0/x_prev_reg[18]_LDC_i_1. This is not good design practice and will likely impact performance. For SLICE registers, for example, use the CE pin to control the loading of data.
Related violations: <none>

PDRC-153#11 Warning
Gated clock check  
Net k0/x_prev_reg[19]_LDC_i_1_n_0 is a gated clock net sourced by a combinational pin k0/x_prev_reg[19]_LDC_i_1/O, cell k0/x_prev_reg[19]_LDC_i_1. This is not good design practice and will likely impact performance. For SLICE registers, for example, use the CE pin to control the loading of data.
Related violations: <none>

PDRC-153#12 Warning
Gated clock check  
Net k0/x_prev_reg[1]_LDC_i_1_n_0 is a gated clock net sourced by a combinational pin k0/x_prev_reg[1]_LDC_i_1/O, cell k0/x_prev_reg[1]_LDC_i_1. This is not good design practice and will likely impact performance. For SLICE registers, for example, use the CE pin to control the loading of data.
Related violations: <none>

PDRC-153#13 Warning
Gated clock check  
Net k0/x_prev_reg[20]_LDC_i_1_n_0 is a gated clock net sourced by a combinational pin k0/x_prev_reg[20]_LDC_i_1/O, cell k0/x_prev_reg[20]_LDC_i_1. This is not good design practice and will likely impact performance. For SLICE registers, for example, use the CE pin to control the loading of data.
Related violations: <none>

PDRC-153#14 Warning
Gated clock check  
Net k0/x_prev_reg[21]_LDC_i_1_n_0 is a gated clock net sourced by a combinational pin k0/x_prev_reg[21]_LDC_i_1/O, cell k0/x_prev_reg[21]_LDC_i_1. This is not good design practice and will likely impact performance. For SLICE registers, for example, use the CE pin to control the loading of data.
Related violations: <none>

PDRC-153#15 Warning
Gated clock check  
Net k0/x_prev_reg[22]_LDC_i_1_n_0 is a gated clock net sourced by a combinational pin k0/x_prev_reg[22]_LDC_i_1/O, cell k0/x_prev_reg[22]_LDC_i_1. This is not good design practice and will likely impact performance. For SLICE registers, for example, use the CE pin to control the loading of data.
Related violations: <none>

PDRC-153#16 Warning
Gated clock check  
Net k0/x_prev_reg[23]_LDC_i_1_n_0 is a gated clock net sourced by a combinational pin k0/x_prev_reg[23]_LDC_i_1/O, cell k0/x_prev_reg[23]_LDC_i_1. This is not good design practice and will likely impact performance. For SLICE registers, for example, use the CE pin to control the loading of data.
Related violations: <none>

PDRC-153#17 Warning
Gated clock check  
Net k0/x_prev_reg[24]_LDC_i_1_n_0 is a gated clock net sourced by a combinational pin k0/x_prev_reg[24]_LDC_i_1/O, cell k0/x_prev_reg[24]_LDC_i_1. This is not good design practice and will likely impact performance. For SLICE registers, for example, use the CE pin to control the loading of data.
Related violations: <none>

PDRC-153#18 Warning
Gated clock check  
Net k0/x_prev_reg[25]_LDC_i_1_n_0 is a gated clock net sourced by a combinational pin k0/x_prev_reg[25]_LDC_i_1/O, cell k0/x_prev_reg[25]_LDC_i_1. This is not good design practice and will likely impact performance. For SLICE registers, for example, use the CE pin to control the loading of data.
Related violations: <none>

PDRC-153#19 Warning
Gated clock check  
Net k0/x_prev_reg[26]_LDC_i_1_n_0 is a gated clock net sourced by a combinational pin k0/x_prev_reg[26]_LDC_i_1/O, cell k0/x_prev_reg[26]_LDC_i_1. This is not good design practice and will likely impact performance. For SLICE registers, for example, use the CE pin to control the loading of data.
Related violations: <none>

PDRC-153#20 Warning
Gated clock check  
Net k0/x_prev_reg[27]_LDC_i_1_n_0 is a gated clock net sourced by a combinational pin k0/x_prev_reg[27]_LDC_i_1/O, cell k0/x_prev_reg[27]_LDC_i_1. This is not good design practice and will likely impact performance. For SLICE registers, for example, use the CE pin to control the loading of data.
Related violations: <none>

PDRC-153#21 Warning
Gated clock check  
Net k0/x_prev_reg[28]_LDC_i_1_n_0 is a gated clock net sourced by a combinational pin k0/x_prev_reg[28]_LDC_i_1/O, cell k0/x_prev_reg[28]_LDC_i_1. This is not good design practice and will likely impact performance. For SLICE registers, for example, use the CE pin to control the loading of data.
Related violations: <none>

PDRC-153#22 Warning
Gated clock check  
Net k0/x_prev_reg[29]_LDC_i_1_n_0 is a gated clock net sourced by a combinational pin k0/x_prev_reg[29]_LDC_i_1/O, cell k0/x_prev_reg[29]_LDC_i_1. This is not good design practice and will likely impact performance. For SLICE registers, for example, use the CE pin to control the loading of data.
Related violations: <none>

PDRC-153#23 Warning
Gated clock check  
Net k0/x_prev_reg[2]_LDC_i_1_n_0 is a gated clock net sourced by a combinational pin k0/x_prev_reg[2]_LDC_i_1/O, cell k0/x_prev_reg[2]_LDC_i_1. This is not good design practice and will likely impact performance. For SLICE registers, for example, use the CE pin to control the loading of data.
Related violations: <none>

PDRC-153#24 Warning
Gated clock check  
Net k0/x_prev_reg[30]_LDC_i_1_n_0 is a gated clock net sourced by a combinational pin k0/x_prev_reg[30]_LDC_i_1/O, cell k0/x_prev_reg[30]_LDC_i_1. This is not good design practice and will likely impact performance. For SLICE registers, for example, use the CE pin to control the loading of data.
Related violations: <none>

PDRC-153#25 Warning
Gated clock check  
Net k0/x_prev_reg[31]_LDC_i_1_n_0 is a gated clock net sourced by a combinational pin k0/x_prev_reg[31]_LDC_i_1/O, cell k0/x_prev_reg[31]_LDC_i_1. This is not good design practice and will likely impact performance. For SLICE registers, for example, use the CE pin to control the loading of data.
Related violations: <none>

PDRC-153#26 Warning
Gated clock check  
Net k0/x_prev_reg[3]_LDC_i_1_n_0 is a gated clock net sourced by a combinational pin k0/x_prev_reg[3]_LDC_i_1/O, cell k0/x_prev_reg[3]_LDC_i_1. This is not good design practice and will likely impact performance. For SLICE registers, for example, use the CE pin to control the loading of data.
Related violations: <none>

PDRC-153#27 Warning
Gated clock check  
Net k0/x_prev_reg[4]_LDC_i_1_n_0 is a gated clock net sourced by a combinational pin k0/x_prev_reg[4]_LDC_i_1/O, cell k0/x_prev_reg[4]_LDC_i_1. This is not good design practice and will likely impact performance. For SLICE registers, for example, use the CE pin to control the loading of data.
Related violations: <none>

PDRC-153#28 Warning
Gated clock check  
Net k0/x_prev_reg[5]_LDC_i_1_n_0 is a gated clock net sourced by a combinational pin k0/x_prev_reg[5]_LDC_i_1/O, cell k0/x_prev_reg[5]_LDC_i_1. This is not good design practice and will likely impact performance. For SLICE registers, for example, use the CE pin to control the loading of data.
Related violations: <none>

PDRC-153#29 Warning
Gated clock check  
Net k0/x_prev_reg[6]_LDC_i_1_n_0 is a gated clock net sourced by a combinational pin k0/x_prev_reg[6]_LDC_i_1/O, cell k0/x_prev_reg[6]_LDC_i_1. This is not good design practice and will likely impact performance. For SLICE registers, for example, use the CE pin to control the loading of data.
Related violations: <none>

PDRC-153#30 Warning
Gated clock check  
Net k0/x_prev_reg[7]_LDC_i_1_n_0 is a gated clock net sourced by a combinational pin k0/x_prev_reg[7]_LDC_i_1/O, cell k0/x_prev_reg[7]_LDC_i_1. This is not good design practice and will likely impact performance. For SLICE registers, for example, use the CE pin to control the loading of data.
Related violations: <none>

PDRC-153#31 Warning
Gated clock check  
Net k0/x_prev_reg[8]_LDC_i_1_n_0 is a gated clock net sourced by a combinational pin k0/x_prev_reg[8]_LDC_i_1/O, cell k0/x_prev_reg[8]_LDC_i_1. This is not good design practice and will likely impact performance. For SLICE registers, for example, use the CE pin to control the loading of data.
Related violations: <none>

PDRC-153#32 Warning
Gated clock check  
Net k0/x_prev_reg[9]_LDC_i_1_n_0 is a gated clock net sourced by a combinational pin k0/x_prev_reg[9]_LDC_i_1/O, cell k0/x_prev_reg[9]_LDC_i_1. This is not good design practice and will likely impact performance. For SLICE registers, for example, use the CE pin to control the loading of data.
Related violations: <none>


