Copyright 1986-2022 Xilinx, Inc. All Rights Reserved. Copyright 2022-2023 Advanced Micro Devices, Inc. All Rights Reserved.
---------------------------------------------------------------------------------------------------------------------------------------------
| Tool Version : Vivado v.2023.1 (lin64) Build 3865809 Sun May  7 15:04:56 MDT 2023
| Date         : Thu Nov  6 22:34:25 2025
| Host         : n01-zeus.olympus.ece.tamu.edu running 64-bit Red Hat Enterprise Linux release 8.10 (Ootpa)
| Command      : report_control_sets -verbose -file top_kalman_control_sets_placed.rpt
| Design       : top_kalman
| Device       : xc7z020
---------------------------------------------------------------------------------------------------------------------------------------------

Control Set Information

Table of Contents
-----------------
1. Summary
2. Histogram
3. Flip-Flop Distribution
4. Detailed Control Set Information

1. Summary
----------

+----------------------------------------------------------+-------+
|                          Status                          | Count |
+----------------------------------------------------------+-------+
| Total control sets                                       |   158 |
|    Minimum number of control sets                        |   158 |
|    Addition due to synthesis replication                 |     0 |
|    Addition due to physical synthesis replication        |     0 |
| Unused register locations in slices containing registers |   794 |
+----------------------------------------------------------+-------+
* Control sets can be merged at opt_design using control_set_merge or merge_equivalent_drivers
** Run report_qor_suggestions for automated merging and remapping suggestions


2. Histogram
------------

+--------------------+-------+
|       Fanout       | Count |
+--------------------+-------+
| Total control sets |   158 |
| >= 0 to < 4        |    98 |
| >= 4 to < 6        |    12 |
| >= 6 to < 8        |     3 |
| >= 8 to < 10       |    16 |
| >= 10 to < 12      |     1 |
| >= 12 to < 14      |     1 |
| >= 14 to < 16      |     3 |
| >= 16              |    24 |
+--------------------+-------+
* Control sets can be remapped at either synth_design or opt_design


3. Flip-Flop Distribution
-------------------------

+--------------+-----------------------+------------------------+-----------------+--------------+
| Clock Enable | Synchronous Set/Reset | Asynchronous Set/Reset | Total Registers | Total Slices |
+--------------+-----------------------+------------------------+-----------------+--------------+
| No           | No                    | No                     |             139 |           44 |
| No           | No                    | Yes                    |               4 |            2 |
| No           | Yes                   | No                     |              72 |           47 |
| Yes          | No                    | No                     |             349 |           78 |
| Yes          | No                    | Yes                    |             238 |          119 |
| Yes          | Yes                   | No                     |             412 |          123 |
+--------------+-----------------------+------------------------+-----------------+--------------+


4. Detailed Control Set Information
-----------------------------------

+----------------------------------------------------------+----------------------------------------------------------------------------------------------------------------------------------------------------------------------------------+----------------------------------------------------------------------------------------------------------------------------------------------------+------------------+----------------+--------------+
|                       Clock Signal                       |                                                                                   Enable Signal                                                                                  |                                                                  Set/Reset Signal                                                                  | Slice Load Count | Bel Load Count | Bels / Slice |
+----------------------------------------------------------+----------------------------------------------------------------------------------------------------------------------------------------------------------------------------------+----------------------------------------------------------------------------------------------------------------------------------------------------+------------------+----------------+--------------+
|  k0/x_prev_reg[6]_LDC_i_1_n_0                            |                                                                                                                                                                                  | k0/x_prev_reg[6]_LDC_i_2_n_0                                                                                                                       |                1 |              1 |         1.00 |
|  clk2_BUFG                                               | k0/x_prev                                                                                                                                                                        | k0/x_prev_reg[0]_LDC_i_2_n_0                                                                                                                       |                1 |              1 |         1.00 |
|  clk2_BUFG                                               | k0/x_prev                                                                                                                                                                        | k0/x_prev_reg[0]_LDC_i_1_n_0                                                                                                                       |                1 |              1 |         1.00 |
|  clk2_BUFG                                               | k0/x_prev                                                                                                                                                                        | k0/x_prev_reg[22]_LDC_i_2_n_0                                                                                                                      |                1 |              1 |         1.00 |
|  clk2_BUFG                                               | k0/x_prev                                                                                                                                                                        | k0/x_prev_reg[23]_LDC_i_1_n_0                                                                                                                      |                1 |              1 |         1.00 |
|  clk2_BUFG                                               | k0/x_prev                                                                                                                                                                        | k0/x_prev_reg[23]_LDC_i_2_n_0                                                                                                                      |                1 |              1 |         1.00 |
|  clk2_BUFG                                               | k0/x_prev                                                                                                                                                                        | k0/x_prev_reg[24]_LDC_i_1_n_0                                                                                                                      |                1 |              1 |         1.00 |
|  clk2_BUFG                                               | k0/x_prev                                                                                                                                                                        | k0/x_prev_reg[24]_LDC_i_2_n_0                                                                                                                      |                1 |              1 |         1.00 |
|  clk2_BUFG                                               | k0/x_prev                                                                                                                                                                        | k0/x_prev_reg[25]_LDC_i_1_n_0                                                                                                                      |                1 |              1 |         1.00 |
|  clk2_BUFG                                               | k0/x_prev                                                                                                                                                                        | k0/x_prev_reg[25]_LDC_i_2_n_0                                                                                                                      |                1 |              1 |         1.00 |
|  clk2_BUFG                                               | k0/x_prev                                                                                                                                                                        | k0/x_prev_reg[26]_LDC_i_1_n_0                                                                                                                      |                1 |              1 |         1.00 |
|  k0/x_prev_reg[9]_LDC_i_1_n_0                            |                                                                                                                                                                                  | k0/x_prev_reg[9]_LDC_i_2_n_0                                                                                                                       |                1 |              1 |         1.00 |
|  k0/x_prev_reg[8]_LDC_i_1_n_0                            |                                                                                                                                                                                  | k0/x_prev_reg[8]_LDC_i_2_n_0                                                                                                                       |                1 |              1 |         1.00 |
|  k0/x_prev_reg[7]_LDC_i_1_n_0                            |                                                                                                                                                                                  | k0/x_prev_reg[7]_LDC_i_2_n_0                                                                                                                       |                1 |              1 |         1.00 |
|  clk2_BUFG                                               | k0/x_prev                                                                                                                                                                        | k0/x_prev_reg[10]_LDC_i_1_n_0                                                                                                                      |                1 |              1 |         1.00 |
|  k0/x_prev_reg[5]_LDC_i_1_n_0                            |                                                                                                                                                                                  | k0/x_prev_reg[5]_LDC_i_2_n_0                                                                                                                       |                1 |              1 |         1.00 |
|  k0/x_prev_reg[4]_LDC_i_1_n_0                            |                                                                                                                                                                                  | k0/x_prev_reg[4]_LDC_i_2_n_0                                                                                                                       |                1 |              1 |         1.00 |
|  k0/x_prev_reg[3]_LDC_i_1_n_0                            |                                                                                                                                                                                  | k0/x_prev_reg[3]_LDC_i_2_n_0                                                                                                                       |                1 |              1 |         1.00 |
|  k0/x_prev_reg[31]_LDC_i_1_n_0                           |                                                                                                                                                                                  | k0/x_prev_reg[31]_LDC_i_2_n_0                                                                                                                      |                1 |              1 |         1.00 |
|  k0/x_prev_reg[30]_LDC_i_1_n_0                           |                                                                                                                                                                                  | k0/x_prev_reg[30]_LDC_i_2_n_0                                                                                                                      |                1 |              1 |         1.00 |
|  k0/x_prev_reg[2]_LDC_i_1_n_0                            |                                                                                                                                                                                  | k0/x_prev_reg[2]_LDC_i_2_n_0                                                                                                                       |                1 |              1 |         1.00 |
|  k0/x_prev_reg[29]_LDC_i_1_n_0                           |                                                                                                                                                                                  | k0/x_prev_reg[29]_LDC_i_2_n_0                                                                                                                      |                1 |              1 |         1.00 |
|  k0/x_prev_reg[28]_LDC_i_1_n_0                           |                                                                                                                                                                                  | k0/x_prev_reg[28]_LDC_i_2_n_0                                                                                                                      |                1 |              1 |         1.00 |
|  k0/x_prev_reg[27]_LDC_i_1_n_0                           |                                                                                                                                                                                  | k0/x_prev_reg[27]_LDC_i_2_n_0                                                                                                                      |                1 |              1 |         1.00 |
|  k0/x_prev_reg[26]_LDC_i_1_n_0                           |                                                                                                                                                                                  | k0/x_prev_reg[26]_LDC_i_2_n_0                                                                                                                      |                1 |              1 |         1.00 |
|  k0/x_prev_reg[24]_LDC_i_1_n_0                           |                                                                                                                                                                                  | k0/x_prev_reg[24]_LDC_i_2_n_0                                                                                                                      |                1 |              1 |         1.00 |
|  k0/x_prev_reg[23]_LDC_i_1_n_0                           |                                                                                                                                                                                  | k0/x_prev_reg[23]_LDC_i_2_n_0                                                                                                                      |                1 |              1 |         1.00 |
|  clk2_BUFG                                               | k0/x_prev                                                                                                                                                                        | k0/x_prev_reg[16]_LDC_i_2_n_0                                                                                                                      |                1 |              1 |         1.00 |
|  clk2_BUFG                                               | k0/x_prev                                                                                                                                                                        | k0/x_prev_reg[22]_LDC_i_1_n_0                                                                                                                      |                1 |              1 |         1.00 |
|  clk2_BUFG                                               | k0/x_prev                                                                                                                                                                        | k0/x_prev_reg[21]_LDC_i_2_n_0                                                                                                                      |                1 |              1 |         1.00 |
|  clk2_BUFG                                               | k0/x_prev                                                                                                                                                                        | k0/x_prev_reg[21]_LDC_i_1_n_0                                                                                                                      |                1 |              1 |         1.00 |
|  clk2_BUFG                                               | k0/x_prev                                                                                                                                                                        | k0/x_prev_reg[20]_LDC_i_2_n_0                                                                                                                      |                1 |              1 |         1.00 |
|  clk2_BUFG                                               | k0/x_prev                                                                                                                                                                        | k0/x_prev_reg[20]_LDC_i_1_n_0                                                                                                                      |                1 |              1 |         1.00 |
|  clk2_BUFG                                               | k0/x_prev                                                                                                                                                                        | k0/x_prev_reg[1]_LDC_i_2_n_0                                                                                                                       |                1 |              1 |         1.00 |
|  clk2_BUFG                                               | k0/x_prev                                                                                                                                                                        | k0/x_prev_reg[1]_LDC_i_1_n_0                                                                                                                       |                1 |              1 |         1.00 |
|  clk2_BUFG                                               | k0/x_prev                                                                                                                                                                        | k0/x_prev_reg[19]_LDC_i_2_n_0                                                                                                                      |                1 |              1 |         1.00 |
|  clk2_BUFG                                               | k0/x_prev                                                                                                                                                                        | k0/x_prev_reg[19]_LDC_i_1_n_0                                                                                                                      |                1 |              1 |         1.00 |
|  clk2_BUFG                                               | k0/x_prev                                                                                                                                                                        | k0/x_prev_reg[18]_LDC_i_2_n_0                                                                                                                      |                1 |              1 |         1.00 |
|  clk2_BUFG                                               | k0/x_prev                                                                                                                                                                        | k0/x_prev_reg[18]_LDC_i_1_n_0                                                                                                                      |                1 |              1 |         1.00 |
|  clk2_BUFG                                               | k0/x_prev                                                                                                                                                                        | k0/x_prev_reg[17]_LDC_i_2_n_0                                                                                                                      |                1 |              1 |         1.00 |
|  clk2_BUFG                                               | k0/x_prev                                                                                                                                                                        | k0/x_prev_reg[17]_LDC_i_1_n_0                                                                                                                      |                1 |              1 |         1.00 |
|  k0/x_prev_reg[25]_LDC_i_1_n_0                           |                                                                                                                                                                                  | k0/x_prev_reg[25]_LDC_i_2_n_0                                                                                                                      |                1 |              1 |         1.00 |
|  clk2_BUFG                                               | k0/x_prev                                                                                                                                                                        | k0/x_prev_reg[16]_LDC_i_1_n_0                                                                                                                      |                1 |              1 |         1.00 |
|  clk2_BUFG                                               | k0/x_prev                                                                                                                                                                        | k0/x_prev_reg[15]_LDC_i_2_n_0                                                                                                                      |                1 |              1 |         1.00 |
|  clk2_BUFG                                               | k0/x_prev                                                                                                                                                                        | k0/x_prev_reg[15]_LDC_i_1_n_0                                                                                                                      |                1 |              1 |         1.00 |
|  clk2_BUFG                                               | k0/x_prev                                                                                                                                                                        | k0/x_prev_reg[14]_LDC_i_2_n_0                                                                                                                      |                1 |              1 |         1.00 |
|  clk2_BUFG                                               | k0/x_prev                                                                                                                                                                        | k0/x_prev_reg[14]_LDC_i_1_n_0                                                                                                                      |                1 |              1 |         1.00 |
|  clk2_BUFG                                               | k0/x_prev                                                                                                                                                                        | k0/x_prev_reg[13]_LDC_i_2_n_0                                                                                                                      |                1 |              1 |         1.00 |
|  clk2_BUFG                                               | k0/x_prev                                                                                                                                                                        | k0/x_prev_reg[13]_LDC_i_1_n_0                                                                                                                      |                1 |              1 |         1.00 |
|  clk2_BUFG                                               | k0/x_prev                                                                                                                                                                        | k0/x_prev_reg[12]_LDC_i_2_n_0                                                                                                                      |                1 |              1 |         1.00 |
|  clk2_BUFG                                               | k0/x_prev                                                                                                                                                                        | k0/x_prev_reg[12]_LDC_i_1_n_0                                                                                                                      |                1 |              1 |         1.00 |
|  clk2_BUFG                                               | k0/x_prev                                                                                                                                                                        | k0/x_prev_reg[11]_LDC_i_2_n_0                                                                                                                      |                1 |              1 |         1.00 |
|  clk2_BUFG                                               | k0/x_prev                                                                                                                                                                        | k0/x_prev_reg[11]_LDC_i_1_n_0                                                                                                                      |                1 |              1 |         1.00 |
|  clk2_BUFG                                               | k0/x_prev                                                                                                                                                                        | k0/x_prev_reg[10]_LDC_i_2_n_0                                                                                                                      |                1 |              1 |         1.00 |
|  clk2_BUFG                                               | k0/x_prev                                                                                                                                                                        | k0/x_prev_reg[4]_LDC_i_1_n_0                                                                                                                       |                1 |              1 |         1.00 |
|  clk2_BUFG                                               | k0/x_prev                                                                                                                                                                        | k0/x_prev_reg[28]_LDC_i_2_n_0                                                                                                                      |                1 |              1 |         1.00 |
|  clk2_BUFG                                               | k0/x_prev                                                                                                                                                                        | k0/x_prev_reg[29]_LDC_i_1_n_0                                                                                                                      |                1 |              1 |         1.00 |
|  clk2_BUFG                                               | k0/x_prev                                                                                                                                                                        | k0/x_prev_reg[29]_LDC_i_2_n_0                                                                                                                      |                1 |              1 |         1.00 |
|  clk2_BUFG                                               | k0/x_prev                                                                                                                                                                        | k0/x_prev_reg[2]_LDC_i_1_n_0                                                                                                                       |                1 |              1 |         1.00 |
|  clk2_BUFG                                               | k0/x_prev                                                                                                                                                                        | k0/x_prev_reg[2]_LDC_i_2_n_0                                                                                                                       |                1 |              1 |         1.00 |
|  clk2_BUFG                                               | k0/x_prev                                                                                                                                                                        | k0/x_prev_reg[30]_LDC_i_1_n_0                                                                                                                      |                1 |              1 |         1.00 |
|  clk2_BUFG                                               | k0/x_prev                                                                                                                                                                        | k0/x_prev_reg[30]_LDC_i_2_n_0                                                                                                                      |                1 |              1 |         1.00 |
|  clk2_BUFG                                               | k0/x_prev                                                                                                                                                                        | k0/x_prev_reg[31]_LDC_i_1_n_0                                                                                                                      |                1 |              1 |         1.00 |
|  clk2_BUFG                                               | k0/x_prev                                                                                                                                                                        | k0/x_prev_reg[31]_LDC_i_2_n_0                                                                                                                      |                1 |              1 |         1.00 |
|  clk2_BUFG                                               | k0/x_prev                                                                                                                                                                        | k0/x_prev_reg[3]_LDC_i_1_n_0                                                                                                                       |                1 |              1 |         1.00 |
|  clk2_BUFG                                               | k0/x_prev                                                                                                                                                                        | k0/x_prev_reg[3]_LDC_i_2_n_0                                                                                                                       |                1 |              1 |         1.00 |
|  k0/x_prev_reg[21]_LDC_i_1_n_0                           |                                                                                                                                                                                  | k0/x_prev_reg[21]_LDC_i_2_n_0                                                                                                                      |                1 |              1 |         1.00 |
|  clk2_BUFG                                               | k0/x_prev                                                                                                                                                                        | k0/x_prev_reg[4]_LDC_i_2_n_0                                                                                                                       |                1 |              1 |         1.00 |
|  clk2_BUFG                                               | k0/x_prev                                                                                                                                                                        | k0/x_prev_reg[5]_LDC_i_1_n_0                                                                                                                       |                1 |              1 |         1.00 |
|  clk2_BUFG                                               | k0/x_prev                                                                                                                                                                        | k0/x_prev_reg[5]_LDC_i_2_n_0                                                                                                                       |                1 |              1 |         1.00 |
|  clk2_BUFG                                               | k0/x_prev                                                                                                                                                                        | k0/x_prev_reg[6]_LDC_i_1_n_0                                                                                                                       |                1 |              1 |         1.00 |
|  clk2_BUFG                                               | k0/x_prev                                                                                                                                                                        | k0/x_prev_reg[6]_LDC_i_2_n_0                                                                                                                       |                1 |              1 |         1.00 |
|  clk2_BUFG                                               | k0/x_prev                                                                                                                                                                        | k0/x_prev_reg[7]_LDC_i_1_n_0                                                                                                                       |                1 |              1 |         1.00 |
|  clk2_BUFG                                               | k0/x_prev                                                                                                                                                                        | k0/x_prev_reg[7]_LDC_i_2_n_0                                                                                                                       |                1 |              1 |         1.00 |
|  clk2_BUFG                                               | k0/x_prev                                                                                                                                                                        | k0/x_prev_reg[8]_LDC_i_1_n_0                                                                                                                       |                1 |              1 |         1.00 |
|  clk2_BUFG                                               | k0/x_prev                                                                                                                                                                        | k0/x_prev_reg[8]_LDC_i_2_n_0                                                                                                                       |                1 |              1 |         1.00 |
|  clk2_BUFG                                               | k0/x_prev                                                                                                                                                                        | k0/x_prev_reg[9]_LDC_i_1_n_0                                                                                                                       |                1 |              1 |         1.00 |
|  clk2_BUFG                                               | k0/x_prev                                                                                                                                                                        | k0/x_prev_reg[9]_LDC_i_2_n_0                                                                                                                       |                1 |              1 |         1.00 |
|  clk2_BUFG                                               | k0/x_prev                                                                                                                                                                        | k0/x_prev_reg[26]_LDC_i_2_n_0                                                                                                                      |                1 |              1 |         1.00 |
|  k0/x_prev_reg[15]_LDC_i_1_n_0                           |                                                                                                                                                                                  | k0/x_prev_reg[15]_LDC_i_2_n_0                                                                                                                      |                1 |              1 |         1.00 |
|  k0/x_prev_reg[16]_LDC_i_1_n_0                           |                                                                                                                                                                                  | k0/x_prev_reg[16]_LDC_i_2_n_0                                                                                                                      |                1 |              1 |         1.00 |
|  k0/x_prev_reg[14]_LDC_i_1_n_0                           |                                                                                                                                                                                  | k0/x_prev_reg[14]_LDC_i_2_n_0                                                                                                                      |                1 |              1 |         1.00 |
|  k0/x_prev_reg[13]_LDC_i_1_n_0                           |                                                                                                                                                                                  | k0/x_prev_reg[13]_LDC_i_2_n_0                                                                                                                      |                1 |              1 |         1.00 |
|  k0/x_prev_reg[12]_LDC_i_1_n_0                           |                                                                                                                                                                                  | k0/x_prev_reg[12]_LDC_i_2_n_0                                                                                                                      |                1 |              1 |         1.00 |
|  k0/x_prev_reg[11]_LDC_i_1_n_0                           |                                                                                                                                                                                  | k0/x_prev_reg[11]_LDC_i_2_n_0                                                                                                                      |                1 |              1 |         1.00 |
|  k0/x_prev_reg[10]_LDC_i_1_n_0                           |                                                                                                                                                                                  | k0/x_prev_reg[10]_LDC_i_2_n_0                                                                                                                      |                1 |              1 |         1.00 |
|  k0/x_prev_reg[0]_LDC_i_1_n_0                            |                                                                                                                                                                                  | k0/x_prev_reg[0]_LDC_i_2_n_0                                                                                                                       |                1 |              1 |         1.00 |
|  k0/x_prev_reg[17]_LDC_i_1_n_0                           |                                                                                                                                                                                  | k0/x_prev_reg[17]_LDC_i_2_n_0                                                                                                                      |                1 |              1 |         1.00 |
|  k0/x_prev_reg[18]_LDC_i_1_n_0                           |                                                                                                                                                                                  | k0/x_prev_reg[18]_LDC_i_2_n_0                                                                                                                      |                1 |              1 |         1.00 |
|  clk2_BUFG                                               | k0/x_prev                                                                                                                                                                        | k0/x_prev_reg[27]_LDC_i_1_n_0                                                                                                                      |                1 |              1 |         1.00 |
|  k0/x_prev_reg[19]_LDC_i_1_n_0                           |                                                                                                                                                                                  | k0/x_prev_reg[19]_LDC_i_2_n_0                                                                                                                      |                1 |              1 |         1.00 |
|  k0/x_prev_reg[1]_LDC_i_1_n_0                            |                                                                                                                                                                                  | k0/x_prev_reg[1]_LDC_i_2_n_0                                                                                                                       |                1 |              1 |         1.00 |
|  clk2_BUFG                                               | k0/x_prev                                                                                                                                                                        | k0/x_prev_reg[27]_LDC_i_2_n_0                                                                                                                      |                1 |              1 |         1.00 |
|  clk2_BUFG                                               | k0/x_prev                                                                                                                                                                        | k0/x_prev_reg[28]_LDC_i_1_n_0                                                                                                                      |                1 |              1 |         1.00 |
|  k0/x_prev_reg[20]_LDC_i_1_n_0                           |                                                                                                                                                                                  | k0/x_prev_reg[20]_LDC_i_2_n_0                                                                                                                      |                1 |              1 |         1.00 |
|  k0/x_prev_reg[22]_LDC_i_1_n_0                           |                                                                                                                                                                                  | k0/x_prev_reg[22]_LDC_i_2_n_0                                                                                                                      |                1 |              1 |         1.00 |
|  mw0/datatrans_sys_i/processing_system7_0/inst/FCLK_CLK0 | mw0/datatrans_sys_i/processing_system7_0_axi_periph/s00_couplers/auto_pc/inst/gen_axilite.gen_b2s_conv.axilite_b2s/WR.b_channel_0/bid_fifo_0/bresp_push                          |                                                                                                                                                    |                1 |              2 |         2.00 |
|  clk2_BUFG                                               | mw0/slv_reg0_reg[0]_0                                                                                                                                                            | mw0/state_reg[0]                                                                                                                                   |                1 |              2 |         2.00 |
|  clk2_BUFG                                               | state[3]_i_1_n_0                                                                                                                                                                 | mw0/datatrans_sys_i/trans_0/inst/trans_v1_0_S00_AXI_inst/memctl                                                                                    |                1 |              4 |         4.00 |
|  mw0/datatrans_sys_i/processing_system7_0/inst/FCLK_CLK0 |                                                                                                                                                                                  | mw0/datatrans_sys_i/rst_processing_system7_0_100M/U0/EXT_LPF/lpf_int                                                                               |                1 |              4 |         4.00 |
|  mw0/datatrans_sys_i/processing_system7_0/inst/FCLK_CLK0 | mw0/datatrans_sys_i/processing_system7_0_axi_periph/s00_couplers/auto_pc/inst/gen_axilite.gen_b2s_conv.axilite_b2s/WR.aw_channel_0/aw_cmd_fsm_0/sel_first_reg[0]                 |                                                                                                                                                    |                1 |              4 |         4.00 |
|  mw0/datatrans_sys_i/processing_system7_0/inst/FCLK_CLK0 | mw0/datatrans_sys_i/processing_system7_0_axi_periph/s00_couplers/auto_pc/inst/gen_axilite.gen_b2s_conv.axilite_b2s/WR.aw_channel_0/aw_cmd_fsm_0/FSM_sequential_state_reg[1]_3[0] |                                                                                                                                                    |                2 |              4 |         2.00 |
|  mw0/datatrans_sys_i/processing_system7_0/inst/FCLK_CLK0 | mw0/datatrans_sys_i/processing_system7_0_axi_periph/s00_couplers/auto_pc/inst/gen_axilite.gen_b2s_conv.axilite_b2s/RD.ar_channel_0/ar_cmd_fsm_0/FSM_sequential_state_reg[1]_0[0] |                                                                                                                                                    |                1 |              4 |         4.00 |
|  mw0/datatrans_sys_i/processing_system7_0/inst/FCLK_CLK0 | mw0/datatrans_sys_i/processing_system7_0_axi_periph/s00_couplers/auto_pc/inst/gen_axilite.gen_b2s_conv.axilite_b2s/RD.ar_channel_0/ar_cmd_fsm_0/sel_first_reg[0]                 |                                                                                                                                                    |                1 |              4 |         4.00 |
|  clk2_BUFG                                               |                                                                                                                                                                                  | k0/FSM_sequential_state[1]_i_2_n_0                                                                                                                 |                2 |              4 |         2.00 |
|  clk2_BUFG                                               | k0/cycle_count                                                                                                                                                                   | k0/FSM_sequential_state[1]_i_2_n_0                                                                                                                 |                1 |              4 |         4.00 |
|  clk2_BUFG                                               | mw0/state_reg[2]_0                                                                                                                                                               | mw0/state_reg[1]                                                                                                                                   |                2 |              4 |         2.00 |
|  mw0/datatrans_sys_i/processing_system7_0/inst/FCLK_CLK0 | mw0/datatrans_sys_i/processing_system7_0_axi_periph/s00_couplers/auto_pc/inst/gen_axilite.gen_b2s_conv.axilite_b2s/RD.r_channel_0/rd_data_fifo_0/E[0]                            | mw0/datatrans_sys_i/processing_system7_0_axi_periph/s00_couplers/auto_pc/inst/gen_axilite.gen_b2s_conv.axilite_b2s/areset_d1                       |                2 |              5 |         2.50 |
|  mw0/datatrans_sys_i/processing_system7_0/inst/FCLK_CLK0 | mw0/datatrans_sys_i/processing_system7_0_axi_periph/s00_couplers/auto_pc/inst/gen_axilite.gen_b2s_conv.axilite_b2s/RD.r_channel_0/rd_data_fifo_0/cnt_read[4]_i_1__0_n_0          | mw0/datatrans_sys_i/processing_system7_0_axi_periph/s00_couplers/auto_pc/inst/gen_axilite.gen_b2s_conv.axilite_b2s/areset_d1                       |                2 |              5 |         2.50 |
|  clk2_BUFG                                               | shift[7]_i_1_n_0                                                                                                                                                                 | mw0/datatrans_sys_i/trans_0/inst/trans_v1_0_S00_AXI_inst/memctl                                                                                    |                2 |              5 |         2.50 |
|  mw0/datatrans_sys_i/processing_system7_0/inst/FCLK_CLK0 | mw0/datatrans_sys_i/rst_processing_system7_0_100M/U0/SEQ/seq_cnt_en                                                                                                              | mw0/datatrans_sys_i/rst_processing_system7_0_100M/U0/SEQ/SEQ_COUNTER/clear                                                                         |                2 |              6 |         3.00 |
|  clk2_BUFG                                               | mw0/state_reg[2]_0                                                                                                                                                               | mw0/state_reg[1]_0                                                                                                                                 |                2 |              6 |         3.00 |
|  clk2_BUFG                                               | mw0/state_reg[0]_0                                                                                                                                                               | mw0/slv_reg0_reg[0]                                                                                                                                |                3 |              7 |         2.33 |
|  mw0/datatrans_sys_i/processing_system7_0/inst/FCLK_CLK0 |                                                                                                                                                                                  | mw0/datatrans_sys_i/processing_system7_0_axi_periph/s00_couplers/auto_pc/inst/gen_axilite.gen_b2s_conv.axilite_b2s/SI_REG/r.r_pipe/SR[0]           |                2 |              8 |         4.00 |
|  clk2_BUFG                                               | memdinb[7]_i_1_n_0                                                                                                                                                               | mw0/datatrans_sys_i/trans_0/inst/trans_v1_0_S00_AXI_inst/memctl                                                                                    |                3 |              8 |         2.67 |
|  mw0/datatrans_sys_i/processing_system7_0/inst/FCLK_CLK0 | mw0/datatrans_sys_i/trans_0/inst/trans_v1_0_S00_AXI_inst/slv_reg1[31]_i_1_n_0                                                                                                    | mw0/datatrans_sys_i/trans_0/inst/trans_v1_0_S00_AXI_inst/slv_reg0[0]_i_1_n_0                                                                       |                1 |              8 |         8.00 |
|  mw0/datatrans_sys_i/processing_system7_0/inst/FCLK_CLK0 | mw0/datatrans_sys_i/processing_system7_0_axi_periph/s00_couplers/auto_pc/inst/gen_axilite.gen_b2s_conv.axilite_b2s/WR.b_channel_0/mhandshake_r                                   | mw0/datatrans_sys_i/processing_system7_0_axi_periph/s00_couplers/auto_pc/inst/gen_axilite.gen_b2s_conv.axilite_b2s/WR.b_channel_0/bid_fifo_0/SR[0] |                4 |              8 |         2.00 |
|  mw0/datatrans_sys_i/processing_system7_0/inst/FCLK_CLK0 | mw0/datatrans_sys_i/trans_0/inst/trans_v1_0_S00_AXI_inst/slv_reg2[23]_i_1_n_0                                                                                                    | mw0/datatrans_sys_i/trans_0/inst/trans_v1_0_S00_AXI_inst/slv_reg0[0]_i_1_n_0                                                                       |                1 |              8 |         8.00 |
|  mw0/datatrans_sys_i/processing_system7_0/inst/FCLK_CLK0 | mw0/datatrans_sys_i/trans_0/inst/trans_v1_0_S00_AXI_inst/slv_reg2[31]_i_1_n_0                                                                                                    | mw0/datatrans_sys_i/trans_0/inst/trans_v1_0_S00_AXI_inst/slv_reg0[0]_i_1_n_0                                                                       |                2 |              8 |         4.00 |
|  mw0/datatrans_sys_i/processing_system7_0/inst/FCLK_CLK0 | mw0/datatrans_sys_i/trans_0/inst/trans_v1_0_S00_AXI_inst/slv_reg0[31]_i_1_n_0                                                                                                    | mw0/datatrans_sys_i/trans_0/inst/trans_v1_0_S00_AXI_inst/slv_reg0[0]_i_1_n_0                                                                       |                2 |              8 |         4.00 |
|  mw0/datatrans_sys_i/processing_system7_0/inst/FCLK_CLK0 | mw0/datatrans_sys_i/trans_0/inst/trans_v1_0_S00_AXI_inst/slv_reg0[23]_i_1_n_0                                                                                                    | mw0/datatrans_sys_i/trans_0/inst/trans_v1_0_S00_AXI_inst/slv_reg0[0]_i_1_n_0                                                                       |                1 |              8 |         8.00 |
|  mw0/datatrans_sys_i/processing_system7_0/inst/FCLK_CLK0 | mw0/datatrans_sys_i/trans_0/inst/trans_v1_0_S00_AXI_inst/slv_reg0[15]_i_1_n_0                                                                                                    | mw0/datatrans_sys_i/trans_0/inst/trans_v1_0_S00_AXI_inst/slv_reg0[0]_i_1_n_0                                                                       |                1 |              8 |         8.00 |
|  mw0/datatrans_sys_i/processing_system7_0/inst/FCLK_CLK0 | mw0/datatrans_sys_i/trans_0/inst/trans_v1_0_S00_AXI_inst/slv_reg0[0]_i_2_n_0                                                                                                     | mw0/datatrans_sys_i/trans_0/inst/trans_v1_0_S00_AXI_inst/slv_reg0[0]_i_1_n_0                                                                       |                1 |              8 |         8.00 |
|  mw0/datatrans_sys_i/processing_system7_0/inst/FCLK_CLK0 | mw0/datatrans_sys_i/trans_0/inst/trans_v1_0_S00_AXI_inst/slv_reg2[7]_i_1_n_0                                                                                                     | mw0/datatrans_sys_i/trans_0/inst/trans_v1_0_S00_AXI_inst/slv_reg0[0]_i_1_n_0                                                                       |                2 |              8 |         4.00 |
|  mw0/datatrans_sys_i/processing_system7_0/inst/FCLK_CLK0 | mw0/datatrans_sys_i/trans_0/inst/trans_v1_0_S00_AXI_inst/slv_reg2[15]_i_1_n_0                                                                                                    | mw0/datatrans_sys_i/trans_0/inst/trans_v1_0_S00_AXI_inst/slv_reg0[0]_i_1_n_0                                                                       |                1 |              8 |         8.00 |
|  mw0/datatrans_sys_i/processing_system7_0/inst/FCLK_CLK0 | mw0/datatrans_sys_i/trans_0/inst/trans_v1_0_S00_AXI_inst/slv_reg1[7]_i_1_n_0                                                                                                     | mw0/datatrans_sys_i/trans_0/inst/trans_v1_0_S00_AXI_inst/slv_reg0[0]_i_1_n_0                                                                       |                2 |              8 |         4.00 |
|  mw0/datatrans_sys_i/processing_system7_0/inst/FCLK_CLK0 | mw0/datatrans_sys_i/trans_0/inst/trans_v1_0_S00_AXI_inst/slv_reg1[23]_i_1_n_0                                                                                                    | mw0/datatrans_sys_i/trans_0/inst/trans_v1_0_S00_AXI_inst/slv_reg0[0]_i_1_n_0                                                                       |                1 |              8 |         8.00 |
|  mw0/datatrans_sys_i/processing_system7_0/inst/FCLK_CLK0 | mw0/datatrans_sys_i/trans_0/inst/trans_v1_0_S00_AXI_inst/slv_reg1[14]_i_1_n_0                                                                                                    | mw0/datatrans_sys_i/trans_0/inst/trans_v1_0_S00_AXI_inst/slv_reg0[0]_i_1_n_0                                                                       |                2 |              8 |         4.00 |
|  clk2_BUFG                                               | mw0/slv_reg0_reg[0]_0                                                                                                                                                            |                                                                                                                                                    |                5 |              8 |         1.60 |
|  mw0/datatrans_sys_i/processing_system7_0/inst/FCLK_CLK0 |                                                                                                                                                                                  | mw0/datatrans_sys_i/processing_system7_0_axi_periph/s00_couplers/auto_pc/inst/gen_axilite.gen_b2s_conv.axilite_b2s/areset_d1                       |                4 |             10 |         2.50 |
|  mw0/datatrans_sys_i/processing_system7_0/inst/FCLK_CLK0 | mw0/datatrans_sys_i/processing_system7_0_axi_periph/s00_couplers/auto_pc/inst/gen_axilite.gen_b2s_conv.axilite_b2s/RD.r_channel_0/r_push_r                                       |                                                                                                                                                    |                4 |             13 |         3.25 |
|  mw0/datatrans_sys_i/processing_system7_0/inst/FCLK_CLK0 | mw0/datatrans_sys_i/processing_system7_0_axi_periph/s00_couplers/auto_pc/inst/gen_axilite.gen_b2s_conv.axilite_b2s/SI_REG/b.b_pipe/s_ready_i_reg_0                               |                                                                                                                                                    |                2 |             14 |         7.00 |
|  mw0/datatrans_sys_i/processing_system7_0/inst/FCLK_CLK0 | mw0/datatrans_sys_i/processing_system7_0_axi_periph/s00_couplers/auto_pc/inst/gen_axilite.gen_b2s_conv.axilite_b2s/SI_REG/b.b_pipe/p_1_in                                        |                                                                                                                                                    |                2 |             14 |         7.00 |
|  clk2_BUFG                                               | mw0/outen_reg                                                                                                                                                                    |                                                                                                                                                    |                3 |             15 |         5.00 |
|  clk2_BUFG                                               |                                                                                                                                                                                  |                                                                                                                                                    |               11 |             16 |         1.45 |
|  clk2_BUFG                                               | count[15]_i_1_n_0                                                                                                                                                                | mw0/datatrans_sys_i/trans_0/inst/trans_v1_0_S00_AXI_inst/memctl                                                                                    |                5 |             16 |         3.20 |
|  clk2_BUFG                                               | memaddrb[15]_i_1_n_0                                                                                                                                                             | mw0/datatrans_sys_i/trans_0/inst/trans_v1_0_S00_AXI_inst/memctl                                                                                    |                5 |             16 |         3.20 |
|  mw0/datatrans_sys_i/processing_system7_0/inst/FCLK_CLK0 | mw0/datatrans_sys_i/processing_system7_0_axi_periph/s00_couplers/auto_pc/inst/gen_axilite.gen_b2s_conv.axilite_b2s/WR.aw_channel_0/aw_cmd_fsm_0/m_valid_i_reg                    |                                                                                                                                                    |                3 |             16 |         5.33 |
|  mw0/datatrans_sys_i/processing_system7_0/inst/FCLK_CLK0 | mw0/datatrans_sys_i/processing_system7_0_axi_periph/s00_couplers/auto_pc/inst/gen_axilite.gen_b2s_conv.axilite_b2s/RD.ar_channel_0/ar_cmd_fsm_0/E[0]                             |                                                                                                                                                    |                6 |             18 |         3.00 |
|  mw0/datatrans_sys_i/processing_system7_0/inst/FCLK_CLK0 | mw0/datatrans_sys_i/processing_system7_0_axi_periph/s00_couplers/auto_pc/inst/gen_axilite.gen_b2s_conv.axilite_b2s/WR.aw_channel_0/aw_cmd_fsm_0/E[0]                             |                                                                                                                                                    |                8 |             18 |         2.25 |
|  mw0/datatrans_sys_i/processing_system7_0/inst/FCLK_CLK0 |                                                                                                                                                                                  | mw0/datatrans_sys_i/trans_0/inst/trans_v1_0_S00_AXI_inst/slv_reg0[0]_i_1_n_0                                                                       |                8 |             18 |         2.25 |
|  clk2_BUFG                                               | k0/no[9]_i_1_n_0                                                                                                                                                                 | k0/FSM_sequential_state[1]_i_2_n_0                                                                                                                 |                4 |             26 |         6.50 |
|  mw0/datatrans_sys_i/processing_system7_0/inst/FCLK_CLK0 | mw0/datatrans_sys_i/processing_system7_0_axi_periph/s00_couplers/auto_pc/inst/gen_axilite.gen_b2s_conv.axilite_b2s/WR.aw_channel_0/aw_cmd_fsm_0/m_valid_i_reg_0[0]               |                                                                                                                                                    |                5 |             27 |         5.40 |
|  mw0/datatrans_sys_i/processing_system7_0/inst/FCLK_CLK0 | mw0/datatrans_sys_i/processing_system7_0_axi_periph/s00_couplers/auto_pc/inst/gen_axilite.gen_b2s_conv.axilite_b2s/SI_REG/ar.ar_pipe/s_ready_i_reg_0                             |                                                                                                                                                    |                5 |             27 |         5.40 |
|  mw0/datatrans_sys_i/processing_system7_0/inst/FCLK_CLK0 | mw0/datatrans_sys_i/processing_system7_0_axi_periph/s00_couplers/auto_pc/inst/gen_axilite.gen_b2s_conv.axilite_b2s/RD.ar_channel_0/ar_cmd_fsm_0/axi_arready_reg_0[0]             |                                                                                                                                                    |                5 |             27 |         5.40 |
|  mw0/datatrans_sys_i/processing_system7_0/inst/FCLK_CLK0 | mw0/datatrans_sys_i/processing_system7_0_axi_periph/s00_couplers/auto_pc/inst/gen_axilite.gen_b2s_conv.axilite_b2s/SI_REG/aw.aw_pipe/s_ready_i_reg_0                             |                                                                                                                                                    |                5 |             27 |         5.40 |
|  mw0/datatrans_sys_i/processing_system7_0/inst/FCLK_CLK0 | mw0/datatrans_sys_i/processing_system7_0_axi_periph/s00_couplers/auto_pc/inst/gen_axilite.gen_b2s_conv.axilite_b2s/RD.r_channel_0/rd_data_fifo_0/wr_en0                          |                                                                                                                                                    |                9 |             32 |         3.56 |
|  mw0/datatrans_sys_i/processing_system7_0/inst/FCLK_CLK0 | mw0/datatrans_sys_i/trans_0/inst/trans_v1_0_S00_AXI_inst/slv_reg_rden                                                                                                            | mw0/datatrans_sys_i/trans_0/inst/trans_v1_0_S00_AXI_inst/slv_reg0[0]_i_1_n_0                                                                       |               10 |             32 |         3.20 |
|  clk2_BUFG                                               | k0/E[0]                                                                                                                                                                          | mw0/datatrans_sys_i/trans_0/inst/trans_v1_0_S00_AXI_inst/memctl                                                                                    |                9 |             32 |         3.56 |
|  clk2_BUFG                                               | k0/x_pred                                                                                                                                                                        | k0/FSM_sequential_state[1]_i_2_n_0                                                                                                                 |                8 |             32 |         4.00 |
|  clk2_BUFG                                               | x0[31]_i_1_n_0                                                                                                                                                                   | mw0/datatrans_sys_i/trans_0/inst/trans_v1_0_S00_AXI_inst/memctl                                                                                    |               11 |             32 |         2.91 |
|  mw0/datatrans_sys_i/processing_system7_0/inst/FCLK_CLK0 | mw0/datatrans_sys_i/processing_system7_0_axi_periph/s00_couplers/auto_pc/inst/gen_axilite.gen_b2s_conv.axilite_b2s/SI_REG/r.r_pipe/p_1_in                                        |                                                                                                                                                    |                7 |             45 |         6.43 |
|  mw0/datatrans_sys_i/processing_system7_0/inst/FCLK_CLK0 | mw0/datatrans_sys_i/processing_system7_0_axi_periph/s00_couplers/auto_pc/inst/gen_axilite.gen_b2s_conv.axilite_b2s/SI_REG/r.r_pipe/s_ready_i_reg_0                               |                                                                                                                                                    |                7 |             45 |         6.43 |
|  clk2_BUFG                                               | mw0/E[0]                                                                                                                                                                         |                                                                                                                                                    |               13 |             48 |         3.69 |
|  clk2_BUFG                                               | F[63]_i_1_n_0                                                                                                                                                                    | mw0/datatrans_sys_i/trans_0/inst/trans_v1_0_S00_AXI_inst/memctl                                                                                    |               25 |             64 |         2.56 |
|  clk2_BUFG                                               | mw0/state_reg[0]_0                                                                                                                                                               | mw0/state_reg[1]_2                                                                                                                                 |               17 |             64 |         3.76 |
|  clk2_BUFG                                               | k0/mi                                                                                                                                                                            | k0/FSM_sequential_state[1]_i_2_n_0                                                                                                                 |               42 |            112 |         2.67 |
|  mw0/datatrans_sys_i/processing_system7_0/inst/FCLK_CLK0 |                                                                                                                                                                                  |                                                                                                                                                    |               34 |            124 |         3.65 |
+----------------------------------------------------------+----------------------------------------------------------------------------------------------------------------------------------------------------------------------------------+----------------------------------------------------------------------------------------------------------------------------------------------------+------------------+----------------+--------------+


