#-----------------------------------------------------------
# Vivado v2023.1 (64-bit)
# SW Build 3865809 on Sun May  7 15:04:56 MDT 2023
# IP Build 3864474 on Sun May  7 20:36:21 MDT 2023
# SharedData Build 3865790 on Sun May 07 13:33:03 MDT 2023
# Start of session at: Fri Nov  7 17:25:31 2025
# Process ID: 3103543
# Current directory: /home/grads/t/tamu_vik/ECEN-722/lab8
# Command line: vivado
# Log file: /home/grads/t/tamu_vik/ECEN-722/lab8/vivado.log
# Journal file: /home/grads/t/tamu_vik/ECEN-722/lab8/vivado.jou
# Running On: n01-zeus.olympus.ece.tamu.edu, OS: Linux, CPU Frequency: 3193.877 MHz, CPU Physical cores: 1, Host memory: 1081925 MB
#-----------------------------------------------------------
start_gui
open_project /home/grads/t/tamu_vik/ECEN-722/lab8/lab8_base/base/base.xpr
Scanning sources...
Finished scanning sources
INFO: [IP_Flow 19-234] Refreshing IP repositories
INFO: [IP_Flow 19-1700] Loaded user IP repository '/home/grads/t/tamu_vik/ECEN-722/lab8/lab8_base/ip_repo/trans_1.0'.
INFO: [IP_Flow 19-2313] Loaded Vivado IP repository '/opt/coe/Xilinx/Vivado/2023.1/data/ip'.
WARNING: [Board 49-26] cannot add Board Part xilinx.com:vek280_es:part0:1.0 available at /opt/coe/Xilinx/Vivado/2023.1/data/xhub/boards/XilinxBoardStore/boards/Xilinx/vek280/es/rev_a/1.0/board.xml as part xcve2802-vsvh1760-2lp-e-s-es1 specified in board_part file is either invalid or not available
WARNING: [Board 49-26] cannot add Board Part xilinx.com:vek280_es:part0:1.1 available at /opt/coe/Xilinx/Vivado/2023.1/data/xhub/boards/XilinxBoardStore/boards/Xilinx/vek280/es/rev_a/1.1/board.xml as part xcve2802-vsvh1760-2lp-e-s-es1 specified in board_part file is either invalid or not available
WARNING: [Board 49-26] cannot add Board Part xilinx.com:vek280_es_revb:part0:1.0 available at /opt/coe/Xilinx/Vivado/2023.1/data/xhub/boards/XilinxBoardStore/boards/Xilinx/vek280/es/rev_b/1.0/board.xml as part xcve2802-vsvh1760-2mp-e-s-es1 specified in board_part file is either invalid or not available
WARNING: [Board 49-26] cannot add Board Part xilinx.com:vek280_es_revb:part0:1.1 available at /opt/coe/Xilinx/Vivado/2023.1/data/xhub/boards/XilinxBoardStore/boards/Xilinx/vek280/es/rev_b/1.1/board.xml as part xcve2802-vsvh1760-2mp-e-s-es1 specified in board_part file is either invalid or not available
WARNING: [Board 49-26] cannot add Board Part xilinx.com:vhk158_es:part0:1.0 available at /opt/coe/Xilinx/Vivado/2023.1/data/xhub/boards/XilinxBoardStore/boards/Xilinx/vhk158/es/1.0/board.xml as part xcvh1582-vsva3697-2mp-e-s-es1 specified in board_part file is either invalid or not available
WARNING: [Board 49-26] cannot add Board Part xilinx.com:vhk158_es:part0:1.1 available at /opt/coe/Xilinx/Vivado/2023.1/data/xhub/boards/XilinxBoardStore/boards/Xilinx/vhk158/es/1.1/board.xml as part xcvh1582-vsva3697-2mp-e-s-es1 specified in board_part file is either invalid or not available
WARNING: [Board 49-26] cannot add Board Part xilinx.com:vpk120_es:part0:1.2 available at /opt/coe/Xilinx/Vivado/2023.1/data/xhub/boards/XilinxBoardStore/boards/Xilinx/vpk120/es/1.2/board.xml as part xcvp1202-vsva2785-2mp-e-s-es1 specified in board_part file is either invalid or not available
WARNING: [Board 49-26] cannot add Board Part xilinx.com:vpk120_es:part0:1.3 available at /opt/coe/Xilinx/Vivado/2023.1/data/xhub/boards/XilinxBoardStore/boards/Xilinx/vpk120/es/1.3/board.xml as part xcvp1202-vsva2785-2mp-e-s-es1 specified in board_part file is either invalid or not available
WARNING: [Board 49-26] cannot add Board Part xilinx.com:vpk120_es_revb:part0:1.0 available at /opt/coe/Xilinx/Vivado/2023.1/data/xhub/boards/XilinxBoardStore/boards/Xilinx/vpk120_revb/es/1.0/board.xml as part xcvp1202-vsva2785-2mp-e-s-es1 specified in board_part file is either invalid or not available
WARNING: [Board 49-26] cannot add Board Part xilinx.com:vpk120_es_revb:part0:1.1 available at /opt/coe/Xilinx/Vivado/2023.1/data/xhub/boards/XilinxBoardStore/boards/Xilinx/vpk120_revb/es/1.1/board.xml as part xcvp1202-vsva2785-2mp-e-s-es1 specified in board_part file is either invalid or not available
WARNING: [Board 49-26] cannot add Board Part xilinx.com:vpk180_es:part0:1.0 available at /opt/coe/Xilinx/Vivado/2023.1/data/xhub/boards/XilinxBoardStore/boards/Xilinx/vpk180/es/1.0/board.xml as part xcvp1802-lsvc4072-2mp-e-s-es1 specified in board_part file is either invalid or not available
WARNING: [Board 49-26] cannot add Board Part xilinx.com:vpk180_es:part0:1.1 available at /opt/coe/Xilinx/Vivado/2023.1/data/xhub/boards/XilinxBoardStore/boards/Xilinx/vpk180/es/1.1/board.xml as part xcvp1802-lsvc4072-2mp-e-s-es1 specified in board_part file is either invalid or not available
WARNING: [Board 49-26] cannot add Board Part xilinx.com:zcu208ld:part0:2.0 available at /opt/coe/Xilinx/Vivado/2023.1/data/xhub/boards/XilinxBoardStore/boards/Xilinx/zcu208ld/production/2.0/board.xml as part xczu58dr-fsvg1517-2-i specified in board_part file is either invalid or not available
WARNING: [Board 49-26] cannot add Board Part xilinx.com:zcu216ld:part0:2.0 available at /opt/coe/Xilinx/Vivado/2023.1/data/xhub/boards/XilinxBoardStore/boards/Xilinx/zcu216ld/production/2.0/board.xml as part xczu59dr-ffvf1760-2-i specified in board_part file is either invalid or not available
WARNING: [Board 49-26] cannot add Board Part xilinx.com:zcu670:part0:2.0 available at /opt/coe/Xilinx/Vivado/2023.1/data/xhub/boards/XilinxBoardStore/boards/Xilinx/zcu670/2.0/board.xml as part xczu67dr-fsve1156-2-i specified in board_part file is either invalid or not available
WARNING: [Board 49-26] cannot add Board Part xilinx.com:zcu670ld:part0:1.0 available at /opt/coe/Xilinx/Vivado/2023.1/data/xhub/boards/XilinxBoardStore/boards/Xilinx/zcu670ld/1.0/board.xml as part xczu57dr-fsve1156-2-i specified in board_part file is either invalid or not available
open_project: Time (s): cpu = 00:00:19 ; elapsed = 00:00:23 . Memory (MB): peak = 8486.914 ; gain = 417.855 ; free physical = 806377 ; free virtual = 995390
launch_simulation
Command: launch_simulation 
INFO: [Vivado 12-12493] Simulation top is 'systolicarray_2_tb'
INFO: [Vivado 12-5682] Launching behavioral simulation in '/home/grads/t/tamu_vik/ECEN-722/lab8/lab8_base/base/base.sim/sim_1/behav/xsim'
INFO: [Vivado 12-13660] Precompiled IP simulation library mode is enabled (default). The design IP libraries will be referenced from the compiled library path. Please note that if the precompiled version of the library is not found from the path or the IP is in locked state, then the library source files for these IPs will be compiled locally as part of the compile order.
INFO: [Vivado 12-4795] Using compiled simulation libraries for IPs
INFO: [SIM-utils-51] Simulation object is 'sim_1'
INFO: [SIM-utils-72] Using boost library from '/opt/coe/Xilinx/Vivado/2023.1/tps/boost_1_72_0'
INFO: [USF-XSim-7] Finding pre-compiled libraries...
INFO: [USF-XSim-11] File '/opt/coe/Xilinx/Vivado/2023.1/data/xsim/xsim.ini' copied to run dir:'/home/grads/t/tamu_vik/ECEN-722/lab8/lab8_base/base/base.sim/sim_1/behav/xsim'
INFO: [SIM-utils-54] Inspecting design source files for 'systolicarray_2_tb' in fileset 'sim_1'...
INFO: [USF-XSim-97] Finding global include files...
INFO: [USF-XSim-100] Fetching design files from 'sources_1'...(this may take a while)...
INFO: [USF-XSim-101] Fetching design files from 'sim_1'...
INFO: [USF-XSim-2] XSim::Compile design
INFO: [USF-XSim-61] Executing 'COMPILE and ANALYZE' step in '/home/grads/t/tamu_vik/ECEN-722/lab8/lab8_base/base/base.sim/sim_1/behav/xsim'
xvlog --incr --relax -L uvm -L axi_vip_v1_1_14 -L processing_system7_vip_v1_0_16 -L xilinx_vip -prj systolicarray_2_tb_vlog.prj
INFO: [VRFC 10-2263] Analyzing Verilog file "/home/grads/t/tamu_vik/ECEN-722/lab8/lab8_base/base/base.ip_user_files/bd/datatrans_sys/ip/datatrans_sys_processing_system7_0_0/sim/datatrans_sys_processing_system7_0_0.v" into library xil_defaultlib
INFO: [VRFC 10-311] analyzing module datatrans_sys_processing_system7_0_0
INFO: [VRFC 10-2263] Analyzing Verilog file "/home/grads/t/tamu_vik/ECEN-722/lab8/lab8_base/base/base.ip_user_files/bd/datatrans_sys/ip/datatrans_sys_auto_pc_0/sim/datatrans_sys_auto_pc_0.v" into library xil_defaultlib
INFO: [VRFC 10-311] analyzing module datatrans_sys_auto_pc_0
INFO: [VRFC 10-2263] Analyzing Verilog file "/home/grads/t/tamu_vik/ECEN-722/lab8/lab8_base/base/base.ip_user_files/bd/datatrans_sys/ipshared/2ea6/hdl/trans_v1_0_S00_AXI.v" into library xil_defaultlib
INFO: [VRFC 10-311] analyzing module trans_v1_0_S00_AXI
INFO: [VRFC 10-2263] Analyzing Verilog file "/home/grads/t/tamu_vik/ECEN-722/lab8/lab8_base/base/base.ip_user_files/bd/datatrans_sys/ipshared/2ea6/hdl/trans_v1_0.v" into library xil_defaultlib
INFO: [VRFC 10-311] analyzing module trans_v1_0
INFO: [VRFC 10-2263] Analyzing Verilog file "/home/grads/t/tamu_vik/ECEN-722/lab8/lab8_base/base/base.ip_user_files/bd/datatrans_sys/ip/datatrans_sys_trans_0_0/sim/datatrans_sys_trans_0_0.v" into library xil_defaultlib
INFO: [VRFC 10-311] analyzing module datatrans_sys_trans_0_0
INFO: [VRFC 10-2263] Analyzing Verilog file "/home/grads/t/tamu_vik/ECEN-722/lab8/lab8_base/base/base.ip_user_files/bd/datatrans_sys/sim/datatrans_sys.v" into library xil_defaultlib
INFO: [VRFC 10-311] analyzing module datatrans_sys
INFO: [VRFC 10-311] analyzing module datatrans_sys_processing_system7_0_axi_periph_0
INFO: [VRFC 10-311] analyzing module s00_couplers_imp_KKPF6A
INFO: [VRFC 10-2263] Analyzing Verilog file "/home/grads/t/tamu_vik/ECEN-722/lab8/lab8_base/base/base.gen/sources_1/bd/datatrans_sys/hdl/datatrans_sys_wrapper.v" into library xil_defaultlib
INFO: [VRFC 10-311] analyzing module datatrans_sys_wrapper
INFO: [VRFC 10-2263] Analyzing Verilog file "/home/grads/t/tamu_vik/ECEN-722/lab8/lab8_student_code/systolicarray_2.v" into library xil_defaultlib
INFO: [VRFC 10-311] analyzing module systolicarray_2
INFO: [VRFC 10-2263] Analyzing Verilog file "/home/grads/t/tamu_vik/ECEN-722/lab8/lab8_student_code/systolicarray_1.v" into library xil_defaultlib
INFO: [VRFC 10-311] analyzing module systolicarray_1
INFO: [VRFC 10-2263] Analyzing Verilog file "/home/grads/t/tamu_vik/ECEN-722/lab8/lab8_student_code/top_systolicarray.v" into library xil_defaultlib
INFO: [VRFC 10-311] analyzing module top_systolicarray
WARNING: [VRFC 10-2096] empty statement in sequential block [/home/grads/t/tamu_vik/ECEN-722/lab8/lab8_student_code/top_systolicarray.v:124]
INFO: [VRFC 10-2263] Analyzing Verilog file "/home/grads/t/tamu_vik/ECEN-722/lab8/lab8_student_code/multiply.v" into library xil_defaultlib
INFO: [VRFC 10-311] analyzing module multiply
INFO: [VRFC 10-2263] Analyzing Verilog file "/home/grads/t/tamu_vik/ECEN-722/lab8/lab8_student_code/systolicarray_1_unit.v" into library xil_defaultlib
INFO: [VRFC 10-311] analyzing module systolicarray_1_unit
INFO: [VRFC 10-2263] Analyzing Verilog file "/home/grads/t/tamu_vik/ECEN-722/lab8/lab8_student_code/systolicarray_2_unit.v" into library xil_defaultlib
INFO: [VRFC 10-311] analyzing module systolicarray_2_unit
INFO: [VRFC 10-2263] Analyzing Verilog file "/home/grads/t/tamu_vik/ECEN-722/lab8/lab8_student_code/systolicarray_tb.v" into library xil_defaultlib
INFO: [VRFC 10-311] analyzing module systolicarray_1_tb
INFO: [VRFC 10-311] analyzing module systolicarray_2_tb
INFO: [VRFC 10-2263] Analyzing Verilog file "/home/grads/t/tamu_vik/ECEN-722/lab8/lab8_student_code/systolicarray2_tb.v" into library xil_defaultlib
INFO: [VRFC 10-311] analyzing module systolicarray_2_tb
WARNING: [VRFC 10-3609] overwriting previous definition of module 'systolicarray_2_tb' [/home/grads/t/tamu_vik/ECEN-722/lab8/lab8_student_code/systolicarray2_tb.v:3]
xvhdl --incr --relax -prj systolicarray_2_tb_vhdl.prj
Waiting for jobs to finish...
No pending jobs, compilation finished.
INFO: [USF-XSim-69] 'compile' step finished in '4' seconds
INFO: [USF-XSim-3] XSim::Elaborate design
INFO: [USF-XSim-61] Executing 'ELABORATE' step in '/home/grads/t/tamu_vik/ECEN-722/lab8/lab8_base/base/base.sim/sim_1/behav/xsim'
xelab --incr --debug typical --relax --mt 8 -L xil_defaultlib -L axi_infrastructure_v1_1_0 -L axi_vip_v1_1_14 -L processing_system7_vip_v1_0_16 -L generic_baseblocks_v2_1_0 -L fifo_generator_v13_2_8 -L axi_data_fifo_v2_1_27 -L axi_register_slice_v2_1_28 -L axi_protocol_converter_v2_1_28 -L lib_cdc_v1_0_2 -L proc_sys_reset_v5_0_13 -L uvm -L xilinx_vip -L unisims_ver -L unimacro_ver -L secureip -L xpm --snapshot systolicarray_2_tb_behav xil_defaultlib.systolicarray_2_tb xil_defaultlib.glbl -log elaborate.log
Vivado Simulator v2023.1
Copyright 1986-2022 Xilinx, Inc. All Rights Reserved.
Copyright 2022-2023 Advanced Micro Devices, Inc. All Rights Reserved.
Running: /opt/coe/Xilinx/Vivado/2023.1/bin/unwrapped/lnx64.o/xelab --incr --debug typical --relax --mt 8 -L xil_defaultlib -L axi_infrastructure_v1_1_0 -L axi_vip_v1_1_14 -L processing_system7_vip_v1_0_16 -L generic_baseblocks_v2_1_0 -L fifo_generator_v13_2_8 -L axi_data_fifo_v2_1_27 -L axi_register_slice_v2_1_28 -L axi_protocol_converter_v2_1_28 -L lib_cdc_v1_0_2 -L proc_sys_reset_v5_0_13 -L uvm -L xilinx_vip -L unisims_ver -L unimacro_ver -L secureip -L xpm --snapshot systolicarray_2_tb_behav xil_defaultlib.systolicarray_2_tb xil_defaultlib.glbl -log elaborate.log 
Using 8 slave threads.
WARNING: [XSIM 43-3431] One or more environment variables have been detected which affect the operation of the C compiler. These are typically not set in standard installations and are not tested by Xilinx, however they may be appropriate for your system, so the flow will attempt to continue.  If errors occur, try running xelab with the "-mt off -v 1" switches to see more information from the C compiler. The following environment variables have been detected:
    C_INCLUDE_PATH
Starting static elaboration
Pass Through NonSizing Optimizer
Completed static elaboration
Starting simulation data flow analysis
Completed simulation data flow analysis
Time Resolution for simulation is 1ps
Compiling module xil_defaultlib.multiply
Compiling module xil_defaultlib.systolicarray_2_unit
Compiling module xil_defaultlib.systolicarray_2
Compiling module xil_defaultlib.systolicarray_2_tb
Compiling module xil_defaultlib.glbl
Built simulation snapshot systolicarray_2_tb_behav
INFO: [USF-XSim-69] 'elaborate' step finished in '2' seconds
INFO: [USF-XSim-4] XSim::Simulate design
INFO: [USF-XSim-61] Executing 'SIMULATE' step in '/home/grads/t/tamu_vik/ECEN-722/lab8/lab8_base/base/base.sim/sim_1/behav/xsim'
INFO: [USF-XSim-98] *** Running xsim
   with args "systolicarray_2_tb_behav -key {Behavioral:sim_1:Functional:systolicarray_2_tb} -tclbatch {systolicarray_2_tb.tcl} -protoinst "protoinst_files/datatrans_sys.protoinst" -view {/home/grads/t/tamu_vik/ECEN-722/lab8/systolicarray_1_tb_behav.wcfg} -log {simulate.log}"
INFO: [USF-XSim-8] Loading simulator feature
INFO: [Wavedata 42-565] Reading protoinst file protoinst_files/datatrans_sys.protoinst
WARNING: [Wavedata 42-558] Couldn't load one or more protocol instances from protoinst file protoinst_files/datatrans_sys.protoinst for the following reason(s):
There are no instances of module "datatrans_sys" in the design.

Time resolution is 1 ps
open_wave_config /home/grads/t/tamu_vik/ECEN-722/lab8/systolicarray_1_tb_behav.wcfg
WARNING: Simulation object /systolicarray_1_tb/clk was not found in the design.
WARNING: Simulation object /systolicarray_1_tb/rst was not found in the design.
WARNING: Simulation object /systolicarray_1_tb/mi0 was not found in the design.
WARNING: Simulation object /systolicarray_1_tb/mi1 was not found in the design.
WARNING: Simulation object /systolicarray_1_tb/mor was not found in the design.
WARNING: Simulation object /systolicarray_1_tb/size was not found in the design.
WARNING: Simulation object /systolicarray_1_tb/decimal was not found in the design.
source systolicarray_2_tb.tcl
# set curr_wave [current_wave_config]
# if { [string length $curr_wave] == 0 } {
#   if { [llength [get_objects]] > 0} {
#     add_wave /
#     set_property needs_save false [current_wave_config]
#   } else {
#      send_msg_id Add_Wave-1 WARNING "No top level signals found. Simulator will start without a wave window. If you want to open a wave window go to 'File->New Waveform Configuration' or type 'create_wave_config' in the TCL console."
#   }
# }
# run 100ns
xsim: Time (s): cpu = 00:00:03 ; elapsed = 00:00:05 . Memory (MB): peak = 8713.086 ; gain = 53.770 ; free physical = 806153 ; free virtual = 995169
INFO: [USF-XSim-96] XSim completed. Design snapshot 'systolicarray_2_tb_behav' loaded.
INFO: [USF-XSim-97] XSim simulation ran for 100ns
launch_simulation: Time (s): cpu = 00:00:09 ; elapsed = 00:00:17 . Memory (MB): peak = 8713.086 ; gain = 69.121 ; free physical = 806153 ; free virtual = 995169
close_sim
INFO: [Simtcl 6-16] Simulation closed
launch_simulation
Command: launch_simulation 
INFO: [Vivado 12-12493] Simulation top is 'systolicarray_2_tb'
INFO: [Vivado 12-5682] Launching behavioral simulation in '/home/grads/t/tamu_vik/ECEN-722/lab8/lab8_base/base/base.sim/sim_1/behav/xsim'
INFO: [Vivado 12-13660] Precompiled IP simulation library mode is enabled (default). The design IP libraries will be referenced from the compiled library path. Please note that if the precompiled version of the library is not found from the path or the IP is in locked state, then the library source files for these IPs will be compiled locally as part of the compile order.
INFO: [Vivado 12-4795] Using compiled simulation libraries for IPs
INFO: [SIM-utils-51] Simulation object is 'sim_1'
INFO: [SIM-utils-72] Using boost library from '/opt/coe/Xilinx/Vivado/2023.1/tps/boost_1_72_0'
INFO: [USF-XSim-7] Finding pre-compiled libraries...
INFO: [USF-XSim-11] File '/opt/coe/Xilinx/Vivado/2023.1/data/xsim/xsim.ini' copied to run dir:'/home/grads/t/tamu_vik/ECEN-722/lab8/lab8_base/base/base.sim/sim_1/behav/xsim'
INFO: [SIM-utils-54] Inspecting design source files for 'systolicarray_2_tb' in fileset 'sim_1'...
INFO: [USF-XSim-97] Finding global include files...
INFO: [USF-XSim-100] Fetching design files from 'sources_1'...(this may take a while)...
INFO: [USF-XSim-101] Fetching design files from 'sim_1'...
INFO: [USF-XSim-2] XSim::Compile design
INFO: [USF-XSim-61] Executing 'COMPILE and ANALYZE' step in '/home/grads/t/tamu_vik/ECEN-722/lab8/lab8_base/base/base.sim/sim_1/behav/xsim'
xvlog --incr --relax -L uvm -L axi_vip_v1_1_14 -L processing_system7_vip_v1_0_16 -L xilinx_vip -prj systolicarray_2_tb_vlog.prj
INFO: [VRFC 10-2263] Analyzing Verilog file "/home/grads/t/tamu_vik/ECEN-722/lab8/lab8_base/base/base.ip_user_files/bd/datatrans_sys/ip/datatrans_sys_processing_system7_0_0/sim/datatrans_sys_processing_system7_0_0.v" into library xil_defaultlib
INFO: [VRFC 10-311] analyzing module datatrans_sys_processing_system7_0_0
INFO: [VRFC 10-2263] Analyzing Verilog file "/home/grads/t/tamu_vik/ECEN-722/lab8/lab8_base/base/base.ip_user_files/bd/datatrans_sys/ip/datatrans_sys_auto_pc_0/sim/datatrans_sys_auto_pc_0.v" into library xil_defaultlib
INFO: [VRFC 10-311] analyzing module datatrans_sys_auto_pc_0
INFO: [VRFC 10-2263] Analyzing Verilog file "/home/grads/t/tamu_vik/ECEN-722/lab8/lab8_base/base/base.ip_user_files/bd/datatrans_sys/ipshared/2ea6/hdl/trans_v1_0_S00_AXI.v" into library xil_defaultlib
INFO: [VRFC 10-311] analyzing module trans_v1_0_S00_AXI
INFO: [VRFC 10-2263] Analyzing Verilog file "/home/grads/t/tamu_vik/ECEN-722/lab8/lab8_base/base/base.ip_user_files/bd/datatrans_sys/ipshared/2ea6/hdl/trans_v1_0.v" into library xil_defaultlib
INFO: [VRFC 10-311] analyzing module trans_v1_0
INFO: [VRFC 10-2263] Analyzing Verilog file "/home/grads/t/tamu_vik/ECEN-722/lab8/lab8_base/base/base.ip_user_files/bd/datatrans_sys/ip/datatrans_sys_trans_0_0/sim/datatrans_sys_trans_0_0.v" into library xil_defaultlib
INFO: [VRFC 10-311] analyzing module datatrans_sys_trans_0_0
INFO: [VRFC 10-2263] Analyzing Verilog file "/home/grads/t/tamu_vik/ECEN-722/lab8/lab8_base/base/base.ip_user_files/bd/datatrans_sys/sim/datatrans_sys.v" into library xil_defaultlib
INFO: [VRFC 10-311] analyzing module datatrans_sys
INFO: [VRFC 10-311] analyzing module datatrans_sys_processing_system7_0_axi_periph_0
INFO: [VRFC 10-311] analyzing module s00_couplers_imp_KKPF6A
INFO: [VRFC 10-2263] Analyzing Verilog file "/home/grads/t/tamu_vik/ECEN-722/lab8/lab8_base/base/base.gen/sources_1/bd/datatrans_sys/hdl/datatrans_sys_wrapper.v" into library xil_defaultlib
INFO: [VRFC 10-311] analyzing module datatrans_sys_wrapper
INFO: [VRFC 10-2263] Analyzing Verilog file "/home/grads/t/tamu_vik/ECEN-722/lab8/lab8_student_code/systolicarray_2.v" into library xil_defaultlib
INFO: [VRFC 10-311] analyzing module systolicarray_2
INFO: [VRFC 10-2263] Analyzing Verilog file "/home/grads/t/tamu_vik/ECEN-722/lab8/lab8_student_code/systolicarray_1.v" into library xil_defaultlib
INFO: [VRFC 10-311] analyzing module systolicarray_1
INFO: [VRFC 10-2263] Analyzing Verilog file "/home/grads/t/tamu_vik/ECEN-722/lab8/lab8_student_code/top_systolicarray.v" into library xil_defaultlib
INFO: [VRFC 10-311] analyzing module top_systolicarray
WARNING: [VRFC 10-2096] empty statement in sequential block [/home/grads/t/tamu_vik/ECEN-722/lab8/lab8_student_code/top_systolicarray.v:124]
INFO: [VRFC 10-2263] Analyzing Verilog file "/home/grads/t/tamu_vik/ECEN-722/lab8/lab8_student_code/multiply.v" into library xil_defaultlib
INFO: [VRFC 10-311] analyzing module multiply
INFO: [VRFC 10-2263] Analyzing Verilog file "/home/grads/t/tamu_vik/ECEN-722/lab8/lab8_student_code/systolicarray_1_unit.v" into library xil_defaultlib
INFO: [VRFC 10-311] analyzing module systolicarray_1_unit
INFO: [VRFC 10-2263] Analyzing Verilog file "/home/grads/t/tamu_vik/ECEN-722/lab8/lab8_student_code/systolicarray_2_unit.v" into library xil_defaultlib
INFO: [VRFC 10-311] analyzing module systolicarray_2_unit
INFO: [VRFC 10-2263] Analyzing Verilog file "/home/grads/t/tamu_vik/ECEN-722/lab8/lab8_student_code/systolicarray_tb.v" into library xil_defaultlib
INFO: [VRFC 10-311] analyzing module systolicarray_1_tb
INFO: [VRFC 10-311] analyzing module systolicarray_2_tb
INFO: [VRFC 10-2263] Analyzing Verilog file "/home/grads/t/tamu_vik/ECEN-722/lab8/lab8_student_code/systolicarray2_tb.v" into library xil_defaultlib
INFO: [VRFC 10-311] analyzing module systolicarray_2_tb
WARNING: [VRFC 10-3609] overwriting previous definition of module 'systolicarray_2_tb' [/home/grads/t/tamu_vik/ECEN-722/lab8/lab8_student_code/systolicarray2_tb.v:3]
xvhdl --incr --relax -prj systolicarray_2_tb_vhdl.prj
Waiting for jobs to finish...
No pending jobs, compilation finished.
INFO: [USF-XSim-69] 'compile' step finished in '4' seconds
INFO: [USF-XSim-3] XSim::Elaborate design
INFO: [USF-XSim-61] Executing 'ELABORATE' step in '/home/grads/t/tamu_vik/ECEN-722/lab8/lab8_base/base/base.sim/sim_1/behav/xsim'
xelab --incr --debug typical --relax --mt 8 -L xil_defaultlib -L axi_infrastructure_v1_1_0 -L axi_vip_v1_1_14 -L processing_system7_vip_v1_0_16 -L generic_baseblocks_v2_1_0 -L fifo_generator_v13_2_8 -L axi_data_fifo_v2_1_27 -L axi_register_slice_v2_1_28 -L axi_protocol_converter_v2_1_28 -L lib_cdc_v1_0_2 -L proc_sys_reset_v5_0_13 -L uvm -L xilinx_vip -L unisims_ver -L unimacro_ver -L secureip -L xpm --snapshot systolicarray_2_tb_behav xil_defaultlib.systolicarray_2_tb xil_defaultlib.glbl -log elaborate.log
Vivado Simulator v2023.1
Copyright 1986-2022 Xilinx, Inc. All Rights Reserved.
Copyright 2022-2023 Advanced Micro Devices, Inc. All Rights Reserved.
Running: /opt/coe/Xilinx/Vivado/2023.1/bin/unwrapped/lnx64.o/xelab --incr --debug typical --relax --mt 8 -L xil_defaultlib -L axi_infrastructure_v1_1_0 -L axi_vip_v1_1_14 -L processing_system7_vip_v1_0_16 -L generic_baseblocks_v2_1_0 -L fifo_generator_v13_2_8 -L axi_data_fifo_v2_1_27 -L axi_register_slice_v2_1_28 -L axi_protocol_converter_v2_1_28 -L lib_cdc_v1_0_2 -L proc_sys_reset_v5_0_13 -L uvm -L xilinx_vip -L unisims_ver -L unimacro_ver -L secureip -L xpm --snapshot systolicarray_2_tb_behav xil_defaultlib.systolicarray_2_tb xil_defaultlib.glbl -log elaborate.log 
Using 8 slave threads.
WARNING: [XSIM 43-3431] One or more environment variables have been detected which affect the operation of the C compiler. These are typically not set in standard installations and are not tested by Xilinx, however they may be appropriate for your system, so the flow will attempt to continue.  If errors occur, try running xelab with the "-mt off -v 1" switches to see more information from the C compiler. The following environment variables have been detected:
    C_INCLUDE_PATH
Starting static elaboration
Pass Through NonSizing Optimizer
Completed static elaboration
Starting simulation data flow analysis
Completed simulation data flow analysis
Time Resolution for simulation is 1ps
Compiling module xil_defaultlib.multiply
Compiling module xil_defaultlib.systolicarray_2_unit
Compiling module xil_defaultlib.systolicarray_2
Compiling module xil_defaultlib.systolicarray_2_tb
Compiling module xil_defaultlib.glbl
Built simulation snapshot systolicarray_2_tb_behav
INFO: [USF-XSim-69] 'elaborate' step finished in '2' seconds
INFO: [USF-XSim-4] XSim::Simulate design
INFO: [USF-XSim-61] Executing 'SIMULATE' step in '/home/grads/t/tamu_vik/ECEN-722/lab8/lab8_base/base/base.sim/sim_1/behav/xsim'
INFO: [USF-XSim-98] *** Running xsim
   with args "systolicarray_2_tb_behav -key {Behavioral:sim_1:Functional:systolicarray_2_tb} -tclbatch {systolicarray_2_tb.tcl} -protoinst "protoinst_files/datatrans_sys.protoinst" -view {/home/grads/t/tamu_vik/ECEN-722/lab8/systolicarray_1_tb_behav.wcfg} -log {simulate.log}"
INFO: [USF-XSim-8] Loading simulator feature
INFO: [Wavedata 42-565] Reading protoinst file protoinst_files/datatrans_sys.protoinst
WARNING: [Wavedata 42-558] Couldn't load one or more protocol instances from protoinst file protoinst_files/datatrans_sys.protoinst for the following reason(s):
There are no instances of module "datatrans_sys" in the design.

Time resolution is 1 ps
open_wave_config /home/grads/t/tamu_vik/ECEN-722/lab8/systolicarray_1_tb_behav.wcfg
WARNING: Simulation object /systolicarray_1_tb/clk was not found in the design.
WARNING: Simulation object /systolicarray_1_tb/rst was not found in the design.
WARNING: Simulation object /systolicarray_1_tb/mi0 was not found in the design.
WARNING: Simulation object /systolicarray_1_tb/mi1 was not found in the design.
WARNING: Simulation object /systolicarray_1_tb/mor was not found in the design.
WARNING: Simulation object /systolicarray_1_tb/size was not found in the design.
WARNING: Simulation object /systolicarray_1_tb/decimal was not found in the design.
source systolicarray_2_tb.tcl
# set curr_wave [current_wave_config]
# if { [string length $curr_wave] == 0 } {
#   if { [llength [get_objects]] > 0} {
#     add_wave /
#     set_property needs_save false [current_wave_config]
#   } else {
#      send_msg_id Add_Wave-1 WARNING "No top level signals found. Simulator will start without a wave window. If you want to open a wave window go to 'File->New Waveform Configuration' or type 'create_wave_config' in the TCL console."
#   }
# }
# run 100ns
INFO: [USF-XSim-96] XSim completed. Design snapshot 'systolicarray_2_tb_behav' loaded.
INFO: [USF-XSim-97] XSim simulation ran for 100ns
launch_simulation: Time (s): cpu = 00:00:07 ; elapsed = 00:00:13 . Memory (MB): peak = 8732.961 ; gain = 10.004 ; free physical = 807829 ; free virtual = 996846
close_sim
INFO: [Simtcl 6-16] Simulation closed
launch_simulation
Command: launch_simulation 
INFO: [Vivado 12-12493] Simulation top is 'systolicarray_2_tb'
INFO: [Vivado 12-5682] Launching behavioral simulation in '/home/grads/t/tamu_vik/ECEN-722/lab8/lab8_base/base/base.sim/sim_1/behav/xsim'
INFO: [Vivado 12-13660] Precompiled IP simulation library mode is enabled (default). The design IP libraries will be referenced from the compiled library path. Please note that if the precompiled version of the library is not found from the path or the IP is in locked state, then the library source files for these IPs will be compiled locally as part of the compile order.
INFO: [Vivado 12-4795] Using compiled simulation libraries for IPs
INFO: [SIM-utils-51] Simulation object is 'sim_1'
INFO: [SIM-utils-72] Using boost library from '/opt/coe/Xilinx/Vivado/2023.1/tps/boost_1_72_0'
INFO: [USF-XSim-7] Finding pre-compiled libraries...
INFO: [USF-XSim-11] File '/opt/coe/Xilinx/Vivado/2023.1/data/xsim/xsim.ini' copied to run dir:'/home/grads/t/tamu_vik/ECEN-722/lab8/lab8_base/base/base.sim/sim_1/behav/xsim'
INFO: [SIM-utils-54] Inspecting design source files for 'systolicarray_2_tb' in fileset 'sim_1'...
INFO: [USF-XSim-97] Finding global include files...
INFO: [USF-XSim-100] Fetching design files from 'sources_1'...(this may take a while)...
INFO: [USF-XSim-101] Fetching design files from 'sim_1'...
INFO: [USF-XSim-2] XSim::Compile design
INFO: [USF-XSim-61] Executing 'COMPILE and ANALYZE' step in '/home/grads/t/tamu_vik/ECEN-722/lab8/lab8_base/base/base.sim/sim_1/behav/xsim'
xvlog --incr --relax -L uvm -L axi_vip_v1_1_14 -L processing_system7_vip_v1_0_16 -L xilinx_vip -prj systolicarray_2_tb_vlog.prj
INFO: [VRFC 10-2263] Analyzing Verilog file "/home/grads/t/tamu_vik/ECEN-722/lab8/lab8_base/base/base.ip_user_files/bd/datatrans_sys/ip/datatrans_sys_processing_system7_0_0/sim/datatrans_sys_processing_system7_0_0.v" into library xil_defaultlib
INFO: [VRFC 10-311] analyzing module datatrans_sys_processing_system7_0_0
INFO: [VRFC 10-2263] Analyzing Verilog file "/home/grads/t/tamu_vik/ECEN-722/lab8/lab8_base/base/base.ip_user_files/bd/datatrans_sys/ip/datatrans_sys_auto_pc_0/sim/datatrans_sys_auto_pc_0.v" into library xil_defaultlib
INFO: [VRFC 10-311] analyzing module datatrans_sys_auto_pc_0
INFO: [VRFC 10-2263] Analyzing Verilog file "/home/grads/t/tamu_vik/ECEN-722/lab8/lab8_base/base/base.ip_user_files/bd/datatrans_sys/ipshared/2ea6/hdl/trans_v1_0_S00_AXI.v" into library xil_defaultlib
INFO: [VRFC 10-311] analyzing module trans_v1_0_S00_AXI
INFO: [VRFC 10-2263] Analyzing Verilog file "/home/grads/t/tamu_vik/ECEN-722/lab8/lab8_base/base/base.ip_user_files/bd/datatrans_sys/ipshared/2ea6/hdl/trans_v1_0.v" into library xil_defaultlib
INFO: [VRFC 10-311] analyzing module trans_v1_0
INFO: [VRFC 10-2263] Analyzing Verilog file "/home/grads/t/tamu_vik/ECEN-722/lab8/lab8_base/base/base.ip_user_files/bd/datatrans_sys/ip/datatrans_sys_trans_0_0/sim/datatrans_sys_trans_0_0.v" into library xil_defaultlib
INFO: [VRFC 10-311] analyzing module datatrans_sys_trans_0_0
INFO: [VRFC 10-2263] Analyzing Verilog file "/home/grads/t/tamu_vik/ECEN-722/lab8/lab8_base/base/base.ip_user_files/bd/datatrans_sys/sim/datatrans_sys.v" into library xil_defaultlib
INFO: [VRFC 10-311] analyzing module datatrans_sys
INFO: [VRFC 10-311] analyzing module datatrans_sys_processing_system7_0_axi_periph_0
INFO: [VRFC 10-311] analyzing module s00_couplers_imp_KKPF6A
INFO: [VRFC 10-2263] Analyzing Verilog file "/home/grads/t/tamu_vik/ECEN-722/lab8/lab8_base/base/base.gen/sources_1/bd/datatrans_sys/hdl/datatrans_sys_wrapper.v" into library xil_defaultlib
INFO: [VRFC 10-311] analyzing module datatrans_sys_wrapper
INFO: [VRFC 10-2263] Analyzing Verilog file "/home/grads/t/tamu_vik/ECEN-722/lab8/lab8_student_code/systolicarray_2.v" into library xil_defaultlib
INFO: [VRFC 10-311] analyzing module systolicarray_2
INFO: [VRFC 10-2263] Analyzing Verilog file "/home/grads/t/tamu_vik/ECEN-722/lab8/lab8_student_code/systolicarray_1.v" into library xil_defaultlib
INFO: [VRFC 10-311] analyzing module systolicarray_1
INFO: [VRFC 10-2263] Analyzing Verilog file "/home/grads/t/tamu_vik/ECEN-722/lab8/lab8_student_code/top_systolicarray.v" into library xil_defaultlib
INFO: [VRFC 10-311] analyzing module top_systolicarray
WARNING: [VRFC 10-2096] empty statement in sequential block [/home/grads/t/tamu_vik/ECEN-722/lab8/lab8_student_code/top_systolicarray.v:124]
INFO: [VRFC 10-2263] Analyzing Verilog file "/home/grads/t/tamu_vik/ECEN-722/lab8/lab8_student_code/multiply.v" into library xil_defaultlib
INFO: [VRFC 10-311] analyzing module multiply
INFO: [VRFC 10-2263] Analyzing Verilog file "/home/grads/t/tamu_vik/ECEN-722/lab8/lab8_student_code/systolicarray_1_unit.v" into library xil_defaultlib
INFO: [VRFC 10-311] analyzing module systolicarray_1_unit
INFO: [VRFC 10-2263] Analyzing Verilog file "/home/grads/t/tamu_vik/ECEN-722/lab8/lab8_student_code/systolicarray_2_unit.v" into library xil_defaultlib
INFO: [VRFC 10-311] analyzing module systolicarray_2_unit
INFO: [VRFC 10-2263] Analyzing Verilog file "/home/grads/t/tamu_vik/ECEN-722/lab8/lab8_student_code/systolicarray_tb.v" into library xil_defaultlib
INFO: [VRFC 10-311] analyzing module systolicarray_1_tb
INFO: [VRFC 10-311] analyzing module systolicarray_2_tb
INFO: [VRFC 10-2263] Analyzing Verilog file "/home/grads/t/tamu_vik/ECEN-722/lab8/lab8_student_code/systolicarray2_tb.v" into library xil_defaultlib
INFO: [VRFC 10-311] analyzing module systolicarray_2_tb
WARNING: [VRFC 10-3609] overwriting previous definition of module 'systolicarray_2_tb' [/home/grads/t/tamu_vik/ECEN-722/lab8/lab8_student_code/systolicarray2_tb.v:3]
xvhdl --incr --relax -prj systolicarray_2_tb_vhdl.prj
Waiting for jobs to finish...
No pending jobs, compilation finished.
INFO: [USF-XSim-69] 'compile' step finished in '4' seconds
INFO: [USF-XSim-3] XSim::Elaborate design
INFO: [USF-XSim-61] Executing 'ELABORATE' step in '/home/grads/t/tamu_vik/ECEN-722/lab8/lab8_base/base/base.sim/sim_1/behav/xsim'
xelab --incr --debug typical --relax --mt 8 -L xil_defaultlib -L axi_infrastructure_v1_1_0 -L axi_vip_v1_1_14 -L processing_system7_vip_v1_0_16 -L generic_baseblocks_v2_1_0 -L fifo_generator_v13_2_8 -L axi_data_fifo_v2_1_27 -L axi_register_slice_v2_1_28 -L axi_protocol_converter_v2_1_28 -L lib_cdc_v1_0_2 -L proc_sys_reset_v5_0_13 -L uvm -L xilinx_vip -L unisims_ver -L unimacro_ver -L secureip -L xpm --snapshot systolicarray_2_tb_behav xil_defaultlib.systolicarray_2_tb xil_defaultlib.glbl -log elaborate.log
Vivado Simulator v2023.1
Copyright 1986-2022 Xilinx, Inc. All Rights Reserved.
Copyright 2022-2023 Advanced Micro Devices, Inc. All Rights Reserved.
Running: /opt/coe/Xilinx/Vivado/2023.1/bin/unwrapped/lnx64.o/xelab --incr --debug typical --relax --mt 8 -L xil_defaultlib -L axi_infrastructure_v1_1_0 -L axi_vip_v1_1_14 -L processing_system7_vip_v1_0_16 -L generic_baseblocks_v2_1_0 -L fifo_generator_v13_2_8 -L axi_data_fifo_v2_1_27 -L axi_register_slice_v2_1_28 -L axi_protocol_converter_v2_1_28 -L lib_cdc_v1_0_2 -L proc_sys_reset_v5_0_13 -L uvm -L xilinx_vip -L unisims_ver -L unimacro_ver -L secureip -L xpm --snapshot systolicarray_2_tb_behav xil_defaultlib.systolicarray_2_tb xil_defaultlib.glbl -log elaborate.log 
Using 8 slave threads.
WARNING: [XSIM 43-3431] One or more environment variables have been detected which affect the operation of the C compiler. These are typically not set in standard installations and are not tested by Xilinx, however they may be appropriate for your system, so the flow will attempt to continue.  If errors occur, try running xelab with the "-mt off -v 1" switches to see more information from the C compiler. The following environment variables have been detected:
    C_INCLUDE_PATH
Starting static elaboration
Pass Through NonSizing Optimizer
Completed static elaboration
Starting simulation data flow analysis
Completed simulation data flow analysis
Time Resolution for simulation is 1ps
Compiling module xil_defaultlib.multiply
Compiling module xil_defaultlib.systolicarray_2_unit
Compiling module xil_defaultlib.systolicarray_2
Compiling module xil_defaultlib.systolicarray_2_tb
Compiling module xil_defaultlib.glbl
Built simulation snapshot systolicarray_2_tb_behav
INFO: [USF-XSim-69] 'elaborate' step finished in '2' seconds
INFO: [USF-XSim-4] XSim::Simulate design
INFO: [USF-XSim-61] Executing 'SIMULATE' step in '/home/grads/t/tamu_vik/ECEN-722/lab8/lab8_base/base/base.sim/sim_1/behav/xsim'
INFO: [USF-XSim-98] *** Running xsim
   with args "systolicarray_2_tb_behav -key {Behavioral:sim_1:Functional:systolicarray_2_tb} -tclbatch {systolicarray_2_tb.tcl} -protoinst "protoinst_files/datatrans_sys.protoinst" -view {/home/grads/t/tamu_vik/ECEN-722/lab8/systolicarray_1_tb_behav.wcfg} -log {simulate.log}"
INFO: [USF-XSim-8] Loading simulator feature
INFO: [Wavedata 42-565] Reading protoinst file protoinst_files/datatrans_sys.protoinst
WARNING: [Wavedata 42-558] Couldn't load one or more protocol instances from protoinst file protoinst_files/datatrans_sys.protoinst for the following reason(s):
There are no instances of module "datatrans_sys" in the design.

Time resolution is 1 ps
open_wave_config /home/grads/t/tamu_vik/ECEN-722/lab8/systolicarray_1_tb_behav.wcfg
ERROR: [Wavedata 42-472] WCFG parsing ERROR: 
Fatal Error at file /home/grads/t/tamu_vik/ECEN-722/lab8/systolicarray_1_tb_behav.wcfg, line 1, char 1
  Message: invalid document structure

ERROR: [Wavedata 42-472] WCFG parsing ERROR: 
Fatal Error at file /home/grads/t/tamu_vik/ECEN-722/lab8/systolicarray_1_tb_behav.wcfg, line 1, char 1
  Message: invalid document structure

ERROR: [Common 17-39] 'open_wave_config' failed due to earlier errors.
source systolicarray_2_tb.tcl
# set curr_wave [current_wave_config]
# if { [string length $curr_wave] == 0 } {
#   if { [llength [get_objects]] > 0} {
#     add_wave /
#     set_property needs_save false [current_wave_config]
#   } else {
#      send_msg_id Add_Wave-1 WARNING "No top level signals found. Simulator will start without a wave window. If you want to open a wave window go to 'File->New Waveform Configuration' or type 'create_wave_config' in the TCL console."
#   }
# }
# run 100ns
INFO: [USF-XSim-96] XSim completed. Design snapshot 'systolicarray_2_tb_behav' loaded.
INFO: [USF-XSim-97] XSim simulation ran for 100ns
launch_simulation: Time (s): cpu = 00:00:07 ; elapsed = 00:00:13 . Memory (MB): peak = 8738.961 ; gain = 6.000 ; free physical = 809882 ; free virtual = 998900
close_sim
INFO: [Simtcl 6-16] Simulation closed
launch_simulation
Command: launch_simulation 
INFO: [Vivado 12-12493] Simulation top is 'systolicarray_2_tb'
INFO: [Vivado 12-5682] Launching behavioral simulation in '/home/grads/t/tamu_vik/ECEN-722/lab8/lab8_base/base/base.sim/sim_1/behav/xsim'
INFO: [Vivado 12-13660] Precompiled IP simulation library mode is enabled (default). The design IP libraries will be referenced from the compiled library path. Please note that if the precompiled version of the library is not found from the path or the IP is in locked state, then the library source files for these IPs will be compiled locally as part of the compile order.
INFO: [Vivado 12-4795] Using compiled simulation libraries for IPs
INFO: [SIM-utils-51] Simulation object is 'sim_1'
INFO: [SIM-utils-72] Using boost library from '/opt/coe/Xilinx/Vivado/2023.1/tps/boost_1_72_0'
INFO: [USF-XSim-7] Finding pre-compiled libraries...
INFO: [USF-XSim-11] File '/opt/coe/Xilinx/Vivado/2023.1/data/xsim/xsim.ini' copied to run dir:'/home/grads/t/tamu_vik/ECEN-722/lab8/lab8_base/base/base.sim/sim_1/behav/xsim'
INFO: [SIM-utils-54] Inspecting design source files for 'systolicarray_2_tb' in fileset 'sim_1'...
INFO: [USF-XSim-97] Finding global include files...
INFO: [USF-XSim-100] Fetching design files from 'sources_1'...(this may take a while)...
INFO: [USF-XSim-101] Fetching design files from 'sim_1'...
INFO: [USF-XSim-2] XSim::Compile design
INFO: [USF-XSim-61] Executing 'COMPILE and ANALYZE' step in '/home/grads/t/tamu_vik/ECEN-722/lab8/lab8_base/base/base.sim/sim_1/behav/xsim'
xvlog --incr --relax -L uvm -L axi_vip_v1_1_14 -L processing_system7_vip_v1_0_16 -L xilinx_vip -prj systolicarray_2_tb_vlog.prj
INFO: [VRFC 10-2263] Analyzing Verilog file "/home/grads/t/tamu_vik/ECEN-722/lab8/lab8_base/base/base.ip_user_files/bd/datatrans_sys/ip/datatrans_sys_processing_system7_0_0/sim/datatrans_sys_processing_system7_0_0.v" into library xil_defaultlib
INFO: [VRFC 10-311] analyzing module datatrans_sys_processing_system7_0_0
INFO: [VRFC 10-2263] Analyzing Verilog file "/home/grads/t/tamu_vik/ECEN-722/lab8/lab8_base/base/base.ip_user_files/bd/datatrans_sys/ip/datatrans_sys_auto_pc_0/sim/datatrans_sys_auto_pc_0.v" into library xil_defaultlib
INFO: [VRFC 10-311] analyzing module datatrans_sys_auto_pc_0
INFO: [VRFC 10-2263] Analyzing Verilog file "/home/grads/t/tamu_vik/ECEN-722/lab8/lab8_base/base/base.ip_user_files/bd/datatrans_sys/ipshared/2ea6/hdl/trans_v1_0_S00_AXI.v" into library xil_defaultlib
INFO: [VRFC 10-311] analyzing module trans_v1_0_S00_AXI
INFO: [VRFC 10-2263] Analyzing Verilog file "/home/grads/t/tamu_vik/ECEN-722/lab8/lab8_base/base/base.ip_user_files/bd/datatrans_sys/ipshared/2ea6/hdl/trans_v1_0.v" into library xil_defaultlib
INFO: [VRFC 10-311] analyzing module trans_v1_0
INFO: [VRFC 10-2263] Analyzing Verilog file "/home/grads/t/tamu_vik/ECEN-722/lab8/lab8_base/base/base.ip_user_files/bd/datatrans_sys/ip/datatrans_sys_trans_0_0/sim/datatrans_sys_trans_0_0.v" into library xil_defaultlib
INFO: [VRFC 10-311] analyzing module datatrans_sys_trans_0_0
INFO: [VRFC 10-2263] Analyzing Verilog file "/home/grads/t/tamu_vik/ECEN-722/lab8/lab8_base/base/base.ip_user_files/bd/datatrans_sys/sim/datatrans_sys.v" into library xil_defaultlib
INFO: [VRFC 10-311] analyzing module datatrans_sys
INFO: [VRFC 10-311] analyzing module datatrans_sys_processing_system7_0_axi_periph_0
INFO: [VRFC 10-311] analyzing module s00_couplers_imp_KKPF6A
INFO: [VRFC 10-2263] Analyzing Verilog file "/home/grads/t/tamu_vik/ECEN-722/lab8/lab8_base/base/base.gen/sources_1/bd/datatrans_sys/hdl/datatrans_sys_wrapper.v" into library xil_defaultlib
INFO: [VRFC 10-311] analyzing module datatrans_sys_wrapper
INFO: [VRFC 10-2263] Analyzing Verilog file "/home/grads/t/tamu_vik/ECEN-722/lab8/lab8_student_code/systolicarray_2.v" into library xil_defaultlib
INFO: [VRFC 10-311] analyzing module systolicarray_2
INFO: [VRFC 10-2263] Analyzing Verilog file "/home/grads/t/tamu_vik/ECEN-722/lab8/lab8_student_code/systolicarray_1.v" into library xil_defaultlib
INFO: [VRFC 10-311] analyzing module systolicarray_1
INFO: [VRFC 10-2263] Analyzing Verilog file "/home/grads/t/tamu_vik/ECEN-722/lab8/lab8_student_code/top_systolicarray.v" into library xil_defaultlib
INFO: [VRFC 10-311] analyzing module top_systolicarray
WARNING: [VRFC 10-2096] empty statement in sequential block [/home/grads/t/tamu_vik/ECEN-722/lab8/lab8_student_code/top_systolicarray.v:124]
INFO: [VRFC 10-2263] Analyzing Verilog file "/home/grads/t/tamu_vik/ECEN-722/lab8/lab8_student_code/multiply.v" into library xil_defaultlib
INFO: [VRFC 10-311] analyzing module multiply
INFO: [VRFC 10-2263] Analyzing Verilog file "/home/grads/t/tamu_vik/ECEN-722/lab8/lab8_student_code/systolicarray_1_unit.v" into library xil_defaultlib
INFO: [VRFC 10-311] analyzing module systolicarray_1_unit
INFO: [VRFC 10-2263] Analyzing Verilog file "/home/grads/t/tamu_vik/ECEN-722/lab8/lab8_student_code/systolicarray_2_unit.v" into library xil_defaultlib
INFO: [VRFC 10-311] analyzing module systolicarray_2_unit
INFO: [VRFC 10-2263] Analyzing Verilog file "/home/grads/t/tamu_vik/ECEN-722/lab8/lab8_student_code/systolicarray_tb.v" into library xil_defaultlib
INFO: [VRFC 10-311] analyzing module systolicarray_1_tb
INFO: [VRFC 10-311] analyzing module systolicarray_2_tb
INFO: [VRFC 10-2263] Analyzing Verilog file "/home/grads/t/tamu_vik/ECEN-722/lab8/lab8_student_code/systolicarray2_tb.v" into library xil_defaultlib
INFO: [VRFC 10-311] analyzing module systolicarray_2_tb
WARNING: [VRFC 10-3609] overwriting previous definition of module 'systolicarray_2_tb' [/home/grads/t/tamu_vik/ECEN-722/lab8/lab8_student_code/systolicarray2_tb.v:3]
xvhdl --incr --relax -prj systolicarray_2_tb_vhdl.prj
Waiting for jobs to finish...
No pending jobs, compilation finished.
INFO: [USF-XSim-69] 'compile' step finished in '3' seconds
INFO: [USF-XSim-3] XSim::Elaborate design
INFO: [USF-XSim-61] Executing 'ELABORATE' step in '/home/grads/t/tamu_vik/ECEN-722/lab8/lab8_base/base/base.sim/sim_1/behav/xsim'
xelab --incr --debug typical --relax --mt 8 -L xil_defaultlib -L axi_infrastructure_v1_1_0 -L axi_vip_v1_1_14 -L processing_system7_vip_v1_0_16 -L generic_baseblocks_v2_1_0 -L fifo_generator_v13_2_8 -L axi_data_fifo_v2_1_27 -L axi_register_slice_v2_1_28 -L axi_protocol_converter_v2_1_28 -L lib_cdc_v1_0_2 -L proc_sys_reset_v5_0_13 -L uvm -L xilinx_vip -L unisims_ver -L unimacro_ver -L secureip -L xpm --snapshot systolicarray_2_tb_behav xil_defaultlib.systolicarray_2_tb xil_defaultlib.glbl -log elaborate.log
Vivado Simulator v2023.1
Copyright 1986-2022 Xilinx, Inc. All Rights Reserved.
Copyright 2022-2023 Advanced Micro Devices, Inc. All Rights Reserved.
Running: /opt/coe/Xilinx/Vivado/2023.1/bin/unwrapped/lnx64.o/xelab --incr --debug typical --relax --mt 8 -L xil_defaultlib -L axi_infrastructure_v1_1_0 -L axi_vip_v1_1_14 -L processing_system7_vip_v1_0_16 -L generic_baseblocks_v2_1_0 -L fifo_generator_v13_2_8 -L axi_data_fifo_v2_1_27 -L axi_register_slice_v2_1_28 -L axi_protocol_converter_v2_1_28 -L lib_cdc_v1_0_2 -L proc_sys_reset_v5_0_13 -L uvm -L xilinx_vip -L unisims_ver -L unimacro_ver -L secureip -L xpm --snapshot systolicarray_2_tb_behav xil_defaultlib.systolicarray_2_tb xil_defaultlib.glbl -log elaborate.log 
Using 8 slave threads.
WARNING: [XSIM 43-3431] One or more environment variables have been detected which affect the operation of the C compiler. These are typically not set in standard installations and are not tested by Xilinx, however they may be appropriate for your system, so the flow will attempt to continue.  If errors occur, try running xelab with the "-mt off -v 1" switches to see more information from the C compiler. The following environment variables have been detected:
    C_INCLUDE_PATH
Starting static elaboration
Pass Through NonSizing Optimizer
Completed static elaboration
Starting simulation data flow analysis
Completed simulation data flow analysis
Time Resolution for simulation is 1ps
Compiling module xil_defaultlib.multiply
Compiling module xil_defaultlib.systolicarray_2_unit
Compiling module xil_defaultlib.systolicarray_2
Compiling module xil_defaultlib.systolicarray_2_tb
Compiling module xil_defaultlib.glbl
Built simulation snapshot systolicarray_2_tb_behav
INFO: [USF-XSim-69] 'elaborate' step finished in '2' seconds
INFO: [USF-XSim-4] XSim::Simulate design
INFO: [USF-XSim-61] Executing 'SIMULATE' step in '/home/grads/t/tamu_vik/ECEN-722/lab8/lab8_base/base/base.sim/sim_1/behav/xsim'
INFO: [USF-XSim-98] *** Running xsim
   with args "systolicarray_2_tb_behav -key {Behavioral:sim_1:Functional:systolicarray_2_tb} -tclbatch {systolicarray_2_tb.tcl} -protoinst "protoinst_files/datatrans_sys.protoinst" -view {/home/grads/t/tamu_vik/ECEN-722/lab8/systolicarray_1_tb_behav.wcfg} -log {simulate.log}"
INFO: [USF-XSim-8] Loading simulator feature
INFO: [Wavedata 42-565] Reading protoinst file protoinst_files/datatrans_sys.protoinst
WARNING: [Wavedata 42-558] Couldn't load one or more protocol instances from protoinst file protoinst_files/datatrans_sys.protoinst for the following reason(s):
There are no instances of module "datatrans_sys" in the design.

Time resolution is 1 ps
open_wave_config /home/grads/t/tamu_vik/ECEN-722/lab8/systolicarray_1_tb_behav.wcfg
ERROR: [Wavedata 42-472] WCFG parsing ERROR: 
Fatal Error at file /home/grads/t/tamu_vik/ECEN-722/lab8/systolicarray_1_tb_behav.wcfg, line 1, char 1
  Message: invalid document structure

ERROR: [Wavedata 42-472] WCFG parsing ERROR: 
Fatal Error at file /home/grads/t/tamu_vik/ECEN-722/lab8/systolicarray_1_tb_behav.wcfg, line 1, char 1
  Message: invalid document structure

ERROR: [Common 17-39] 'open_wave_config' failed due to earlier errors.
source systolicarray_2_tb.tcl
# set curr_wave [current_wave_config]
# if { [string length $curr_wave] == 0 } {
#   if { [llength [get_objects]] > 0} {
#     add_wave /
#     set_property needs_save false [current_wave_config]
#   } else {
#      send_msg_id Add_Wave-1 WARNING "No top level signals found. Simulator will start without a wave window. If you want to open a wave window go to 'File->New Waveform Configuration' or type 'create_wave_config' in the TCL console."
#   }
# }
# run 100ns
INFO: [USF-XSim-96] XSim completed. Design snapshot 'systolicarray_2_tb_behav' loaded.
INFO: [USF-XSim-97] XSim simulation ran for 100ns
launch_simulation: Time (s): cpu = 00:00:06 ; elapsed = 00:00:11 . Memory (MB): peak = 8752.250 ; gain = 10.004 ; free physical = 809822 ; free virtual = 998842
close_sim
INFO: [Simtcl 6-16] Simulation closed
launch_simulation
Command: launch_simulation 
INFO: [Vivado 12-12493] Simulation top is 'systolicarray_2_tb'
INFO: [Vivado 12-5682] Launching behavioral simulation in '/home/grads/t/tamu_vik/ECEN-722/lab8/lab8_base/base/base.sim/sim_1/behav/xsim'
INFO: [Vivado 12-13660] Precompiled IP simulation library mode is enabled (default). The design IP libraries will be referenced from the compiled library path. Please note that if the precompiled version of the library is not found from the path or the IP is in locked state, then the library source files for these IPs will be compiled locally as part of the compile order.
INFO: [Vivado 12-4795] Using compiled simulation libraries for IPs
INFO: [SIM-utils-51] Simulation object is 'sim_1'
INFO: [SIM-utils-72] Using boost library from '/opt/coe/Xilinx/Vivado/2023.1/tps/boost_1_72_0'
INFO: [USF-XSim-7] Finding pre-compiled libraries...
INFO: [USF-XSim-11] File '/opt/coe/Xilinx/Vivado/2023.1/data/xsim/xsim.ini' copied to run dir:'/home/grads/t/tamu_vik/ECEN-722/lab8/lab8_base/base/base.sim/sim_1/behav/xsim'
INFO: [SIM-utils-54] Inspecting design source files for 'systolicarray_2_tb' in fileset 'sim_1'...
INFO: [USF-XSim-97] Finding global include files...
INFO: [USF-XSim-100] Fetching design files from 'sources_1'...(this may take a while)...
INFO: [USF-XSim-101] Fetching design files from 'sim_1'...
INFO: [USF-XSim-2] XSim::Compile design
INFO: [USF-XSim-61] Executing 'COMPILE and ANALYZE' step in '/home/grads/t/tamu_vik/ECEN-722/lab8/lab8_base/base/base.sim/sim_1/behav/xsim'
xvlog --incr --relax -L uvm -L axi_vip_v1_1_14 -L processing_system7_vip_v1_0_16 -L xilinx_vip -prj systolicarray_2_tb_vlog.prj
INFO: [VRFC 10-2263] Analyzing Verilog file "/home/grads/t/tamu_vik/ECEN-722/lab8/lab8_base/base/base.ip_user_files/bd/datatrans_sys/ip/datatrans_sys_processing_system7_0_0/sim/datatrans_sys_processing_system7_0_0.v" into library xil_defaultlib
INFO: [VRFC 10-311] analyzing module datatrans_sys_processing_system7_0_0
INFO: [VRFC 10-2263] Analyzing Verilog file "/home/grads/t/tamu_vik/ECEN-722/lab8/lab8_base/base/base.ip_user_files/bd/datatrans_sys/ip/datatrans_sys_auto_pc_0/sim/datatrans_sys_auto_pc_0.v" into library xil_defaultlib
INFO: [VRFC 10-311] analyzing module datatrans_sys_auto_pc_0
INFO: [VRFC 10-2263] Analyzing Verilog file "/home/grads/t/tamu_vik/ECEN-722/lab8/lab8_base/base/base.ip_user_files/bd/datatrans_sys/ipshared/2ea6/hdl/trans_v1_0_S00_AXI.v" into library xil_defaultlib
INFO: [VRFC 10-311] analyzing module trans_v1_0_S00_AXI
INFO: [VRFC 10-2263] Analyzing Verilog file "/home/grads/t/tamu_vik/ECEN-722/lab8/lab8_base/base/base.ip_user_files/bd/datatrans_sys/ipshared/2ea6/hdl/trans_v1_0.v" into library xil_defaultlib
INFO: [VRFC 10-311] analyzing module trans_v1_0
INFO: [VRFC 10-2263] Analyzing Verilog file "/home/grads/t/tamu_vik/ECEN-722/lab8/lab8_base/base/base.ip_user_files/bd/datatrans_sys/ip/datatrans_sys_trans_0_0/sim/datatrans_sys_trans_0_0.v" into library xil_defaultlib
INFO: [VRFC 10-311] analyzing module datatrans_sys_trans_0_0
INFO: [VRFC 10-2263] Analyzing Verilog file "/home/grads/t/tamu_vik/ECEN-722/lab8/lab8_base/base/base.ip_user_files/bd/datatrans_sys/sim/datatrans_sys.v" into library xil_defaultlib
INFO: [VRFC 10-311] analyzing module datatrans_sys
INFO: [VRFC 10-311] analyzing module datatrans_sys_processing_system7_0_axi_periph_0
INFO: [VRFC 10-311] analyzing module s00_couplers_imp_KKPF6A
INFO: [VRFC 10-2263] Analyzing Verilog file "/home/grads/t/tamu_vik/ECEN-722/lab8/lab8_base/base/base.gen/sources_1/bd/datatrans_sys/hdl/datatrans_sys_wrapper.v" into library xil_defaultlib
INFO: [VRFC 10-311] analyzing module datatrans_sys_wrapper
INFO: [VRFC 10-2263] Analyzing Verilog file "/home/grads/t/tamu_vik/ECEN-722/lab8/lab8_student_code/systolicarray_2.v" into library xil_defaultlib
INFO: [VRFC 10-311] analyzing module systolicarray_2
INFO: [VRFC 10-2263] Analyzing Verilog file "/home/grads/t/tamu_vik/ECEN-722/lab8/lab8_student_code/systolicarray_1.v" into library xil_defaultlib
INFO: [VRFC 10-311] analyzing module systolicarray_1
INFO: [VRFC 10-2263] Analyzing Verilog file "/home/grads/t/tamu_vik/ECEN-722/lab8/lab8_student_code/top_systolicarray.v" into library xil_defaultlib
INFO: [VRFC 10-311] analyzing module top_systolicarray
WARNING: [VRFC 10-2096] empty statement in sequential block [/home/grads/t/tamu_vik/ECEN-722/lab8/lab8_student_code/top_systolicarray.v:124]
INFO: [VRFC 10-2263] Analyzing Verilog file "/home/grads/t/tamu_vik/ECEN-722/lab8/lab8_student_code/multiply.v" into library xil_defaultlib
INFO: [VRFC 10-311] analyzing module multiply
INFO: [VRFC 10-2263] Analyzing Verilog file "/home/grads/t/tamu_vik/ECEN-722/lab8/lab8_student_code/systolicarray_1_unit.v" into library xil_defaultlib
INFO: [VRFC 10-311] analyzing module systolicarray_1_unit
INFO: [VRFC 10-2263] Analyzing Verilog file "/home/grads/t/tamu_vik/ECEN-722/lab8/lab8_student_code/systolicarray_2_unit.v" into library xil_defaultlib
INFO: [VRFC 10-311] analyzing module systolicarray_2_unit
INFO: [VRFC 10-2263] Analyzing Verilog file "/home/grads/t/tamu_vik/ECEN-722/lab8/lab8_student_code/systolicarray_tb.v" into library xil_defaultlib
INFO: [VRFC 10-311] analyzing module systolicarray_1_tb
INFO: [VRFC 10-311] analyzing module systolicarray_2_tb
INFO: [VRFC 10-2263] Analyzing Verilog file "/home/grads/t/tamu_vik/ECEN-722/lab8/lab8_student_code/systolicarray2_tb.v" into library xil_defaultlib
INFO: [VRFC 10-311] analyzing module systolicarray_2_tb
WARNING: [VRFC 10-3609] overwriting previous definition of module 'systolicarray_2_tb' [/home/grads/t/tamu_vik/ECEN-722/lab8/lab8_student_code/systolicarray2_tb.v:3]
xvhdl --incr --relax -prj systolicarray_2_tb_vhdl.prj
Waiting for jobs to finish...
No pending jobs, compilation finished.
INFO: [USF-XSim-69] 'compile' step finished in '4' seconds
INFO: [USF-XSim-3] XSim::Elaborate design
INFO: [USF-XSim-61] Executing 'ELABORATE' step in '/home/grads/t/tamu_vik/ECEN-722/lab8/lab8_base/base/base.sim/sim_1/behav/xsim'
xelab --incr --debug typical --relax --mt 8 -L xil_defaultlib -L axi_infrastructure_v1_1_0 -L axi_vip_v1_1_14 -L processing_system7_vip_v1_0_16 -L generic_baseblocks_v2_1_0 -L fifo_generator_v13_2_8 -L axi_data_fifo_v2_1_27 -L axi_register_slice_v2_1_28 -L axi_protocol_converter_v2_1_28 -L lib_cdc_v1_0_2 -L proc_sys_reset_v5_0_13 -L uvm -L xilinx_vip -L unisims_ver -L unimacro_ver -L secureip -L xpm --snapshot systolicarray_2_tb_behav xil_defaultlib.systolicarray_2_tb xil_defaultlib.glbl -log elaborate.log
Vivado Simulator v2023.1
Copyright 1986-2022 Xilinx, Inc. All Rights Reserved.
Copyright 2022-2023 Advanced Micro Devices, Inc. All Rights Reserved.
Running: /opt/coe/Xilinx/Vivado/2023.1/bin/unwrapped/lnx64.o/xelab --incr --debug typical --relax --mt 8 -L xil_defaultlib -L axi_infrastructure_v1_1_0 -L axi_vip_v1_1_14 -L processing_system7_vip_v1_0_16 -L generic_baseblocks_v2_1_0 -L fifo_generator_v13_2_8 -L axi_data_fifo_v2_1_27 -L axi_register_slice_v2_1_28 -L axi_protocol_converter_v2_1_28 -L lib_cdc_v1_0_2 -L proc_sys_reset_v5_0_13 -L uvm -L xilinx_vip -L unisims_ver -L unimacro_ver -L secureip -L xpm --snapshot systolicarray_2_tb_behav xil_defaultlib.systolicarray_2_tb xil_defaultlib.glbl -log elaborate.log 
Using 8 slave threads.
WARNING: [XSIM 43-3431] One or more environment variables have been detected which affect the operation of the C compiler. These are typically not set in standard installations and are not tested by Xilinx, however they may be appropriate for your system, so the flow will attempt to continue.  If errors occur, try running xelab with the "-mt off -v 1" switches to see more information from the C compiler. The following environment variables have been detected:
    C_INCLUDE_PATH
Starting static elaboration
Pass Through NonSizing Optimizer
Completed static elaboration
Starting simulation data flow analysis
Completed simulation data flow analysis
Time Resolution for simulation is 1ps
Compiling module xil_defaultlib.multiply
Compiling module xil_defaultlib.systolicarray_2_unit
Compiling module xil_defaultlib.systolicarray_2
Compiling module xil_defaultlib.systolicarray_2_tb
Compiling module xil_defaultlib.glbl
Built simulation snapshot systolicarray_2_tb_behav
INFO: [USF-XSim-69] 'elaborate' step finished in '3' seconds
INFO: [USF-XSim-4] XSim::Simulate design
INFO: [USF-XSim-61] Executing 'SIMULATE' step in '/home/grads/t/tamu_vik/ECEN-722/lab8/lab8_base/base/base.sim/sim_1/behav/xsim'
INFO: [USF-XSim-98] *** Running xsim
   with args "systolicarray_2_tb_behav -key {Behavioral:sim_1:Functional:systolicarray_2_tb} -tclbatch {systolicarray_2_tb.tcl} -protoinst "protoinst_files/datatrans_sys.protoinst" -view {/home/grads/t/tamu_vik/ECEN-722/lab8/systolicarray_1_tb_behav.wcfg} -log {simulate.log}"
INFO: [USF-XSim-8] Loading simulator feature
INFO: [Wavedata 42-565] Reading protoinst file protoinst_files/datatrans_sys.protoinst
WARNING: [Wavedata 42-558] Couldn't load one or more protocol instances from protoinst file protoinst_files/datatrans_sys.protoinst for the following reason(s):
There are no instances of module "datatrans_sys" in the design.

Time resolution is 1 ps
open_wave_config /home/grads/t/tamu_vik/ECEN-722/lab8/systolicarray_1_tb_behav.wcfg
ERROR: [Wavedata 42-472] WCFG parsing ERROR: 
Fatal Error at file /home/grads/t/tamu_vik/ECEN-722/lab8/systolicarray_1_tb_behav.wcfg, line 1, char 1
  Message: invalid document structure

ERROR: [Wavedata 42-472] WCFG parsing ERROR: 
Fatal Error at file /home/grads/t/tamu_vik/ECEN-722/lab8/systolicarray_1_tb_behav.wcfg, line 1, char 1
  Message: invalid document structure

ERROR: [Common 17-39] 'open_wave_config' failed due to earlier errors.
source systolicarray_2_tb.tcl
# set curr_wave [current_wave_config]
# if { [string length $curr_wave] == 0 } {
#   if { [llength [get_objects]] > 0} {
#     add_wave /
#     set_property needs_save false [current_wave_config]
#   } else {
#      send_msg_id Add_Wave-1 WARNING "No top level signals found. Simulator will start without a wave window. If you want to open a wave window go to 'File->New Waveform Configuration' or type 'create_wave_config' in the TCL console."
#   }
# }
# run 100ns
INFO: [USF-XSim-96] XSim completed. Design snapshot 'systolicarray_2_tb_behav' loaded.
INFO: [USF-XSim-97] XSim simulation ran for 100ns
launch_simulation: Time (s): cpu = 00:00:06 ; elapsed = 00:00:12 . Memory (MB): peak = 8752.250 ; gain = 0.000 ; free physical = 810498 ; free virtual = 1000196
set_property SOURCE_SET sources_1 [get_filesets sim_1]
add_files -fileset sim_1 -norecurse /home/grads/t/tamu_vik/ECEN-722/lab8/lab8_student_code/systolicarray_tb.v
WARNING: [filemgmt 56-12] File '/home/grads/t/tamu_vik/ECEN-722/lab8/lab8_student_code/systolicarray_tb.v' cannot be added to the project because it already exists in the project, skipping this file
export_ip_user_files -of_objects  [get_files /home/grads/t/tamu_vik/ECEN-722/lab8/systolicarray_1_tb_behav.wcfg] -no_script -reset -force -quiet
remove_files  -fileset sim_1 /home/grads/t/tamu_vik/ECEN-722/lab8/systolicarray_1_tb_behav.wcfg
close_sim
INFO: [Simtcl 6-16] Simulation closed
launch_simulation
Command: launch_simulation 
INFO: [Vivado 12-12493] Simulation top is 'systolicarray_2_tb'
INFO: [Vivado 12-5682] Launching behavioral simulation in '/home/grads/t/tamu_vik/ECEN-722/lab8/lab8_base/base/base.sim/sim_1/behav/xsim'
INFO: [Vivado 12-13660] Precompiled IP simulation library mode is enabled (default). The design IP libraries will be referenced from the compiled library path. Please note that if the precompiled version of the library is not found from the path or the IP is in locked state, then the library source files for these IPs will be compiled locally as part of the compile order.
INFO: [Vivado 12-4795] Using compiled simulation libraries for IPs
INFO: [SIM-utils-51] Simulation object is 'sim_1'
INFO: [SIM-utils-72] Using boost library from '/opt/coe/Xilinx/Vivado/2023.1/tps/boost_1_72_0'
INFO: [USF-XSim-7] Finding pre-compiled libraries...
INFO: [USF-XSim-11] File '/opt/coe/Xilinx/Vivado/2023.1/data/xsim/xsim.ini' copied to run dir:'/home/grads/t/tamu_vik/ECEN-722/lab8/lab8_base/base/base.sim/sim_1/behav/xsim'
INFO: [SIM-utils-54] Inspecting design source files for 'systolicarray_2_tb' in fileset 'sim_1'...
INFO: [USF-XSim-97] Finding global include files...
INFO: [USF-XSim-100] Fetching design files from 'sources_1'...(this may take a while)...
INFO: [USF-XSim-101] Fetching design files from 'sim_1'...
INFO: [USF-XSim-2] XSim::Compile design
INFO: [USF-XSim-61] Executing 'COMPILE and ANALYZE' step in '/home/grads/t/tamu_vik/ECEN-722/lab8/lab8_base/base/base.sim/sim_1/behav/xsim'
xvlog --incr --relax -L uvm -L axi_vip_v1_1_14 -L processing_system7_vip_v1_0_16 -L xilinx_vip -prj systolicarray_2_tb_vlog.prj
INFO: [VRFC 10-2263] Analyzing Verilog file "/home/grads/t/tamu_vik/ECEN-722/lab8/lab8_base/base/base.ip_user_files/bd/datatrans_sys/ip/datatrans_sys_processing_system7_0_0/sim/datatrans_sys_processing_system7_0_0.v" into library xil_defaultlib
INFO: [VRFC 10-311] analyzing module datatrans_sys_processing_system7_0_0
INFO: [VRFC 10-2263] Analyzing Verilog file "/home/grads/t/tamu_vik/ECEN-722/lab8/lab8_base/base/base.ip_user_files/bd/datatrans_sys/ip/datatrans_sys_auto_pc_0/sim/datatrans_sys_auto_pc_0.v" into library xil_defaultlib
INFO: [VRFC 10-311] analyzing module datatrans_sys_auto_pc_0
INFO: [VRFC 10-2263] Analyzing Verilog file "/home/grads/t/tamu_vik/ECEN-722/lab8/lab8_base/base/base.ip_user_files/bd/datatrans_sys/ipshared/2ea6/hdl/trans_v1_0_S00_AXI.v" into library xil_defaultlib
INFO: [VRFC 10-311] analyzing module trans_v1_0_S00_AXI
INFO: [VRFC 10-2263] Analyzing Verilog file "/home/grads/t/tamu_vik/ECEN-722/lab8/lab8_base/base/base.ip_user_files/bd/datatrans_sys/ipshared/2ea6/hdl/trans_v1_0.v" into library xil_defaultlib
INFO: [VRFC 10-311] analyzing module trans_v1_0
INFO: [VRFC 10-2263] Analyzing Verilog file "/home/grads/t/tamu_vik/ECEN-722/lab8/lab8_base/base/base.ip_user_files/bd/datatrans_sys/ip/datatrans_sys_trans_0_0/sim/datatrans_sys_trans_0_0.v" into library xil_defaultlib
INFO: [VRFC 10-311] analyzing module datatrans_sys_trans_0_0
INFO: [VRFC 10-2263] Analyzing Verilog file "/home/grads/t/tamu_vik/ECEN-722/lab8/lab8_base/base/base.ip_user_files/bd/datatrans_sys/sim/datatrans_sys.v" into library xil_defaultlib
INFO: [VRFC 10-311] analyzing module datatrans_sys
INFO: [VRFC 10-311] analyzing module datatrans_sys_processing_system7_0_axi_periph_0
INFO: [VRFC 10-311] analyzing module s00_couplers_imp_KKPF6A
INFO: [VRFC 10-2263] Analyzing Verilog file "/home/grads/t/tamu_vik/ECEN-722/lab8/lab8_base/base/base.gen/sources_1/bd/datatrans_sys/hdl/datatrans_sys_wrapper.v" into library xil_defaultlib
INFO: [VRFC 10-311] analyzing module datatrans_sys_wrapper
INFO: [VRFC 10-2263] Analyzing Verilog file "/home/grads/t/tamu_vik/ECEN-722/lab8/lab8_student_code/systolicarray_2.v" into library xil_defaultlib
INFO: [VRFC 10-311] analyzing module systolicarray_2
INFO: [VRFC 10-2263] Analyzing Verilog file "/home/grads/t/tamu_vik/ECEN-722/lab8/lab8_student_code/systolicarray_1.v" into library xil_defaultlib
INFO: [VRFC 10-311] analyzing module systolicarray_1
INFO: [VRFC 10-2263] Analyzing Verilog file "/home/grads/t/tamu_vik/ECEN-722/lab8/lab8_student_code/top_systolicarray.v" into library xil_defaultlib
INFO: [VRFC 10-311] analyzing module top_systolicarray
WARNING: [VRFC 10-2096] empty statement in sequential block [/home/grads/t/tamu_vik/ECEN-722/lab8/lab8_student_code/top_systolicarray.v:124]
INFO: [VRFC 10-2263] Analyzing Verilog file "/home/grads/t/tamu_vik/ECEN-722/lab8/lab8_student_code/multiply.v" into library xil_defaultlib
INFO: [VRFC 10-311] analyzing module multiply
INFO: [VRFC 10-2263] Analyzing Verilog file "/home/grads/t/tamu_vik/ECEN-722/lab8/lab8_student_code/systolicarray_1_unit.v" into library xil_defaultlib
INFO: [VRFC 10-311] analyzing module systolicarray_1_unit
INFO: [VRFC 10-2263] Analyzing Verilog file "/home/grads/t/tamu_vik/ECEN-722/lab8/lab8_student_code/systolicarray_2_unit.v" into library xil_defaultlib
INFO: [VRFC 10-311] analyzing module systolicarray_2_unit
INFO: [VRFC 10-2263] Analyzing Verilog file "/home/grads/t/tamu_vik/ECEN-722/lab8/lab8_student_code/systolicarray_tb.v" into library xil_defaultlib
INFO: [VRFC 10-311] analyzing module systolicarray_1_tb
INFO: [VRFC 10-311] analyzing module systolicarray_2_tb
INFO: [VRFC 10-2263] Analyzing Verilog file "/home/grads/t/tamu_vik/ECEN-722/lab8/lab8_student_code/systolicarray2_tb.v" into library xil_defaultlib
INFO: [VRFC 10-311] analyzing module systolicarray_2_tb
WARNING: [VRFC 10-3609] overwriting previous definition of module 'systolicarray_2_tb' [/home/grads/t/tamu_vik/ECEN-722/lab8/lab8_student_code/systolicarray2_tb.v:3]
xvhdl --incr --relax -prj systolicarray_2_tb_vhdl.prj
Waiting for jobs to finish...
No pending jobs, compilation finished.
INFO: [USF-XSim-69] 'compile' step finished in '3' seconds
INFO: [USF-XSim-3] XSim::Elaborate design
INFO: [USF-XSim-61] Executing 'ELABORATE' step in '/home/grads/t/tamu_vik/ECEN-722/lab8/lab8_base/base/base.sim/sim_1/behav/xsim'
xelab --incr --debug typical --relax --mt 8 -L xil_defaultlib -L axi_infrastructure_v1_1_0 -L axi_vip_v1_1_14 -L processing_system7_vip_v1_0_16 -L generic_baseblocks_v2_1_0 -L fifo_generator_v13_2_8 -L axi_data_fifo_v2_1_27 -L axi_register_slice_v2_1_28 -L axi_protocol_converter_v2_1_28 -L lib_cdc_v1_0_2 -L proc_sys_reset_v5_0_13 -L uvm -L xilinx_vip -L unisims_ver -L unimacro_ver -L secureip -L xpm --snapshot systolicarray_2_tb_behav xil_defaultlib.systolicarray_2_tb xil_defaultlib.glbl -log elaborate.log
Vivado Simulator v2023.1
Copyright 1986-2022 Xilinx, Inc. All Rights Reserved.
Copyright 2022-2023 Advanced Micro Devices, Inc. All Rights Reserved.
Running: /opt/coe/Xilinx/Vivado/2023.1/bin/unwrapped/lnx64.o/xelab --incr --debug typical --relax --mt 8 -L xil_defaultlib -L axi_infrastructure_v1_1_0 -L axi_vip_v1_1_14 -L processing_system7_vip_v1_0_16 -L generic_baseblocks_v2_1_0 -L fifo_generator_v13_2_8 -L axi_data_fifo_v2_1_27 -L axi_register_slice_v2_1_28 -L axi_protocol_converter_v2_1_28 -L lib_cdc_v1_0_2 -L proc_sys_reset_v5_0_13 -L uvm -L xilinx_vip -L unisims_ver -L unimacro_ver -L secureip -L xpm --snapshot systolicarray_2_tb_behav xil_defaultlib.systolicarray_2_tb xil_defaultlib.glbl -log elaborate.log 
Using 8 slave threads.
WARNING: [XSIM 43-3431] One or more environment variables have been detected which affect the operation of the C compiler. These are typically not set in standard installations and are not tested by Xilinx, however they may be appropriate for your system, so the flow will attempt to continue.  If errors occur, try running xelab with the "-mt off -v 1" switches to see more information from the C compiler. The following environment variables have been detected:
    C_INCLUDE_PATH
Starting static elaboration
Pass Through NonSizing Optimizer
Completed static elaboration
Starting simulation data flow analysis
Completed simulation data flow analysis
Time Resolution for simulation is 1ps
Compiling module xil_defaultlib.multiply
Compiling module xil_defaultlib.systolicarray_2_unit
Compiling module xil_defaultlib.systolicarray_2
Compiling module xil_defaultlib.systolicarray_2_tb
Compiling module xil_defaultlib.glbl
Built simulation snapshot systolicarray_2_tb_behav
INFO: [USF-XSim-69] 'elaborate' step finished in '3' seconds
INFO: [USF-XSim-4] XSim::Simulate design
INFO: [USF-XSim-61] Executing 'SIMULATE' step in '/home/grads/t/tamu_vik/ECEN-722/lab8/lab8_base/base/base.sim/sim_1/behav/xsim'
INFO: [USF-XSim-98] *** Running xsim
   with args "systolicarray_2_tb_behav -key {Behavioral:sim_1:Functional:systolicarray_2_tb} -tclbatch {systolicarray_2_tb.tcl} -protoinst "protoinst_files/datatrans_sys.protoinst" -log {simulate.log}"
INFO: [USF-XSim-8] Loading simulator feature
INFO: [Wavedata 42-565] Reading protoinst file protoinst_files/datatrans_sys.protoinst
WARNING: [Wavedata 42-558] Couldn't load one or more protocol instances from protoinst file protoinst_files/datatrans_sys.protoinst for the following reason(s):
There are no instances of module "datatrans_sys" in the design.

Time resolution is 1 ps
source systolicarray_2_tb.tcl
# set curr_wave [current_wave_config]
# if { [string length $curr_wave] == 0 } {
#   if { [llength [get_objects]] > 0} {
#     add_wave /
#     set_property needs_save false [current_wave_config]
#   } else {
#      send_msg_id Add_Wave-1 WARNING "No top level signals found. Simulator will start without a wave window. If you want to open a wave window go to 'File->New Waveform Configuration' or type 'create_wave_config' in the TCL console."
#   }
# }
# run 100ns
INFO: [USF-XSim-96] XSim completed. Design snapshot 'systolicarray_2_tb_behav' loaded.
INFO: [USF-XSim-97] XSim simulation ran for 100ns
launch_simulation: Time (s): cpu = 00:00:06 ; elapsed = 00:00:13 . Memory (MB): peak = 8844.297 ; gain = 0.000 ; free physical = 813731 ; free virtual = 1005526
