INFO: [VRFC 10-2263] Analyzing Verilog file "/home/grads/t/tamu_vik/ECEN-722/lab_3/lab3_base/base/base.ip_user_files/bd/datatrans_sys/ip/datatrans_sys_processing_system7_0_0/sim/datatrans_sys_processing_system7_0_0.v" into library xil_defaultlib
INFO: [VRFC 10-311] analyzing module datatrans_sys_processing_system7_0_0
INFO: [VRFC 10-2263] Analyzing Verilog file "/home/grads/t/tamu_vik/ECEN-722/lab_3/lab3_base/base/base.ip_user_files/bd/datatrans_sys/ip/datatrans_sys_auto_pc_0/sim/datatrans_sys_auto_pc_0.v" into library xil_defaultlib
INFO: [VRFC 10-311] analyzing module datatrans_sys_auto_pc_0
INFO: [VRFC 10-2263] Analyzing Verilog file "/home/grads/t/tamu_vik/ECEN-722/lab_3/lab3_base/base/base.ip_user_files/bd/datatrans_sys/ipshared/4709/hdl/trans_v1_0_S00_AXI.v" into library xil_defaultlib
INFO: [VRFC 10-311] analyzing module trans_v1_0_S00_AXI
INFO: [VRFC 10-2263] Analyzing Verilog file "/home/grads/t/tamu_vik/ECEN-722/lab_3/lab3_base/base/base.ip_user_files/bd/datatrans_sys/ipshared/4709/hdl/trans_v1_0.v" into library xil_defaultlib
INFO: [VRFC 10-311] analyzing module trans_v1_0
INFO: [VRFC 10-2263] Analyzing Verilog file "/home/grads/t/tamu_vik/ECEN-722/lab_3/lab3_base/base/base.ip_user_files/bd/datatrans_sys/ip/datatrans_sys_trans_0_0/sim/datatrans_sys_trans_0_0.v" into library xil_defaultlib
INFO: [VRFC 10-311] analyzing module datatrans_sys_trans_0_0
INFO: [VRFC 10-2263] Analyzing Verilog file "/home/grads/t/tamu_vik/ECEN-722/lab_3/lab3_base/base/base.ip_user_files/bd/datatrans_sys/sim/datatrans_sys.v" into library xil_defaultlib
INFO: [VRFC 10-311] analyzing module datatrans_sys
INFO: [VRFC 10-311] analyzing module datatrans_sys_processing_system7_0_axi_periph_0
INFO: [VRFC 10-311] analyzing module s00_couplers_imp_KKPF6A
INFO: [VRFC 10-2263] Analyzing Verilog file "/home/grads/t/tamu_vik/ECEN-722/lab_3/lab3_base/base/base.gen/sources_1/bd/datatrans_sys/hdl/datatrans_sys_wrapper.v" into library xil_defaultlib
INFO: [VRFC 10-311] analyzing module datatrans_sys_wrapper
INFO: [VRFC 10-2263] Analyzing Verilog file "/home/grads/t/tamu_vik/ECEN-722/lab_3/lab3_base/lab3_codes/IIR_unfold.v" into library xil_defaultlib
INFO: [VRFC 10-311] analyzing module IIR_unfold
INFO: [VRFC 10-2263] Analyzing Verilog file "/home/grads/t/tamu_vik/ECEN-722/lab_3/lab3_base/lab3_codes/multiply.v" into library xil_defaultlib
INFO: [VRFC 10-311] analyzing module multiply
INFO: [VRFC 10-2263] Analyzing Verilog file "/home/grads/t/tamu_vik/ECEN-722/lab_3/lab3_base/lab3_codes/top_IIR_unfold.v" into library xil_defaultlib
INFO: [VRFC 10-311] analyzing module top_IIR_unfold
INFO: [VRFC 10-2263] Analyzing Verilog file "/home/grads/t/tamu_vik/ECEN-722/lab_3/lab3_base/base/base.gen/sources_1/ip/blk_mem_gen_0/sim/blk_mem_gen_0.v" into library xil_defaultlib
INFO: [VRFC 10-311] analyzing module blk_mem_gen_0
INFO: [VRFC 10-2263] Analyzing Verilog file "/home/grads/t/tamu_vik/ECEN-722/lab_3/lab3_base/lab3_codes/top_IIR_fold.v" into library xil_defaultlib
INFO: [VRFC 10-311] analyzing module top_IIR_fold
INFO: [VRFC 10-2263] Analyzing Verilog file "/home/grads/t/tamu_vik/ECEN-722/lab_3/lab3_base/lab3_codes/IIR_fold.v" into library xil_defaultlib
INFO: [VRFC 10-311] analyzing module IIR_fold
INFO: [VRFC 10-2263] Analyzing Verilog file "/home/grads/t/tamu_vik/ECEN-722/lab_3/lab3_base/lab3_codes/IIR_unfold_tb.v" into library xil_defaultlib
INFO: [VRFC 10-311] analyzing module IIR_unfold_tb
INFO: [VRFC 10-2263] Analyzing Verilog file "/home/grads/t/tamu_vik/ECEN-722/lab_3/lab3_base/lab3_codes/IIR_fold_tb.v" into library xil_defaultlib
INFO: [VRFC 10-311] analyzing module IIR_fold_tb
