Copyright 1986-2022 Xilinx, Inc. All Rights Reserved. Copyright 2022-2023 Advanced Micro Devices, Inc. All Rights Reserved.
---------------------------------------------------------------------------------------------------------------------------------------------
| Tool Version : Vivado v.2023.1 (lin64) Build 3865809 Sun May  7 15:04:56 MDT 2023
| Date         : Thu Oct 30 18:27:27 2025
| Host         : zach-127-06.engr.tamu.edu running 64-bit Red Hat Enterprise Linux release 8.10 (Ootpa)
| Command      : report_control_sets -verbose -file top_viterbi_control_sets_placed.rpt
| Design       : top_viterbi
| Device       : xc7z020
---------------------------------------------------------------------------------------------------------------------------------------------

Control Set Information

Table of Contents
-----------------
1. Summary
2. Histogram
3. Flip-Flop Distribution
4. Detailed Control Set Information

1. Summary
----------

+----------------------------------------------------------+-------+
|                          Status                          | Count |
+----------------------------------------------------------+-------+
| Total control sets                                       |    53 |
|    Minimum number of control sets                        |    53 |
|    Addition due to synthesis replication                 |     0 |
|    Addition due to physical synthesis replication        |     0 |
| Unused register locations in slices containing registers |    99 |
+----------------------------------------------------------+-------+
* Control sets can be merged at opt_design using control_set_merge or merge_equivalent_drivers
** Run report_qor_suggestions for automated merging and remapping suggestions


2. Histogram
------------

+--------------------+-------+
|       Fanout       | Count |
+--------------------+-------+
| Total control sets |    53 |
| >= 0 to < 4        |     1 |
| >= 4 to < 6        |     8 |
| >= 6 to < 8        |     2 |
| >= 8 to < 10       |    19 |
| >= 10 to < 12      |     1 |
| >= 12 to < 14      |     1 |
| >= 14 to < 16      |     2 |
| >= 16              |    19 |
+--------------------+-------+
* Control sets can be remapped at either synth_design or opt_design


3. Flip-Flop Distribution
-------------------------

+--------------+-----------------------+------------------------+-----------------+--------------+
| Clock Enable | Synchronous Set/Reset | Asynchronous Set/Reset | Total Registers | Total Slices |
+--------------+-----------------------+------------------------+-----------------+--------------+
| No           | No                    | No                     |             116 |           37 |
| No           | No                    | Yes                    |              43 |           17 |
| No           | Yes                   | No                     |              47 |           20 |
| Yes          | No                    | No                     |             278 |           65 |
| Yes          | No                    | Yes                    |             161 |           49 |
| Yes          | Yes                   | No                     |             208 |           50 |
+--------------+-----------------------+------------------------+-----------------+--------------+


4. Detailed Control Set Information
-----------------------------------

+----------------------------------------------------------+----------------------------------------------------------------------------------------------------------------------------------------------------------------------------------+----------------------------------------------------------------------------------------------------------------------------------------------------+------------------+----------------+--------------+
|                       Clock Signal                       |                                                                                   Enable Signal                                                                                  |                                                                  Set/Reset Signal                                                                  | Slice Load Count | Bel Load Count | Bels / Slice |
+----------------------------------------------------------+----------------------------------------------------------------------------------------------------------------------------------------------------------------------------------+----------------------------------------------------------------------------------------------------------------------------------------------------+------------------+----------------+--------------+
|  mw0/datatrans_sys_i/processing_system7_0/inst/FCLK_CLK0 | mw0/datatrans_sys_i/processing_system7_0_axi_periph/s00_couplers/auto_pc/inst/gen_axilite.gen_b2s_conv.axilite_b2s/WR.b_channel_0/bid_fifo_0/bresp_push                          |                                                                                                                                                    |                1 |              2 |         2.00 |
|  mw0/datatrans_sys_i/processing_system7_0/inst/FCLK_CLK0 |                                                                                                                                                                                  | mw0/datatrans_sys_i/rst_processing_system7_0_100M/U0/EXT_LPF/lpf_int                                                                               |                2 |              4 |         2.00 |
|  mw0/datatrans_sys_i/processing_system7_0/inst/FCLK_CLK0 | mw0/datatrans_sys_i/processing_system7_0_axi_periph/s00_couplers/auto_pc/inst/gen_axilite.gen_b2s_conv.axilite_b2s/RD.ar_channel_0/ar_cmd_fsm_0/FSM_sequential_state_reg[1]_0[0] |                                                                                                                                                    |                2 |              4 |         2.00 |
|  mw0/datatrans_sys_i/processing_system7_0/inst/FCLK_CLK0 | mw0/datatrans_sys_i/processing_system7_0_axi_periph/s00_couplers/auto_pc/inst/gen_axilite.gen_b2s_conv.axilite_b2s/RD.ar_channel_0/ar_cmd_fsm_0/sel_first_reg[0]                 |                                                                                                                                                    |                1 |              4 |         4.00 |
|  mw0/datatrans_sys_i/processing_system7_0/inst/FCLK_CLK0 | mw0/datatrans_sys_i/processing_system7_0_axi_periph/s00_couplers/auto_pc/inst/gen_axilite.gen_b2s_conv.axilite_b2s/WR.aw_channel_0/aw_cmd_fsm_0/sel_first_reg[0]                 |                                                                                                                                                    |                2 |              4 |         2.00 |
|  mw0/datatrans_sys_i/processing_system7_0/inst/FCLK_CLK0 | mw0/datatrans_sys_i/processing_system7_0_axi_periph/s00_couplers/auto_pc/inst/gen_axilite.gen_b2s_conv.axilite_b2s/WR.aw_channel_0/aw_cmd_fsm_0/FSM_sequential_state_reg[1]_3[0] |                                                                                                                                                    |                1 |              4 |         4.00 |
|  mw0/datatrans_sys_i/processing_system7_0/inst/FCLK_CLK0 | v0/codeout[4]_i_1_n_0                                                                                                                                                            | v0/p0/vrst_reg                                                                                                                                     |                2 |              5 |         2.50 |
|  mw0/datatrans_sys_i/processing_system7_0/inst/FCLK_CLK0 | mw0/datatrans_sys_i/processing_system7_0_axi_periph/s00_couplers/auto_pc/inst/gen_axilite.gen_b2s_conv.axilite_b2s/RD.r_channel_0/rd_data_fifo_0/E[0]                            | mw0/datatrans_sys_i/processing_system7_0_axi_periph/s00_couplers/auto_pc/inst/gen_axilite.gen_b2s_conv.axilite_b2s/areset_d1                       |                2 |              5 |         2.50 |
|  mw0/datatrans_sys_i/processing_system7_0/inst/FCLK_CLK0 | mw0/datatrans_sys_i/processing_system7_0_axi_periph/s00_couplers/auto_pc/inst/gen_axilite.gen_b2s_conv.axilite_b2s/RD.r_channel_0/rd_data_fifo_0/cnt_read[4]_i_1__0_n_0          | mw0/datatrans_sys_i/processing_system7_0_axi_periph/s00_couplers/auto_pc/inst/gen_axilite.gen_b2s_conv.axilite_b2s/areset_d1                       |                2 |              5 |         2.50 |
|  mw0/datatrans_sys_i/processing_system7_0/inst/FCLK_CLK0 | mw0/datatrans_sys_i/rst_processing_system7_0_100M/U0/SEQ/seq_cnt_en                                                                                                              | mw0/datatrans_sys_i/rst_processing_system7_0_100M/U0/SEQ/SEQ_COUNTER/clear                                                                         |                2 |              6 |         3.00 |
|  mw0/datatrans_sys_i/processing_system7_0/inst/FCLK_CLK0 |                                                                                                                                                                                  | mw0/datatrans_sys_i/trans_0/inst/trans_v1_0_S00_AXI_inst/memctl                                                                                    |                4 |              7 |         1.75 |
|  mw0/datatrans_sys_i/processing_system7_0/inst/FCLK_CLK0 | mw0/datatrans_sys_i/trans_0/inst/trans_v1_0_S00_AXI_inst/slv_reg0[15]_i_1_n_0                                                                                                    | mw0/datatrans_sys_i/trans_0/inst/trans_v1_0_S00_AXI_inst/slv_reg0[0]_i_1_n_0                                                                       |                1 |              8 |         8.00 |
|  mw0/datatrans_sys_i/processing_system7_0/inst/FCLK_CLK0 | memdinb[7]_i_1_n_0                                                                                                                                                               | mw0/datatrans_sys_i/trans_0/inst/trans_v1_0_S00_AXI_inst/memctl                                                                                    |                2 |              8 |         4.00 |
|  mw0/datatrans_sys_i/processing_system7_0/inst/FCLK_CLK0 | v0/state[7]_i_1_n_0                                                                                                                                                              | v0/p0/vrst_reg                                                                                                                                     |                3 |              8 |         2.67 |
|  mw0/datatrans_sys_i/processing_system7_0/inst/FCLK_CLK0 | v0/code_count[7]_i_1_n_0                                                                                                                                                         | v0/p0/vrst_reg                                                                                                                                     |                3 |              8 |         2.67 |
|  mw0/datatrans_sys_i/processing_system7_0/inst/FCLK_CLK0 | mw0/datatrans_sys_i/processing_system7_0_axi_periph/s00_couplers/auto_pc/inst/gen_axilite.gen_b2s_conv.axilite_b2s/WR.b_channel_0/mhandshake_r                                   | mw0/datatrans_sys_i/processing_system7_0_axi_periph/s00_couplers/auto_pc/inst/gen_axilite.gen_b2s_conv.axilite_b2s/WR.b_channel_0/bid_fifo_0/SR[0] |                3 |              8 |         2.67 |
|  mw0/datatrans_sys_i/processing_system7_0/inst/FCLK_CLK0 | v0/count[7]_i_1_n_0                                                                                                                                                              | v0/p0/vrst_reg                                                                                                                                     |                3 |              8 |         2.67 |
|  mw0/datatrans_sys_i/processing_system7_0/inst/FCLK_CLK0 | v0/mindis[7]_i_1_n_0                                                                                                                                                             | v0/p0/vrst_reg                                                                                                                                     |                2 |              8 |         4.00 |
|  mw0/datatrans_sys_i/processing_system7_0/inst/FCLK_CLK0 | mw0/datatrans_sys_i/trans_0/inst/trans_v1_0_S00_AXI_inst/slv_reg0[23]_i_1_n_0                                                                                                    | mw0/datatrans_sys_i/trans_0/inst/trans_v1_0_S00_AXI_inst/slv_reg0[0]_i_1_n_0                                                                       |                1 |              8 |         8.00 |
|  mw0/datatrans_sys_i/processing_system7_0/inst/FCLK_CLK0 | mw0/datatrans_sys_i/trans_0/inst/trans_v1_0_S00_AXI_inst/slv_reg0[31]_i_1_n_0                                                                                                    | mw0/datatrans_sys_i/trans_0/inst/trans_v1_0_S00_AXI_inst/slv_reg0[0]_i_1_n_0                                                                       |                2 |              8 |         4.00 |
|  mw0/datatrans_sys_i/processing_system7_0/inst/FCLK_CLK0 |                                                                                                                                                                                  | mw0/datatrans_sys_i/processing_system7_0_axi_periph/s00_couplers/auto_pc/inst/gen_axilite.gen_b2s_conv.axilite_b2s/SI_REG/r.r_pipe/SR[0]           |                2 |              8 |         4.00 |
|  mw0/datatrans_sys_i/processing_system7_0/inst/FCLK_CLK0 | mw0/datatrans_sys_i/trans_0/inst/trans_v1_0_S00_AXI_inst/slv_reg0[0]_i_2_n_0                                                                                                     | mw0/datatrans_sys_i/trans_0/inst/trans_v1_0_S00_AXI_inst/slv_reg0[0]_i_1_n_0                                                                       |                1 |              8 |         8.00 |
|  mw0/datatrans_sys_i/processing_system7_0/inst/FCLK_CLK0 | mw0/datatrans_sys_i/trans_0/inst/trans_v1_0_S00_AXI_inst/slv_reg2[23]_i_1_n_0                                                                                                    | mw0/datatrans_sys_i/trans_0/inst/trans_v1_0_S00_AXI_inst/slv_reg0[0]_i_1_n_0                                                                       |                2 |              8 |         4.00 |
|  mw0/datatrans_sys_i/processing_system7_0/inst/FCLK_CLK0 | mw0/datatrans_sys_i/trans_0/inst/trans_v1_0_S00_AXI_inst/slv_reg2[31]_i_1_n_0                                                                                                    | mw0/datatrans_sys_i/trans_0/inst/trans_v1_0_S00_AXI_inst/slv_reg0[0]_i_1_n_0                                                                       |                1 |              8 |         8.00 |
|  mw0/datatrans_sys_i/processing_system7_0/inst/FCLK_CLK0 | mw0/datatrans_sys_i/trans_0/inst/trans_v1_0_S00_AXI_inst/slv_reg2[7]_i_1_n_0                                                                                                     | mw0/datatrans_sys_i/trans_0/inst/trans_v1_0_S00_AXI_inst/slv_reg0[0]_i_1_n_0                                                                       |                2 |              8 |         4.00 |
|  mw0/datatrans_sys_i/processing_system7_0/inst/FCLK_CLK0 | mw0/datatrans_sys_i/trans_0/inst/trans_v1_0_S00_AXI_inst/slv_reg1[7]_i_1_n_0                                                                                                     | mw0/datatrans_sys_i/trans_0/inst/trans_v1_0_S00_AXI_inst/slv_reg0[0]_i_1_n_0                                                                       |                2 |              8 |         4.00 |
|  mw0/datatrans_sys_i/processing_system7_0/inst/FCLK_CLK0 | mw0/datatrans_sys_i/trans_0/inst/trans_v1_0_S00_AXI_inst/slv_reg2[15]_i_1_n_0                                                                                                    | mw0/datatrans_sys_i/trans_0/inst/trans_v1_0_S00_AXI_inst/slv_reg0[0]_i_1_n_0                                                                       |                1 |              8 |         8.00 |
|  mw0/datatrans_sys_i/processing_system7_0/inst/FCLK_CLK0 | mw0/datatrans_sys_i/trans_0/inst/trans_v1_0_S00_AXI_inst/slv_reg1[15]_i_1_n_0                                                                                                    | mw0/datatrans_sys_i/trans_0/inst/trans_v1_0_S00_AXI_inst/slv_reg0[0]_i_1_n_0                                                                       |                1 |              8 |         8.00 |
|  mw0/datatrans_sys_i/processing_system7_0/inst/FCLK_CLK0 | mw0/datatrans_sys_i/trans_0/inst/trans_v1_0_S00_AXI_inst/slv_reg1[23]_i_1_n_0                                                                                                    | mw0/datatrans_sys_i/trans_0/inst/trans_v1_0_S00_AXI_inst/slv_reg0[0]_i_1_n_0                                                                       |                1 |              8 |         8.00 |
|  mw0/datatrans_sys_i/processing_system7_0/inst/FCLK_CLK0 | mw0/datatrans_sys_i/trans_0/inst/trans_v1_0_S00_AXI_inst/slv_reg1[31]_i_1_n_0                                                                                                    | mw0/datatrans_sys_i/trans_0/inst/trans_v1_0_S00_AXI_inst/slv_reg0[0]_i_1_n_0                                                                       |                1 |              8 |         8.00 |
|  mw0/datatrans_sys_i/processing_system7_0/inst/FCLK_CLK0 |                                                                                                                                                                                  | mw0/datatrans_sys_i/processing_system7_0_axi_periph/s00_couplers/auto_pc/inst/gen_axilite.gen_b2s_conv.axilite_b2s/areset_d1                       |                3 |             10 |         3.33 |
|  mw0/datatrans_sys_i/processing_system7_0/inst/FCLK_CLK0 | mw0/datatrans_sys_i/processing_system7_0_axi_periph/s00_couplers/auto_pc/inst/gen_axilite.gen_b2s_conv.axilite_b2s/RD.r_channel_0/r_push_r                                       |                                                                                                                                                    |                5 |             13 |         2.60 |
|  mw0/datatrans_sys_i/processing_system7_0/inst/FCLK_CLK0 | mw0/datatrans_sys_i/processing_system7_0_axi_periph/s00_couplers/auto_pc/inst/gen_axilite.gen_b2s_conv.axilite_b2s/SI_REG/b.b_pipe/p_1_in                                        |                                                                                                                                                    |                2 |             14 |         7.00 |
|  mw0/datatrans_sys_i/processing_system7_0/inst/FCLK_CLK0 | mw0/datatrans_sys_i/processing_system7_0_axi_periph/s00_couplers/auto_pc/inst/gen_axilite.gen_b2s_conv.axilite_b2s/SI_REG/b.b_pipe/s_ready_i_reg_0                               |                                                                                                                                                    |                2 |             14 |         7.00 |
|  mw0/datatrans_sys_i/processing_system7_0/inst/FCLK_CLK0 | count[15]_i_1_n_0                                                                                                                                                                | mw0/datatrans_sys_i/trans_0/inst/trans_v1_0_S00_AXI_inst/memctl                                                                                    |                4 |             16 |         4.00 |
|  mw0/datatrans_sys_i/processing_system7_0/inst/FCLK_CLK0 | mw0/datatrans_sys_i/processing_system7_0_axi_periph/s00_couplers/auto_pc/inst/gen_axilite.gen_b2s_conv.axilite_b2s/WR.aw_channel_0/aw_cmd_fsm_0/m_valid_i_reg                    |                                                                                                                                                    |                3 |             16 |         5.33 |
|  mw0/datatrans_sys_i/processing_system7_0/inst/FCLK_CLK0 | mw0/datatrans_sys_i/processing_system7_0_axi_periph/s00_couplers/auto_pc/inst/gen_axilite.gen_b2s_conv.axilite_b2s/RD.ar_channel_0/ar_cmd_fsm_0/E[0]                             |                                                                                                                                                    |                8 |             18 |         2.25 |
|  mw0/datatrans_sys_i/processing_system7_0/inst/FCLK_CLK0 | mw0/datatrans_sys_i/processing_system7_0_axi_periph/s00_couplers/auto_pc/inst/gen_axilite.gen_b2s_conv.axilite_b2s/WR.aw_channel_0/aw_cmd_fsm_0/E[0]                             |                                                                                                                                                    |                7 |             18 |         2.57 |
|  mw0/datatrans_sys_i/processing_system7_0/inst/FCLK_CLK0 |                                                                                                                                                                                  | mw0/datatrans_sys_i/trans_0/inst/trans_v1_0_S00_AXI_inst/slv_reg0[0]_i_1_n_0                                                                       |                9 |             18 |         2.00 |
|  mw0/datatrans_sys_i/processing_system7_0/inst/FCLK_CLK0 | mw0/datatrans_sys_i/processing_system7_0_axi_periph/s00_couplers/auto_pc/inst/gen_axilite.gen_b2s_conv.axilite_b2s/SI_REG/ar.ar_pipe/s_ready_i_reg_0                             |                                                                                                                                                    |                6 |             27 |         4.50 |
|  mw0/datatrans_sys_i/processing_system7_0/inst/FCLK_CLK0 | mw0/datatrans_sys_i/processing_system7_0_axi_periph/s00_couplers/auto_pc/inst/gen_axilite.gen_b2s_conv.axilite_b2s/WR.aw_channel_0/aw_cmd_fsm_0/m_valid_i_reg_0[0]               |                                                                                                                                                    |                4 |             27 |         6.75 |
|  mw0/datatrans_sys_i/processing_system7_0/inst/FCLK_CLK0 | mw0/datatrans_sys_i/processing_system7_0_axi_periph/s00_couplers/auto_pc/inst/gen_axilite.gen_b2s_conv.axilite_b2s/RD.ar_channel_0/ar_cmd_fsm_0/axi_arready_reg_0[0]             |                                                                                                                                                    |                7 |             27 |         3.86 |
|  mw0/datatrans_sys_i/processing_system7_0/inst/FCLK_CLK0 | mw0/datatrans_sys_i/processing_system7_0_axi_periph/s00_couplers/auto_pc/inst/gen_axilite.gen_b2s_conv.axilite_b2s/SI_REG/aw.aw_pipe/s_ready_i_reg_0                             |                                                                                                                                                    |                5 |             27 |         5.40 |
|  mw0/datatrans_sys_i/processing_system7_0/inst/FCLK_CLK0 | mw0/datatrans_sys_i/processing_system7_0_axi_periph/s00_couplers/auto_pc/inst/gen_axilite.gen_b2s_conv.axilite_b2s/RD.r_channel_0/rd_data_fifo_0/wr_en0                          |                                                                                                                                                    |                8 |             32 |         4.00 |
|  mw0/datatrans_sys_i/processing_system7_0/inst/FCLK_CLK0 | mw0/datatrans_sys_i/trans_0/inst/trans_v1_0_S00_AXI_inst/slv_reg_rden                                                                                                            | mw0/datatrans_sys_i/trans_0/inst/trans_v1_0_S00_AXI_inst/slv_reg0[0]_i_1_n_0                                                                       |               11 |             32 |         2.91 |
|  mw0/datatrans_sys_i/processing_system7_0/inst/FCLK_CLK0 | v0/dis[0][31]_i_1_n_0                                                                                                                                                            | v0/p0/vrst_reg                                                                                                                                     |                5 |             32 |         6.40 |
|  mw0/datatrans_sys_i/processing_system7_0/inst/FCLK_CLK0 | v0/dis[1][31]_i_1_n_0                                                                                                                                                            | v0/p0/vrst_reg                                                                                                                                     |                8 |             32 |         4.00 |
|  mw0/datatrans_sys_i/processing_system7_0/inst/FCLK_CLK0 | cycle[0]_i_1_n_0                                                                                                                                                                 | mw0/datatrans_sys_i/trans_0/inst/trans_v1_0_S00_AXI_inst/memctl                                                                                    |                8 |             32 |         4.00 |
|  mw0/datatrans_sys_i/processing_system7_0/inst/FCLK_CLK0 |                                                                                                                                                                                  | v0/p0/vrst_reg                                                                                                                                     |               17 |             43 |         2.53 |
|  mw0/datatrans_sys_i/processing_system7_0/inst/FCLK_CLK0 | mw0/datatrans_sys_i/processing_system7_0_axi_periph/s00_couplers/auto_pc/inst/gen_axilite.gen_b2s_conv.axilite_b2s/SI_REG/r.r_pipe/s_ready_i_reg_0                               |                                                                                                                                                    |                9 |             45 |         5.00 |
|  mw0/datatrans_sys_i/processing_system7_0/inst/FCLK_CLK0 | mw0/datatrans_sys_i/processing_system7_0_axi_periph/s00_couplers/auto_pc/inst/gen_axilite.gen_b2s_conv.axilite_b2s/SI_REG/r.r_pipe/p_1_in                                        |                                                                                                                                                    |                9 |             45 |         5.00 |
|  mw0/datatrans_sys_i/processing_system7_0/inst/FCLK_CLK0 | v0/paths[0][14]_i_1_n_0                                                                                                                                                          | v0/p0/vrst_reg                                                                                                                                     |               23 |             60 |         2.61 |
|  mw0/datatrans_sys_i/processing_system7_0/inst/FCLK_CLK0 |                                                                                                                                                                                  |                                                                                                                                                    |               38 |            117 |         3.08 |
+----------------------------------------------------------+----------------------------------------------------------------------------------------------------------------------------------------------------------------------------------+----------------------------------------------------------------------------------------------------------------------------------------------------+------------------+----------------+--------------+


