INFO: [VRFC 10-2263] Analyzing Verilog file "/home/grads/t/tamu_vik/ECEN-722/lab8/lab8_base/base/base.ip_user_files/bd/datatrans_sys/ip/datatrans_sys_processing_system7_0_0/sim/datatrans_sys_processing_system7_0_0.v" into library xil_defaultlib
INFO: [VRFC 10-311] analyzing module datatrans_sys_processing_system7_0_0
INFO: [VRFC 10-2263] Analyzing Verilog file "/home/grads/t/tamu_vik/ECEN-722/lab8/lab8_base/base/base.ip_user_files/bd/datatrans_sys/ip/datatrans_sys_auto_pc_0/sim/datatrans_sys_auto_pc_0.v" into library xil_defaultlib
INFO: [VRFC 10-311] analyzing module datatrans_sys_auto_pc_0
INFO: [VRFC 10-2263] Analyzing Verilog file "/home/grads/t/tamu_vik/ECEN-722/lab8/lab8_base/base/base.ip_user_files/bd/datatrans_sys/ipshared/2ea6/hdl/trans_v1_0_S00_AXI.v" into library xil_defaultlib
INFO: [VRFC 10-311] analyzing module trans_v1_0_S00_AXI
INFO: [VRFC 10-2263] Analyzing Verilog file "/home/grads/t/tamu_vik/ECEN-722/lab8/lab8_base/base/base.ip_user_files/bd/datatrans_sys/ipshared/2ea6/hdl/trans_v1_0.v" into library xil_defaultlib
INFO: [VRFC 10-311] analyzing module trans_v1_0
INFO: [VRFC 10-2263] Analyzing Verilog file "/home/grads/t/tamu_vik/ECEN-722/lab8/lab8_base/base/base.ip_user_files/bd/datatrans_sys/ip/datatrans_sys_trans_0_0/sim/datatrans_sys_trans_0_0.v" into library xil_defaultlib
INFO: [VRFC 10-311] analyzing module datatrans_sys_trans_0_0
INFO: [VRFC 10-2263] Analyzing Verilog file "/home/grads/t/tamu_vik/ECEN-722/lab8/lab8_base/base/base.ip_user_files/bd/datatrans_sys/sim/datatrans_sys.v" into library xil_defaultlib
INFO: [VRFC 10-311] analyzing module datatrans_sys
INFO: [VRFC 10-311] analyzing module datatrans_sys_processing_system7_0_axi_periph_0
INFO: [VRFC 10-311] analyzing module s00_couplers_imp_KKPF6A
INFO: [VRFC 10-2263] Analyzing Verilog file "/home/grads/t/tamu_vik/ECEN-722/lab8/lab8_base/base/base.gen/sources_1/bd/datatrans_sys/hdl/datatrans_sys_wrapper.v" into library xil_defaultlib
INFO: [VRFC 10-311] analyzing module datatrans_sys_wrapper
INFO: [VRFC 10-2263] Analyzing Verilog file "/home/grads/t/tamu_vik/ECEN-722/lab8/lab8_student_code/systolicarray_2.v" into library xil_defaultlib
INFO: [VRFC 10-311] analyzing module systolicarray_2
INFO: [VRFC 10-2263] Analyzing Verilog file "/home/grads/t/tamu_vik/ECEN-722/lab8/lab8_student_code/systolicarray_1.v" into library xil_defaultlib
INFO: [VRFC 10-311] analyzing module systolicarray_1
INFO: [VRFC 10-2263] Analyzing Verilog file "/home/grads/t/tamu_vik/ECEN-722/lab8/lab8_student_code/top_systolicarray.v" into library xil_defaultlib
INFO: [VRFC 10-311] analyzing module top_systolicarray
WARNING: [VRFC 10-2096] empty statement in sequential block [/home/grads/t/tamu_vik/ECEN-722/lab8/lab8_student_code/top_systolicarray.v:124]
INFO: [VRFC 10-2263] Analyzing Verilog file "/home/grads/t/tamu_vik/ECEN-722/lab8/lab8_student_code/multiply.v" into library xil_defaultlib
INFO: [VRFC 10-311] analyzing module multiply
INFO: [VRFC 10-2263] Analyzing Verilog file "/home/grads/t/tamu_vik/ECEN-722/lab8/lab8_student_code/systolicarray_1_unit.v" into library xil_defaultlib
INFO: [VRFC 10-311] analyzing module systolicarray_1_unit
INFO: [VRFC 10-2263] Analyzing Verilog file "/home/grads/t/tamu_vik/ECEN-722/lab8/lab8_student_code/systolicarray_2_unit.v" into library xil_defaultlib
INFO: [VRFC 10-311] analyzing module systolicarray_2_unit
INFO: [VRFC 10-2263] Analyzing Verilog file "/home/grads/t/tamu_vik/ECEN-722/lab8/lab8_base/base/base.gen/sources_1/ip/blk_mem_gen_0/sim/blk_mem_gen_0.v" into library xil_defaultlib
INFO: [VRFC 10-311] analyzing module blk_mem_gen_0
INFO: [VRFC 10-2263] Analyzing Verilog file "/home/grads/t/tamu_vik/ECEN-722/lab8/lab8_student_code/systolicarray_tb.v" into library xil_defaultlib
INFO: [VRFC 10-311] analyzing module systolicarray_1_tb
INFO: [VRFC 10-311] analyzing module systolicarray_2_tb
INFO: [VRFC 10-2263] Analyzing Verilog file "/home/grads/t/tamu_vik/ECEN-722/lab8/lab8_student_code/systolicarray2_tb.v" into library xil_defaultlib
INFO: [VRFC 10-311] analyzing module systolicarray_2_tb
WARNING: [VRFC 10-3609] overwriting previous definition of module 'systolicarray_2_tb' [/home/grads/t/tamu_vik/ECEN-722/lab8/lab8_student_code/systolicarray2_tb.v:3]
INFO: [VRFC 10-2263] Analyzing Verilog file "/home/grads/t/tamu_vik/ECEN-722/lab8/lab8_base/base/base.sim/sim_1/behav/xsim/glbl.v" into library xil_defaultlib
INFO: [VRFC 10-311] analyzing module glbl
INFO: [VRFC 10-163] Analyzing VHDL file "/home/grads/t/tamu_vik/ECEN-722/lab8/lab8_base/base/base.ip_user_files/bd/datatrans_sys/ip/datatrans_sys_rst_processing_system7_0_100M_0/sim/datatrans_sys_rst_processing_system7_0_100M_0.vhd" into library xil_defaultlib
INFO: [VRFC 10-3107] analyzing entity 'datatrans_sys_rst_processing_system7_0_100M_0'
