#-----------------------------------------------------------
# Vivado v2023.1 (64-bit)
# SW Build 3865809 on Sun May  7 15:04:56 MDT 2023
# IP Build 3864474 on Sun May  7 20:36:21 MDT 2023
# SharedData Build 3865790 on Sun May 07 13:33:03 MDT 2023
# Start of session at: Wed Oct  8 16:19:45 2025
# Process ID: 3991823
# Current directory: /home/grads/t/tamu_vik/ECEN-722/lab4
# Command line: vivado
# Log file: /home/grads/t/tamu_vik/ECEN-722/lab4/vivado.log
# Journal file: /home/grads/t/tamu_vik/ECEN-722/lab4/vivado.jou
# Running On: n01-zeus.olympus.ece.tamu.edu, OS: Linux, CPU Frequency: 3193.877 MHz, CPU Physical cores: 1, Host memory: 1081925 MB
#-----------------------------------------------------------
start_gui
open_project /home/grads/t/tamu_vik/ECEN-722/lab4/lab4_base/base/base.xpr
# Disabling source management mode.  This is to allow the top design properties to be set without GUI intervention.
set_property source_mgmt_mode None [current_project]
set_property top top_fft_time [current_fileset]
# Re-enabling previously disabled source management mode.
set_property source_mgmt_mode DisplayOnly [current_project]
# Disabling source management mode.  This is to allow the top design properties to be set without GUI intervention.
set_property source_mgmt_mode None [current_project]
set_property top fft_time_tb [get_filesets sim_1]
set_property top_lib xil_defaultlib [get_filesets sim_1]
# Re-enabling previously disabled source management mode.
set_property source_mgmt_mode DisplayOnly [current_project]
launch_simulation
source fft_time_tb.tcl
reset_run synth_1
launch_runs impl_1 -to_step write_bitstream
wait_on_run impl_1
open_run impl_1
write_hw_platform -fixed -include_bit -force -file /home/grads/t/tamu_vik/ECEN-722/lab4/lab4_base/base/top_fft_time_new.xsa
# Disabling source management mode.  This is to allow the top design properties to be set without GUI intervention.
set_property source_mgmt_mode None [current_project]
set_property top top_fft_freq [current_fileset]
# Re-enabling previously disabled source management mode.
set_property source_mgmt_mode DisplayOnly [current_project]
# Disabling source management mode.  This is to allow the top design properties to be set without GUI intervention.
set_property source_mgmt_mode None [current_project]
set_property top fft_freq_tb [get_filesets sim_1]
set_property top_lib xil_defaultlib [get_filesets sim_1]
# Re-enabling previously disabled source management mode.
set_property source_mgmt_mode DisplayOnly [current_project]
launch_simulation
source fft_freq_tb.tcl
reset_run synth_1
launch_runs impl_1 -to_step write_bitstream
wait_on_run impl_1
write_hw_platform -fixed -include_bit -force -file /home/grads/t/tamu_vik/ECEN-722/lab4/lab4_base/base/top_fft_freq.xsa
