#-----------------------------------------------------------
# Vivado v2023.1 (64-bit)
# SW Build 3865809 on Sun May  7 15:04:56 MDT 2023
# IP Build 3864474 on Sun May  7 20:36:21 MDT 2023
# SharedData Build 3865790 on Sun May 07 13:33:03 MDT 2023
# Start of session at: Wed Oct  8 16:19:45 2025
# Process ID: 3991823
# Current directory: /home/grads/t/tamu_vik/ECEN-722/lab4
# Command line: vivado
# Log file: /home/grads/t/tamu_vik/ECEN-722/lab4/vivado.log
# Journal file: /home/grads/t/tamu_vik/ECEN-722/lab4/vivado.jou
# Running On: n01-zeus.olympus.ece.tamu.edu, OS: Linux, CPU Frequency: 3193.877 MHz, CPU Physical cores: 1, Host memory: 1081925 MB
#-----------------------------------------------------------
start_gui
WARNING: [Board 49-26] cannot add Board Part xilinx.com:vek280_es:part0:1.0 available at /opt/coe/Xilinx/Vivado/2023.1/data/xhub/boards/XilinxBoardStore/boards/Xilinx/vek280/es/rev_a/1.0/board.xml as part xcve2802-vsvh1760-2lp-e-s-es1 specified in board_part file is either invalid or not available
WARNING: [Board 49-26] cannot add Board Part xilinx.com:vek280_es:part0:1.1 available at /opt/coe/Xilinx/Vivado/2023.1/data/xhub/boards/XilinxBoardStore/boards/Xilinx/vek280/es/rev_a/1.1/board.xml as part xcve2802-vsvh1760-2lp-e-s-es1 specified in board_part file is either invalid or not available
WARNING: [Board 49-26] cannot add Board Part xilinx.com:vek280_es_revb:part0:1.0 available at /opt/coe/Xilinx/Vivado/2023.1/data/xhub/boards/XilinxBoardStore/boards/Xilinx/vek280/es/rev_b/1.0/board.xml as part xcve2802-vsvh1760-2mp-e-s-es1 specified in board_part file is either invalid or not available
WARNING: [Board 49-26] cannot add Board Part xilinx.com:vek280_es_revb:part0:1.1 available at /opt/coe/Xilinx/Vivado/2023.1/data/xhub/boards/XilinxBoardStore/boards/Xilinx/vek280/es/rev_b/1.1/board.xml as part xcve2802-vsvh1760-2mp-e-s-es1 specified in board_part file is either invalid or not available
WARNING: [Board 49-26] cannot add Board Part xilinx.com:vhk158_es:part0:1.0 available at /opt/coe/Xilinx/Vivado/2023.1/data/xhub/boards/XilinxBoardStore/boards/Xilinx/vhk158/es/1.0/board.xml as part xcvh1582-vsva3697-2mp-e-s-es1 specified in board_part file is either invalid or not available
WARNING: [Board 49-26] cannot add Board Part xilinx.com:vhk158_es:part0:1.1 available at /opt/coe/Xilinx/Vivado/2023.1/data/xhub/boards/XilinxBoardStore/boards/Xilinx/vhk158/es/1.1/board.xml as part xcvh1582-vsva3697-2mp-e-s-es1 specified in board_part file is either invalid or not available
WARNING: [Board 49-26] cannot add Board Part xilinx.com:vpk120_es:part0:1.2 available at /opt/coe/Xilinx/Vivado/2023.1/data/xhub/boards/XilinxBoardStore/boards/Xilinx/vpk120/es/1.2/board.xml as part xcvp1202-vsva2785-2mp-e-s-es1 specified in board_part file is either invalid or not available
WARNING: [Board 49-26] cannot add Board Part xilinx.com:vpk120_es:part0:1.3 available at /opt/coe/Xilinx/Vivado/2023.1/data/xhub/boards/XilinxBoardStore/boards/Xilinx/vpk120/es/1.3/board.xml as part xcvp1202-vsva2785-2mp-e-s-es1 specified in board_part file is either invalid or not available
WARNING: [Board 49-26] cannot add Board Part xilinx.com:vpk120_es_revb:part0:1.0 available at /opt/coe/Xilinx/Vivado/2023.1/data/xhub/boards/XilinxBoardStore/boards/Xilinx/vpk120_revb/es/1.0/board.xml as part xcvp1202-vsva2785-2mp-e-s-es1 specified in board_part file is either invalid or not available
WARNING: [Board 49-26] cannot add Board Part xilinx.com:vpk120_es_revb:part0:1.1 available at /opt/coe/Xilinx/Vivado/2023.1/data/xhub/boards/XilinxBoardStore/boards/Xilinx/vpk120_revb/es/1.1/board.xml as part xcvp1202-vsva2785-2mp-e-s-es1 specified in board_part file is either invalid or not available
WARNING: [Board 49-26] cannot add Board Part xilinx.com:vpk180_es:part0:1.0 available at /opt/coe/Xilinx/Vivado/2023.1/data/xhub/boards/XilinxBoardStore/boards/Xilinx/vpk180/es/1.0/board.xml as part xcvp1802-lsvc4072-2mp-e-s-es1 specified in board_part file is either invalid or not available
WARNING: [Board 49-26] cannot add Board Part xilinx.com:vpk180_es:part0:1.1 available at /opt/coe/Xilinx/Vivado/2023.1/data/xhub/boards/XilinxBoardStore/boards/Xilinx/vpk180/es/1.1/board.xml as part xcvp1802-lsvc4072-2mp-e-s-es1 specified in board_part file is either invalid or not available
WARNING: [Board 49-26] cannot add Board Part xilinx.com:zcu208ld:part0:2.0 available at /opt/coe/Xilinx/Vivado/2023.1/data/xhub/boards/XilinxBoardStore/boards/Xilinx/zcu208ld/production/2.0/board.xml as part xczu58dr-fsvg1517-2-i specified in board_part file is either invalid or not available
WARNING: [Board 49-26] cannot add Board Part xilinx.com:zcu216ld:part0:2.0 available at /opt/coe/Xilinx/Vivado/2023.1/data/xhub/boards/XilinxBoardStore/boards/Xilinx/zcu216ld/production/2.0/board.xml as part xczu59dr-ffvf1760-2-i specified in board_part file is either invalid or not available
WARNING: [Board 49-26] cannot add Board Part xilinx.com:zcu670:part0:2.0 available at /opt/coe/Xilinx/Vivado/2023.1/data/xhub/boards/XilinxBoardStore/boards/Xilinx/zcu670/2.0/board.xml as part xczu67dr-fsve1156-2-i specified in board_part file is either invalid or not available
WARNING: [Board 49-26] cannot add Board Part xilinx.com:zcu670ld:part0:1.0 available at /opt/coe/Xilinx/Vivado/2023.1/data/xhub/boards/XilinxBoardStore/boards/Xilinx/zcu670ld/1.0/board.xml as part xczu57dr-fsve1156-2-i specified in board_part file is either invalid or not available
open_project /home/grads/t/tamu_vik/ECEN-722/lab4/lab4_base/base/base.xpr
Scanning sources...
Finished scanning sources
INFO: [IP_Flow 19-234] Refreshing IP repositories
INFO: [IP_Flow 19-1700] Loaded user IP repository '/home/grads/t/tamu_vik/ECEN-722/lab4/lab4_base/ip_repo/trans_1.0'.
INFO: [IP_Flow 19-2313] Loaded Vivado IP repository '/opt/coe/Xilinx/Vivado/2023.1/data/ip'.
open_project: Time (s): cpu = 00:00:05 ; elapsed = 00:00:09 . Memory (MB): peak = 8424.375 ; gain = 220.227 ; free physical = 58782 ; free virtual = 1005777
set_property top top_fft_time [current_fileset]
set_property top fft_time_tb [get_filesets sim_1]
set_property top_lib xil_defaultlib [get_filesets sim_1]
launch_simulation
Command: launch_simulation 
INFO: [Vivado 12-12493] Simulation top is 'fft_time_tb'
INFO: [Vivado 12-5698] Checking validity of IPs in the design for the 'XSim' simulator...
INFO: [Vivado 12-5682] Launching behavioral simulation in '/home/grads/t/tamu_vik/ECEN-722/lab4/lab4_base/base/base.sim/sim_1/behav/xsim'
INFO: [Vivado 12-13660] Precompiled IP simulation library mode is enabled (default). The design IP libraries will be referenced from the compiled library path. Please note that if the precompiled version of the library is not found from the path or the IP is in locked state, then the library source files for these IPs will be compiled locally as part of the compile order.
INFO: [Vivado 12-4795] Using compiled simulation libraries for IPs
INFO: [SIM-utils-51] Simulation object is 'sim_1'
INFO: [SIM-utils-72] Using boost library from '/opt/coe/Xilinx/Vivado/2023.1/tps/boost_1_72_0'
INFO: [USF-XSim-7] Finding pre-compiled libraries...
INFO: [USF-XSim-11] File '/opt/coe/Xilinx/Vivado/2023.1/data/xsim/xsim.ini' copied to run dir:'/home/grads/t/tamu_vik/ECEN-722/lab4/lab4_base/base/base.sim/sim_1/behav/xsim'
INFO: [SIM-utils-54] Inspecting design source files for 'fft_time_tb' in fileset 'sim_1'...
INFO: [USF-XSim-97] Finding global include files...
INFO: [USF-XSim-100] Fetching design files from 'sources_1'...(this may take a while)...
INFO: [USF-XSim-101] Fetching design files from 'sim_1'...
INFO: [USF-XSim-2] XSim::Compile design
INFO: [USF-XSim-61] Executing 'COMPILE and ANALYZE' step in '/home/grads/t/tamu_vik/ECEN-722/lab4/lab4_base/base/base.sim/sim_1/behav/xsim'
xvlog --incr --relax -L uvm -L axi_vip_v1_1_14 -L processing_system7_vip_v1_0_16 -L xilinx_vip -prj fft_time_tb_vlog.prj
xvhdl --incr --relax -prj fft_time_tb_vhdl.prj
Waiting for jobs to finish...
No pending jobs, compilation finished.
INFO: [USF-XSim-69] 'compile' step finished in '4' seconds
INFO: [USF-XSim-3] XSim::Elaborate design
INFO: [USF-XSim-61] Executing 'ELABORATE' step in '/home/grads/t/tamu_vik/ECEN-722/lab4/lab4_base/base/base.sim/sim_1/behav/xsim'
xelab --incr --debug typical --relax --mt 8 -L xil_defaultlib -L blk_mem_gen_v8_4_6 -L axi_infrastructure_v1_1_0 -L axi_vip_v1_1_14 -L processing_system7_vip_v1_0_16 -L generic_baseblocks_v2_1_0 -L fifo_generator_v13_2_8 -L axi_data_fifo_v2_1_27 -L axi_register_slice_v2_1_28 -L axi_protocol_converter_v2_1_28 -L lib_cdc_v1_0_2 -L proc_sys_reset_v5_0_13 -L uvm -L xilinx_vip -L unisims_ver -L unimacro_ver -L secureip -L xpm --snapshot fft_time_tb_behav xil_defaultlib.fft_time_tb xil_defaultlib.glbl -log elaborate.log
Vivado Simulator v2023.1
Copyright 1986-2022 Xilinx, Inc. All Rights Reserved.
Copyright 2022-2023 Advanced Micro Devices, Inc. All Rights Reserved.
Running: /opt/coe/Xilinx/Vivado/2023.1/bin/unwrapped/lnx64.o/xelab --incr --debug typical --relax --mt 8 -L xil_defaultlib -L blk_mem_gen_v8_4_6 -L axi_infrastructure_v1_1_0 -L axi_vip_v1_1_14 -L processing_system7_vip_v1_0_16 -L generic_baseblocks_v2_1_0 -L fifo_generator_v13_2_8 -L axi_data_fifo_v2_1_27 -L axi_register_slice_v2_1_28 -L axi_protocol_converter_v2_1_28 -L lib_cdc_v1_0_2 -L proc_sys_reset_v5_0_13 -L uvm -L xilinx_vip -L unisims_ver -L unimacro_ver -L secureip -L xpm --snapshot fft_time_tb_behav xil_defaultlib.fft_time_tb xil_defaultlib.glbl -log elaborate.log 
Using 8 slave threads.
WARNING: [XSIM 43-3431] One or more environment variables have been detected which affect the operation of the C compiler. These are typically not set in standard installations and are not tested by Xilinx, however they may be appropriate for your system, so the flow will attempt to continue.  If errors occur, try running xelab with the "-mt off -v 1" switches to see more information from the C compiler. The following environment variables have been detected:
    C_INCLUDE_PATH
Starting static elaboration
Pass Through NonSizing Optimizer
WARNING: [VRFC 10-3091] actual bit length 32 differs from formal bit length 8 for port 'Wr' [/home/grads/t/tamu_vik/ECEN-722/lab4/lab4_student_code/fft_time.v:41]
WARNING: [VRFC 10-3091] actual bit length 32 differs from formal bit length 8 for port 'Wr' [/home/grads/t/tamu_vik/ECEN-722/lab4/lab4_student_code/fft_time.v:42]
WARNING: [VRFC 10-3091] actual bit length 32 differs from formal bit length 8 for port 'Wr' [/home/grads/t/tamu_vik/ECEN-722/lab4/lab4_student_code/fft_time.v:43]
WARNING: [VRFC 10-3091] actual bit length 32 differs from formal bit length 8 for port 'Wr' [/home/grads/t/tamu_vik/ECEN-722/lab4/lab4_student_code/fft_time.v:44]
WARNING: [VRFC 10-3091] actual bit length 32 differs from formal bit length 8 for port 'Wr' [/home/grads/t/tamu_vik/ECEN-722/lab4/lab4_student_code/fft_time.v:47]
WARNING: [VRFC 10-3091] actual bit length 32 differs from formal bit length 8 for port 'Wr' [/home/grads/t/tamu_vik/ECEN-722/lab4/lab4_student_code/fft_time.v:48]
WARNING: [VRFC 10-3091] actual bit length 32 differs from formal bit length 8 for port 'Wr' [/home/grads/t/tamu_vik/ECEN-722/lab4/lab4_student_code/fft_time.v:49]
WARNING: [VRFC 10-3091] actual bit length 32 differs from formal bit length 8 for port 'Wr' [/home/grads/t/tamu_vik/ECEN-722/lab4/lab4_student_code/fft_time.v:50]
WARNING: [VRFC 10-3091] actual bit length 32 differs from formal bit length 8 for port 'Wr' [/home/grads/t/tamu_vik/ECEN-722/lab4/lab4_student_code/fft_time.v:53]
WARNING: [VRFC 10-3091] actual bit length 32 differs from formal bit length 8 for port 'Wr' [/home/grads/t/tamu_vik/ECEN-722/lab4/lab4_student_code/fft_time.v:54]
WARNING: [VRFC 10-3091] actual bit length 32 differs from formal bit length 8 for port 'Wr' [/home/grads/t/tamu_vik/ECEN-722/lab4/lab4_student_code/fft_time.v:55]
WARNING: [VRFC 10-3091] actual bit length 32 differs from formal bit length 8 for port 'Wr' [/home/grads/t/tamu_vik/ECEN-722/lab4/lab4_student_code/fft_time.v:56]
Completed static elaboration
Starting simulation data flow analysis
Completed simulation data flow analysis
Time Resolution for simulation is 1ps
Compiling module xil_defaultlib.multiply
Compiling module xil_defaultlib.butterfly_time
Compiling module xil_defaultlib.fft_time
Compiling module xil_defaultlib.fft_time_tb
Compiling module xil_defaultlib.glbl
Built simulation snapshot fft_time_tb_behav
INFO: [USF-XSim-69] 'elaborate' step finished in '2' seconds
INFO: [USF-XSim-4] XSim::Simulate design
INFO: [USF-XSim-61] Executing 'SIMULATE' step in '/home/grads/t/tamu_vik/ECEN-722/lab4/lab4_base/base/base.sim/sim_1/behav/xsim'
INFO: [USF-XSim-98] *** Running xsim
   with args "fft_time_tb_behav -key {Behavioral:sim_1:Functional:fft_time_tb} -tclbatch {fft_time_tb.tcl} -protoinst "protoinst_files/datatrans_sys.protoinst" -log {simulate.log}"
INFO: [USF-XSim-8] Loading simulator feature
INFO: [Wavedata 42-565] Reading protoinst file protoinst_files/datatrans_sys.protoinst
WARNING: [Wavedata 42-558] Couldn't load one or more protocol instances from protoinst file protoinst_files/datatrans_sys.protoinst for the following reason(s):
There are no instances of module "datatrans_sys" in the design.

Time resolution is 1 ps
source fft_time_tb.tcl
# set curr_wave [current_wave_config]
# if { [string length $curr_wave] == 0 } {
#   if { [llength [get_objects]] > 0} {
#     add_wave /
#     set_property needs_save false [current_wave_config]
#   } else {
#      send_msg_id Add_Wave-1 WARNING "No top level signals found. Simulator will start without a wave window. If you want to open a wave window go to 'File->New Waveform Configuration' or type 'create_wave_config' in the TCL console."
#   }
# }
# run 50ns
xsim: Time (s): cpu = 00:00:04 ; elapsed = 00:00:06 . Memory (MB): peak = 8552.434 ; gain = 0.000 ; free physical = 58567 ; free virtual = 1005563
INFO: [USF-XSim-96] XSim completed. Design snapshot 'fft_time_tb_behav' loaded.
INFO: [USF-XSim-97] XSim simulation ran for 50ns
launch_simulation: Time (s): cpu = 00:00:10 ; elapsed = 00:00:14 . Memory (MB): peak = 8552.434 ; gain = 0.000 ; free physical = 58567 ; free virtual = 1005563
INFO: [Vivado 12-8231] Launching Vitis
INFO: [Vivado 12-417] Running vitis
INFO: [Vivado 12-8232] Vitis launch initiated. Please check console for any further messages.
WARNING: [IP_Flow 19-4067] Ignoring invalid widget type specified checkbox.Providing a default widget
WARNING: [IP_Flow 19-4067] Ignoring invalid widget type specified checkbox.Providing a default widget
reset_run synth_1
WARNING: [Vivado 12-1017] Problems encountered:
1. Failed to delete one or more files in run directory /home/grads/t/tamu_vik/ECEN-722/lab4/lab4_base/base/base.runs/synth_1

launch_runs impl_1 -to_step write_bitstream
[Wed Oct  8 16:30:25 2025] Launched synth_1...
Run output will be captured here: /home/grads/t/tamu_vik/ECEN-722/lab4/lab4_base/base/base.runs/synth_1/runme.log
[Wed Oct  8 16:30:26 2025] Launched impl_1...
Run output will be captured here: /home/grads/t/tamu_vik/ECEN-722/lab4/lab4_base/base/base.runs/impl_1/runme.log
open_run impl_1
INFO: [Device 21-403] Loading part xc7z020clg400-1
Netlist sorting complete. Time (s): cpu = 00:00:00.05 ; elapsed = 00:00:00.04 . Memory (MB): peak = 8912.977 ; gain = 0.000 ; free physical = 56057 ; free virtual = 1003095
INFO: [Netlist 29-17] Analyzing 242 Unisim elements for replacement
INFO: [Netlist 29-28] Unisim Transformation completed in 0 CPU seconds
INFO: [Project 1-479] Netlist was created with Vivado 2023.1
INFO: [Project 1-570] Preparing netlist for logic optimization
INFO: [Timing 38-478] Restoring timing data from binary archive.
INFO: [Timing 38-479] Binary timing data restore complete.
INFO: [Project 1-856] Restoring constraints from binary archive.
INFO: [Project 1-853] Binary constraint restore complete.
Reading XDEF placement.
Reading placer database...
Reading XDEF routing.
Read XDEF Files: Time (s): cpu = 00:00:00.41 ; elapsed = 00:00:00.47 . Memory (MB): peak = 9569.293 ; gain = 0.000 ; free physical = 55187 ; free virtual = 1002225
Restored from archive | CPU: 0.420000 secs | Memory: 4.634308 MB |
Finished XDEF File Restore: Time (s): cpu = 00:00:00.41 ; elapsed = 00:00:00.47 . Memory (MB): peak = 9569.293 ; gain = 0.000 ; free physical = 55187 ; free virtual = 1002225
Netlist sorting complete. Time (s): cpu = 00:00:00.01 ; elapsed = 00:00:00 . Memory (MB): peak = 9569.293 ; gain = 0.000 ; free physical = 55156 ; free virtual = 1002194
INFO: [Project 1-111] Unisim Transformation Summary:
No Unisim elements were transformed.

open_run: Time (s): cpu = 00:00:17 ; elapsed = 00:00:19 . Memory (MB): peak = 9762.348 ; gain = 1155.961 ; free physical = 54960 ; free virtual = 1001998
write_hw_platform -fixed -include_bit -force -file /home/grads/t/tamu_vik/ECEN-722/lab4/lab4_base/base/top_fft_time_new.xsa
INFO: [Project 1-1918] Creating Hardware Platform: /home/grads/t/tamu_vik/ECEN-722/lab4/lab4_base/base/top_fft_time_new.xsa ...
INFO: [Project 1-1943] The Hardware Platform can be used for Hardware
INFO: [Project 1-1941] Successfully created Hardware Platform: /home/grads/t/tamu_vik/ECEN-722/lab4/lab4_base/base/top_fft_time_new.xsa
INFO: [Hsi 55-2053] elapsed time for repository (/opt/coe/Xilinx/Vivado/2023.1/data/embeddedsw) loading 0 seconds
set_property top top_fft_freq [current_fileset]
set_property top fft_freq_tb [get_filesets sim_1]
set_property top_lib xil_defaultlib [get_filesets sim_1]
launch_simulation
Command: launch_simulation 
INFO: [Vivado 12-12493] Simulation top is 'fft_freq_tb'
INFO: [Vivado 12-5698] Checking validity of IPs in the design for the 'XSim' simulator...
INFO: [Vivado 12-5682] Launching behavioral simulation in '/home/grads/t/tamu_vik/ECEN-722/lab4/lab4_base/base/base.sim/sim_1/behav/xsim'
INFO: [Vivado 12-13660] Precompiled IP simulation library mode is enabled (default). The design IP libraries will be referenced from the compiled library path. Please note that if the precompiled version of the library is not found from the path or the IP is in locked state, then the library source files for these IPs will be compiled locally as part of the compile order.
INFO: [Vivado 12-4795] Using compiled simulation libraries for IPs
INFO: [SIM-utils-51] Simulation object is 'sim_1'
INFO: [SIM-utils-72] Using boost library from '/opt/coe/Xilinx/Vivado/2023.1/tps/boost_1_72_0'
INFO: [USF-XSim-7] Finding pre-compiled libraries...
INFO: [USF-XSim-11] File '/opt/coe/Xilinx/Vivado/2023.1/data/xsim/xsim.ini' copied to run dir:'/home/grads/t/tamu_vik/ECEN-722/lab4/lab4_base/base/base.sim/sim_1/behav/xsim'
INFO: [SIM-utils-54] Inspecting design source files for 'fft_freq_tb' in fileset 'sim_1'...
INFO: [USF-XSim-97] Finding global include files...
INFO: [USF-XSim-100] Fetching design files from 'sources_1'...(this may take a while)...
INFO: [USF-XSim-101] Fetching design files from 'sim_1'...
INFO: [USF-XSim-2] XSim::Compile design
INFO: [USF-XSim-61] Executing 'COMPILE and ANALYZE' step in '/home/grads/t/tamu_vik/ECEN-722/lab4/lab4_base/base/base.sim/sim_1/behav/xsim'
xvlog --incr --relax -L uvm -L axi_vip_v1_1_14 -L processing_system7_vip_v1_0_16 -L xilinx_vip -prj fft_freq_tb_vlog.prj
xvhdl --incr --relax -prj fft_freq_tb_vhdl.prj
Waiting for jobs to finish...
No pending jobs, compilation finished.
INFO: [USF-XSim-69] 'compile' step finished in '2' seconds
INFO: [USF-XSim-3] XSim::Elaborate design
INFO: [USF-XSim-61] Executing 'ELABORATE' step in '/home/grads/t/tamu_vik/ECEN-722/lab4/lab4_base/base/base.sim/sim_1/behav/xsim'
xelab --incr --debug typical --relax --mt 8 -L xil_defaultlib -L blk_mem_gen_v8_4_6 -L axi_infrastructure_v1_1_0 -L axi_vip_v1_1_14 -L processing_system7_vip_v1_0_16 -L generic_baseblocks_v2_1_0 -L fifo_generator_v13_2_8 -L axi_data_fifo_v2_1_27 -L axi_register_slice_v2_1_28 -L axi_protocol_converter_v2_1_28 -L lib_cdc_v1_0_2 -L proc_sys_reset_v5_0_13 -L uvm -L xilinx_vip -L unisims_ver -L unimacro_ver -L secureip -L xpm --snapshot fft_freq_tb_behav xil_defaultlib.fft_freq_tb xil_defaultlib.glbl -log elaborate.log
Vivado Simulator v2023.1
Copyright 1986-2022 Xilinx, Inc. All Rights Reserved.
Copyright 2022-2023 Advanced Micro Devices, Inc. All Rights Reserved.
Running: /opt/coe/Xilinx/Vivado/2023.1/bin/unwrapped/lnx64.o/xelab --incr --debug typical --relax --mt 8 -L xil_defaultlib -L blk_mem_gen_v8_4_6 -L axi_infrastructure_v1_1_0 -L axi_vip_v1_1_14 -L processing_system7_vip_v1_0_16 -L generic_baseblocks_v2_1_0 -L fifo_generator_v13_2_8 -L axi_data_fifo_v2_1_27 -L axi_register_slice_v2_1_28 -L axi_protocol_converter_v2_1_28 -L lib_cdc_v1_0_2 -L proc_sys_reset_v5_0_13 -L uvm -L xilinx_vip -L unisims_ver -L unimacro_ver -L secureip -L xpm --snapshot fft_freq_tb_behav xil_defaultlib.fft_freq_tb xil_defaultlib.glbl -log elaborate.log 
Using 8 slave threads.
WARNING: [XSIM 43-3431] One or more environment variables have been detected which affect the operation of the C compiler. These are typically not set in standard installations and are not tested by Xilinx, however they may be appropriate for your system, so the flow will attempt to continue.  If errors occur, try running xelab with the "-mt off -v 1" switches to see more information from the C compiler. The following environment variables have been detected:
    C_INCLUDE_PATH
Starting static elaboration
Pass Through NonSizing Optimizer
WARNING: [VRFC 10-3091] actual bit length 32 differs from formal bit length 8 for port 'Wr' [/home/grads/t/tamu_vik/ECEN-722/lab4/lab4_student_code/fft_freq.v:43]
WARNING: [VRFC 10-3091] actual bit length 32 differs from formal bit length 8 for port 'Wr' [/home/grads/t/tamu_vik/ECEN-722/lab4/lab4_student_code/fft_freq.v:44]
WARNING: [VRFC 10-3091] actual bit length 32 differs from formal bit length 8 for port 'Wr' [/home/grads/t/tamu_vik/ECEN-722/lab4/lab4_student_code/fft_freq.v:45]
WARNING: [VRFC 10-3091] actual bit length 32 differs from formal bit length 8 for port 'Wr' [/home/grads/t/tamu_vik/ECEN-722/lab4/lab4_student_code/fft_freq.v:46]
WARNING: [VRFC 10-3091] actual bit length 32 differs from formal bit length 8 for port 'Wr' [/home/grads/t/tamu_vik/ECEN-722/lab4/lab4_student_code/fft_freq.v:50]
WARNING: [VRFC 10-3091] actual bit length 32 differs from formal bit length 8 for port 'Wr' [/home/grads/t/tamu_vik/ECEN-722/lab4/lab4_student_code/fft_freq.v:51]
WARNING: [VRFC 10-3091] actual bit length 32 differs from formal bit length 8 for port 'Wr' [/home/grads/t/tamu_vik/ECEN-722/lab4/lab4_student_code/fft_freq.v:52]
WARNING: [VRFC 10-3091] actual bit length 32 differs from formal bit length 8 for port 'Wr' [/home/grads/t/tamu_vik/ECEN-722/lab4/lab4_student_code/fft_freq.v:53]
WARNING: [VRFC 10-3091] actual bit length 32 differs from formal bit length 8 for port 'Wr' [/home/grads/t/tamu_vik/ECEN-722/lab4/lab4_student_code/fft_freq.v:57]
WARNING: [VRFC 10-3091] actual bit length 32 differs from formal bit length 8 for port 'Wr' [/home/grads/t/tamu_vik/ECEN-722/lab4/lab4_student_code/fft_freq.v:58]
WARNING: [VRFC 10-3091] actual bit length 32 differs from formal bit length 8 for port 'Wr' [/home/grads/t/tamu_vik/ECEN-722/lab4/lab4_student_code/fft_freq.v:59]
WARNING: [VRFC 10-3091] actual bit length 32 differs from formal bit length 8 for port 'Wr' [/home/grads/t/tamu_vik/ECEN-722/lab4/lab4_student_code/fft_freq.v:60]
Completed static elaboration
INFO: [XSIM 43-4323] No Change in HDL. Linking previously generated obj files to create kernel
INFO: [USF-XSim-69] 'elaborate' step finished in '1' seconds
INFO: [USF-XSim-4] XSim::Simulate design
INFO: [USF-XSim-61] Executing 'SIMULATE' step in '/home/grads/t/tamu_vik/ECEN-722/lab4/lab4_base/base/base.sim/sim_1/behav/xsim'
INFO: [USF-XSim-98] *** Running xsim
   with args "fft_freq_tb_behav -key {Behavioral:sim_1:Functional:fft_freq_tb} -tclbatch {fft_freq_tb.tcl} -protoinst "protoinst_files/datatrans_sys.protoinst" -log {simulate.log}"
INFO: [USF-XSim-8] Loading simulator feature
INFO: [Wavedata 42-565] Reading protoinst file protoinst_files/datatrans_sys.protoinst
WARNING: [Wavedata 42-558] Couldn't load one or more protocol instances from protoinst file protoinst_files/datatrans_sys.protoinst for the following reason(s):
There are no instances of module "datatrans_sys" in the design.

Time resolution is 1 ps
source fft_freq_tb.tcl
# set curr_wave [current_wave_config]
# if { [string length $curr_wave] == 0 } {
#   if { [llength [get_objects]] > 0} {
#     add_wave /
#     set_property needs_save false [current_wave_config]
#   } else {
#      send_msg_id Add_Wave-1 WARNING "No top level signals found. Simulator will start without a wave window. If you want to open a wave window go to 'File->New Waveform Configuration' or type 'create_wave_config' in the TCL console."
#   }
# }
# run 50ns
INFO: [USF-XSim-96] XSim completed. Design snapshot 'fft_freq_tb_behav' loaded.
INFO: [USF-XSim-97] XSim simulation ran for 50ns
launch_simulation: Time (s): cpu = 00:00:07 ; elapsed = 00:00:10 . Memory (MB): peak = 9935.992 ; gain = 0.000 ; free physical = 56110 ; free virtual = 1003241
INFO: [Vivado 12-8217] Implementation run is out of date. Exported hardware information may be inconsistent with respect to the current state of the design. It is recommended that you re-run implementation and re-generate bitstream/PDI before doing hardware export.
reset_run synth_1
WARNING: [Vivado 12-1017] Problems encountered:
1. Failed to delete one or more files in run directory /home/grads/t/tamu_vik/ECEN-722/lab4/lab4_base/base/base.runs/synth_1

launch_runs impl_1 -to_step write_bitstream
[Wed Oct  8 17:00:21 2025] Launched synth_1...
Run output will be captured here: /home/grads/t/tamu_vik/ECEN-722/lab4/lab4_base/base/base.runs/synth_1/runme.log
[Wed Oct  8 17:00:21 2025] Launched impl_1...
Run output will be captured here: /home/grads/t/tamu_vik/ECEN-722/lab4/lab4_base/base/base.runs/impl_1/runme.log
write_hw_platform -fixed -include_bit -force -file /home/grads/t/tamu_vik/ECEN-722/lab4/lab4_base/base/top_fft_freq.xsa
INFO: [Project 1-1918] Creating Hardware Platform: /home/grads/t/tamu_vik/ECEN-722/lab4/lab4_base/base/top_fft_freq.xsa ...
INFO: [Project 1-1943] The Hardware Platform can be used for Hardware
INFO: [Project 1-1941] Successfully created Hardware Platform: /home/grads/t/tamu_vik/ECEN-722/lab4/lab4_base/base/top_fft_freq.xsa
