#-----------------------------------------------------------
# Vivado v2023.1 (64-bit)
# SW Build 3865809 on Sun May  7 15:04:56 MDT 2023
# IP Build 3864474 on Sun May  7 20:36:21 MDT 2023
# SharedData Build 3865790 on Sun May 07 13:33:03 MDT 2023
# Start of session at: Thu Oct  9 17:41:24 2025
# Process ID: 1239088
# Current directory: /home/grads/t/tamu_vik/ECEN-722/lab4
# Command line: vivado
# Log file: /home/grads/t/tamu_vik/ECEN-722/lab4/vivado.log
# Journal file: /home/grads/t/tamu_vik/ECEN-722/lab4/vivado.jou
# Running On: n01-zeus.olympus.ece.tamu.edu, OS: Linux, CPU Frequency: 3193.877 MHz, CPU Physical cores: 1, Host memory: 1081925 MB
#-----------------------------------------------------------
start_gui
WARNING: [Board 49-26] cannot add Board Part xilinx.com:vek280_es:part0:1.0 available at /opt/coe/Xilinx/Vivado/2023.1/data/xhub/boards/XilinxBoardStore/boards/Xilinx/vek280/es/rev_a/1.0/board.xml as part xcve2802-vsvh1760-2lp-e-s-es1 specified in board_part file is either invalid or not available
WARNING: [Board 49-26] cannot add Board Part xilinx.com:vek280_es:part0:1.1 available at /opt/coe/Xilinx/Vivado/2023.1/data/xhub/boards/XilinxBoardStore/boards/Xilinx/vek280/es/rev_a/1.1/board.xml as part xcve2802-vsvh1760-2lp-e-s-es1 specified in board_part file is either invalid or not available
WARNING: [Board 49-26] cannot add Board Part xilinx.com:vek280_es_revb:part0:1.0 available at /opt/coe/Xilinx/Vivado/2023.1/data/xhub/boards/XilinxBoardStore/boards/Xilinx/vek280/es/rev_b/1.0/board.xml as part xcve2802-vsvh1760-2mp-e-s-es1 specified in board_part file is either invalid or not available
WARNING: [Board 49-26] cannot add Board Part xilinx.com:vek280_es_revb:part0:1.1 available at /opt/coe/Xilinx/Vivado/2023.1/data/xhub/boards/XilinxBoardStore/boards/Xilinx/vek280/es/rev_b/1.1/board.xml as part xcve2802-vsvh1760-2mp-e-s-es1 specified in board_part file is either invalid or not available
WARNING: [Board 49-26] cannot add Board Part xilinx.com:vhk158_es:part0:1.0 available at /opt/coe/Xilinx/Vivado/2023.1/data/xhub/boards/XilinxBoardStore/boards/Xilinx/vhk158/es/1.0/board.xml as part xcvh1582-vsva3697-2mp-e-s-es1 specified in board_part file is either invalid or not available
WARNING: [Board 49-26] cannot add Board Part xilinx.com:vhk158_es:part0:1.1 available at /opt/coe/Xilinx/Vivado/2023.1/data/xhub/boards/XilinxBoardStore/boards/Xilinx/vhk158/es/1.1/board.xml as part xcvh1582-vsva3697-2mp-e-s-es1 specified in board_part file is either invalid or not available
WARNING: [Board 49-26] cannot add Board Part xilinx.com:vpk120_es:part0:1.2 available at /opt/coe/Xilinx/Vivado/2023.1/data/xhub/boards/XilinxBoardStore/boards/Xilinx/vpk120/es/1.2/board.xml as part xcvp1202-vsva2785-2mp-e-s-es1 specified in board_part file is either invalid or not available
WARNING: [Board 49-26] cannot add Board Part xilinx.com:vpk120_es:part0:1.3 available at /opt/coe/Xilinx/Vivado/2023.1/data/xhub/boards/XilinxBoardStore/boards/Xilinx/vpk120/es/1.3/board.xml as part xcvp1202-vsva2785-2mp-e-s-es1 specified in board_part file is either invalid or not available
WARNING: [Board 49-26] cannot add Board Part xilinx.com:vpk120_es_revb:part0:1.0 available at /opt/coe/Xilinx/Vivado/2023.1/data/xhub/boards/XilinxBoardStore/boards/Xilinx/vpk120_revb/es/1.0/board.xml as part xcvp1202-vsva2785-2mp-e-s-es1 specified in board_part file is either invalid or not available
WARNING: [Board 49-26] cannot add Board Part xilinx.com:vpk120_es_revb:part0:1.1 available at /opt/coe/Xilinx/Vivado/2023.1/data/xhub/boards/XilinxBoardStore/boards/Xilinx/vpk120_revb/es/1.1/board.xml as part xcvp1202-vsva2785-2mp-e-s-es1 specified in board_part file is either invalid or not available
WARNING: [Board 49-26] cannot add Board Part xilinx.com:vpk180_es:part0:1.0 available at /opt/coe/Xilinx/Vivado/2023.1/data/xhub/boards/XilinxBoardStore/boards/Xilinx/vpk180/es/1.0/board.xml as part xcvp1802-lsvc4072-2mp-e-s-es1 specified in board_part file is either invalid or not available
WARNING: [Board 49-26] cannot add Board Part xilinx.com:vpk180_es:part0:1.1 available at /opt/coe/Xilinx/Vivado/2023.1/data/xhub/boards/XilinxBoardStore/boards/Xilinx/vpk180/es/1.1/board.xml as part xcvp1802-lsvc4072-2mp-e-s-es1 specified in board_part file is either invalid or not available
WARNING: [Board 49-26] cannot add Board Part xilinx.com:zcu208ld:part0:2.0 available at /opt/coe/Xilinx/Vivado/2023.1/data/xhub/boards/XilinxBoardStore/boards/Xilinx/zcu208ld/production/2.0/board.xml as part xczu58dr-fsvg1517-2-i specified in board_part file is either invalid or not available
WARNING: [Board 49-26] cannot add Board Part xilinx.com:zcu216ld:part0:2.0 available at /opt/coe/Xilinx/Vivado/2023.1/data/xhub/boards/XilinxBoardStore/boards/Xilinx/zcu216ld/production/2.0/board.xml as part xczu59dr-ffvf1760-2-i specified in board_part file is either invalid or not available
WARNING: [Board 49-26] cannot add Board Part xilinx.com:zcu670:part0:2.0 available at /opt/coe/Xilinx/Vivado/2023.1/data/xhub/boards/XilinxBoardStore/boards/Xilinx/zcu670/2.0/board.xml as part xczu67dr-fsve1156-2-i specified in board_part file is either invalid or not available
WARNING: [Board 49-26] cannot add Board Part xilinx.com:zcu670ld:part0:1.0 available at /opt/coe/Xilinx/Vivado/2023.1/data/xhub/boards/XilinxBoardStore/boards/Xilinx/zcu670ld/1.0/board.xml as part xczu57dr-fsve1156-2-i specified in board_part file is either invalid or not available
open_project /home/grads/t/tamu_vik/ECEN-722/lab4/lab4_base/base/base.xpr
Scanning sources...
Finished scanning sources
INFO: [IP_Flow 19-234] Refreshing IP repositories
INFO: [IP_Flow 19-1700] Loaded user IP repository '/home/grads/t/tamu_vik/ECEN-722/lab4/lab4_base/ip_repo/trans_1.0'.
INFO: [IP_Flow 19-2313] Loaded Vivado IP repository '/opt/coe/Xilinx/Vivado/2023.1/data/ip'.
open_project: Time (s): cpu = 00:00:06 ; elapsed = 00:00:12 . Memory (MB): peak = 8399.289 ; gain = 190.613 ; free physical = 52121 ; free virtual = 988609
set_property top top_fft_freq_pipe [current_fileset]
set_property top fft_freq_pipe_tb [get_filesets sim_1]
set_property top_lib xil_defaultlib [get_filesets sim_1]
launch_simulation
Command: launch_simulation 
INFO: [Vivado 12-12493] Simulation top is 'fft_freq_pipe_tb'
INFO: [Vivado 12-5698] Checking validity of IPs in the design for the 'XSim' simulator...
INFO: [Vivado 12-5682] Launching behavioral simulation in '/home/grads/t/tamu_vik/ECEN-722/lab4/lab4_base/base/base.sim/sim_1/behav/xsim'
INFO: [Vivado 12-13660] Precompiled IP simulation library mode is enabled (default). The design IP libraries will be referenced from the compiled library path. Please note that if the precompiled version of the library is not found from the path or the IP is in locked state, then the library source files for these IPs will be compiled locally as part of the compile order.
INFO: [Vivado 12-4795] Using compiled simulation libraries for IPs
INFO: [SIM-utils-51] Simulation object is 'sim_1'
INFO: [SIM-utils-72] Using boost library from '/opt/coe/Xilinx/Vivado/2023.1/tps/boost_1_72_0'
INFO: [USF-XSim-7] Finding pre-compiled libraries...
INFO: [USF-XSim-11] File '/opt/coe/Xilinx/Vivado/2023.1/data/xsim/xsim.ini' copied to run dir:'/home/grads/t/tamu_vik/ECEN-722/lab4/lab4_base/base/base.sim/sim_1/behav/xsim'
INFO: [SIM-utils-54] Inspecting design source files for 'fft_freq_pipe_tb' in fileset 'sim_1'...
INFO: [USF-XSim-97] Finding global include files...
INFO: [USF-XSim-100] Fetching design files from 'sources_1'...(this may take a while)...
INFO: [USF-XSim-101] Fetching design files from 'sim_1'...
INFO: [USF-XSim-2] XSim::Compile design
INFO: [USF-XSim-61] Executing 'COMPILE and ANALYZE' step in '/home/grads/t/tamu_vik/ECEN-722/lab4/lab4_base/base/base.sim/sim_1/behav/xsim'
xvlog --incr --relax -L uvm -L axi_vip_v1_1_14 -L processing_system7_vip_v1_0_16 -L xilinx_vip -prj fft_freq_pipe_tb_vlog.prj
xvhdl --incr --relax -prj fft_freq_pipe_tb_vhdl.prj
Waiting for jobs to finish...
No pending jobs, compilation finished.
INFO: [USF-XSim-69] 'compile' step finished in '3' seconds
INFO: [USF-XSim-3] XSim::Elaborate design
INFO: [USF-XSim-61] Executing 'ELABORATE' step in '/home/grads/t/tamu_vik/ECEN-722/lab4/lab4_base/base/base.sim/sim_1/behav/xsim'
xelab --incr --debug typical --relax --mt 8 -L xil_defaultlib -L blk_mem_gen_v8_4_6 -L axi_infrastructure_v1_1_0 -L axi_vip_v1_1_14 -L processing_system7_vip_v1_0_16 -L generic_baseblocks_v2_1_0 -L fifo_generator_v13_2_8 -L axi_data_fifo_v2_1_27 -L axi_register_slice_v2_1_28 -L axi_protocol_converter_v2_1_28 -L lib_cdc_v1_0_2 -L proc_sys_reset_v5_0_13 -L uvm -L xilinx_vip -L unisims_ver -L unimacro_ver -L secureip -L xpm --snapshot fft_freq_pipe_tb_behav xil_defaultlib.fft_freq_pipe_tb xil_defaultlib.glbl -log elaborate.log
Vivado Simulator v2023.1
Copyright 1986-2022 Xilinx, Inc. All Rights Reserved.
Copyright 2022-2023 Advanced Micro Devices, Inc. All Rights Reserved.
Running: /opt/coe/Xilinx/Vivado/2023.1/bin/unwrapped/lnx64.o/xelab --incr --debug typical --relax --mt 8 -L xil_defaultlib -L blk_mem_gen_v8_4_6 -L axi_infrastructure_v1_1_0 -L axi_vip_v1_1_14 -L processing_system7_vip_v1_0_16 -L generic_baseblocks_v2_1_0 -L fifo_generator_v13_2_8 -L axi_data_fifo_v2_1_27 -L axi_register_slice_v2_1_28 -L axi_protocol_converter_v2_1_28 -L lib_cdc_v1_0_2 -L proc_sys_reset_v5_0_13 -L uvm -L xilinx_vip -L unisims_ver -L unimacro_ver -L secureip -L xpm --snapshot fft_freq_pipe_tb_behav xil_defaultlib.fft_freq_pipe_tb xil_defaultlib.glbl -log elaborate.log 
Using 8 slave threads.
WARNING: [XSIM 43-3431] One or more environment variables have been detected which affect the operation of the C compiler. These are typically not set in standard installations and are not tested by Xilinx, however they may be appropriate for your system, so the flow will attempt to continue.  If errors occur, try running xelab with the "-mt off -v 1" switches to see more information from the C compiler. The following environment variables have been detected:
    C_INCLUDE_PATH
Starting static elaboration
Pass Through NonSizing Optimizer
WARNING: [VRFC 10-3091] actual bit length 32 differs from formal bit length 8 for port 'Wr' [/home/grads/t/tamu_vik/ECEN-722/lab4/lab4_student_code/fft_freq_pipe.v:39]
WARNING: [VRFC 10-3091] actual bit length 32 differs from formal bit length 8 for port 'Wr' [/home/grads/t/tamu_vik/ECEN-722/lab4/lab4_student_code/fft_freq_pipe.v:40]
WARNING: [VRFC 10-3091] actual bit length 32 differs from formal bit length 8 for port 'Wr' [/home/grads/t/tamu_vik/ECEN-722/lab4/lab4_student_code/fft_freq_pipe.v:41]
WARNING: [VRFC 10-3091] actual bit length 32 differs from formal bit length 8 for port 'Wr' [/home/grads/t/tamu_vik/ECEN-722/lab4/lab4_student_code/fft_freq_pipe.v:42]
WARNING: [VRFC 10-3091] actual bit length 32 differs from formal bit length 8 for port 'Wr' [/home/grads/t/tamu_vik/ECEN-722/lab4/lab4_student_code/fft_freq_pipe.v:64]
WARNING: [VRFC 10-3091] actual bit length 32 differs from formal bit length 8 for port 'Wr' [/home/grads/t/tamu_vik/ECEN-722/lab4/lab4_student_code/fft_freq_pipe.v:65]
WARNING: [VRFC 10-3091] actual bit length 32 differs from formal bit length 8 for port 'Wr' [/home/grads/t/tamu_vik/ECEN-722/lab4/lab4_student_code/fft_freq_pipe.v:66]
WARNING: [VRFC 10-3091] actual bit length 32 differs from formal bit length 8 for port 'Wr' [/home/grads/t/tamu_vik/ECEN-722/lab4/lab4_student_code/fft_freq_pipe.v:67]
WARNING: [VRFC 10-3091] actual bit length 32 differs from formal bit length 8 for port 'Wr' [/home/grads/t/tamu_vik/ECEN-722/lab4/lab4_student_code/fft_freq_pipe.v:89]
WARNING: [VRFC 10-3091] actual bit length 32 differs from formal bit length 8 for port 'Wr' [/home/grads/t/tamu_vik/ECEN-722/lab4/lab4_student_code/fft_freq_pipe.v:90]
WARNING: [VRFC 10-3091] actual bit length 32 differs from formal bit length 8 for port 'Wr' [/home/grads/t/tamu_vik/ECEN-722/lab4/lab4_student_code/fft_freq_pipe.v:91]
WARNING: [VRFC 10-3091] actual bit length 32 differs from formal bit length 8 for port 'Wr' [/home/grads/t/tamu_vik/ECEN-722/lab4/lab4_student_code/fft_freq_pipe.v:92]
Completed static elaboration
INFO: [XSIM 43-4323] No Change in HDL. Linking previously generated obj files to create kernel
INFO: [USF-XSim-69] 'elaborate' step finished in '4' seconds
INFO: [USF-XSim-4] XSim::Simulate design
INFO: [USF-XSim-61] Executing 'SIMULATE' step in '/home/grads/t/tamu_vik/ECEN-722/lab4/lab4_base/base/base.sim/sim_1/behav/xsim'
INFO: [USF-XSim-98] *** Running xsim
   with args "fft_freq_pipe_tb_behav -key {Behavioral:sim_1:Functional:fft_freq_pipe_tb} -tclbatch {fft_freq_pipe_tb.tcl} -protoinst "protoinst_files/datatrans_sys.protoinst" -log {simulate.log}"
INFO: [USF-XSim-8] Loading simulator feature
INFO: [Wavedata 42-565] Reading protoinst file protoinst_files/datatrans_sys.protoinst
WARNING: [Wavedata 42-558] Couldn't load one or more protocol instances from protoinst file protoinst_files/datatrans_sys.protoinst for the following reason(s):
There are no instances of module "datatrans_sys" in the design.

Time resolution is 1 ps
source fft_freq_pipe_tb.tcl
# set curr_wave [current_wave_config]
# if { [string length $curr_wave] == 0 } {
#   if { [llength [get_objects]] > 0} {
#     add_wave /
#     set_property needs_save false [current_wave_config]
#   } else {
#      send_msg_id Add_Wave-1 WARNING "No top level signals found. Simulator will start without a wave window. If you want to open a wave window go to 'File->New Waveform Configuration' or type 'create_wave_config' in the TCL console."
#   }
# }
# run 50ns
xsim: Time (s): cpu = 00:00:04 ; elapsed = 00:00:06 . Memory (MB): peak = 8555.492 ; gain = 0.000 ; free physical = 49794 ; free virtual = 986298
INFO: [USF-XSim-96] XSim completed. Design snapshot 'fft_freq_pipe_tb_behav' loaded.
INFO: [USF-XSim-97] XSim simulation ran for 50ns
launch_simulation: Time (s): cpu = 00:00:10 ; elapsed = 00:00:19 . Memory (MB): peak = 8555.492 ; gain = 0.000 ; free physical = 49794 ; free virtual = 986298
set_property top top_fft_freq [current_fileset]
set_property top fft_time_tb [get_filesets sim_1]
set_property top_lib xil_defaultlib [get_filesets sim_1]
set_property top fft_freq_tb [get_filesets sim_1]
set_property top_lib xil_defaultlib [get_filesets sim_1]
launch_simulation
Command: launch_simulation 
INFO: [Vivado 12-12493] Simulation top is 'fft_freq_tb'
INFO: [Vivado 12-5698] Checking validity of IPs in the design for the 'XSim' simulator...
INFO: [Vivado 12-5682] Launching behavioral simulation in '/home/grads/t/tamu_vik/ECEN-722/lab4/lab4_base/base/base.sim/sim_1/behav/xsim'
INFO: [Vivado 12-13660] Precompiled IP simulation library mode is enabled (default). The design IP libraries will be referenced from the compiled library path. Please note that if the precompiled version of the library is not found from the path or the IP is in locked state, then the library source files for these IPs will be compiled locally as part of the compile order.
INFO: [Vivado 12-4795] Using compiled simulation libraries for IPs
INFO: [SIM-utils-51] Simulation object is 'sim_1'
INFO: [SIM-utils-72] Using boost library from '/opt/coe/Xilinx/Vivado/2023.1/tps/boost_1_72_0'
INFO: [USF-XSim-7] Finding pre-compiled libraries...
INFO: [USF-XSim-11] File '/opt/coe/Xilinx/Vivado/2023.1/data/xsim/xsim.ini' copied to run dir:'/home/grads/t/tamu_vik/ECEN-722/lab4/lab4_base/base/base.sim/sim_1/behav/xsim'
INFO: [SIM-utils-54] Inspecting design source files for 'fft_freq_tb' in fileset 'sim_1'...
INFO: [USF-XSim-97] Finding global include files...
INFO: [USF-XSim-100] Fetching design files from 'sources_1'...(this may take a while)...
INFO: [USF-XSim-101] Fetching design files from 'sim_1'...
INFO: [USF-XSim-2] XSim::Compile design
INFO: [USF-XSim-61] Executing 'COMPILE and ANALYZE' step in '/home/grads/t/tamu_vik/ECEN-722/lab4/lab4_base/base/base.sim/sim_1/behav/xsim'
xvlog --incr --relax -L uvm -L axi_vip_v1_1_14 -L processing_system7_vip_v1_0_16 -L xilinx_vip -prj fft_freq_tb_vlog.prj
xvhdl --incr --relax -prj fft_freq_tb_vhdl.prj
Waiting for jobs to finish...
No pending jobs, compilation finished.
INFO: [USF-XSim-69] 'compile' step finished in '3' seconds
INFO: [USF-XSim-3] XSim::Elaborate design
INFO: [USF-XSim-61] Executing 'ELABORATE' step in '/home/grads/t/tamu_vik/ECEN-722/lab4/lab4_base/base/base.sim/sim_1/behav/xsim'
xelab --incr --debug typical --relax --mt 8 -L xil_defaultlib -L blk_mem_gen_v8_4_6 -L axi_infrastructure_v1_1_0 -L axi_vip_v1_1_14 -L processing_system7_vip_v1_0_16 -L generic_baseblocks_v2_1_0 -L fifo_generator_v13_2_8 -L axi_data_fifo_v2_1_27 -L axi_register_slice_v2_1_28 -L axi_protocol_converter_v2_1_28 -L lib_cdc_v1_0_2 -L proc_sys_reset_v5_0_13 -L uvm -L xilinx_vip -L unisims_ver -L unimacro_ver -L secureip -L xpm --snapshot fft_freq_tb_behav xil_defaultlib.fft_freq_tb xil_defaultlib.glbl -log elaborate.log
Vivado Simulator v2023.1
Copyright 1986-2022 Xilinx, Inc. All Rights Reserved.
Copyright 2022-2023 Advanced Micro Devices, Inc. All Rights Reserved.
Running: /opt/coe/Xilinx/Vivado/2023.1/bin/unwrapped/lnx64.o/xelab --incr --debug typical --relax --mt 8 -L xil_defaultlib -L blk_mem_gen_v8_4_6 -L axi_infrastructure_v1_1_0 -L axi_vip_v1_1_14 -L processing_system7_vip_v1_0_16 -L generic_baseblocks_v2_1_0 -L fifo_generator_v13_2_8 -L axi_data_fifo_v2_1_27 -L axi_register_slice_v2_1_28 -L axi_protocol_converter_v2_1_28 -L lib_cdc_v1_0_2 -L proc_sys_reset_v5_0_13 -L uvm -L xilinx_vip -L unisims_ver -L unimacro_ver -L secureip -L xpm --snapshot fft_freq_tb_behav xil_defaultlib.fft_freq_tb xil_defaultlib.glbl -log elaborate.log 
Using 8 slave threads.
WARNING: [XSIM 43-3431] One or more environment variables have been detected which affect the operation of the C compiler. These are typically not set in standard installations and are not tested by Xilinx, however they may be appropriate for your system, so the flow will attempt to continue.  If errors occur, try running xelab with the "-mt off -v 1" switches to see more information from the C compiler. The following environment variables have been detected:
    C_INCLUDE_PATH
Starting static elaboration
Pass Through NonSizing Optimizer
WARNING: [VRFC 10-3091] actual bit length 32 differs from formal bit length 8 for port 'Wr' [/home/grads/t/tamu_vik/ECEN-722/lab4/lab4_student_code/fft_freq.v:43]
WARNING: [VRFC 10-3091] actual bit length 32 differs from formal bit length 8 for port 'Wr' [/home/grads/t/tamu_vik/ECEN-722/lab4/lab4_student_code/fft_freq.v:44]
WARNING: [VRFC 10-3091] actual bit length 32 differs from formal bit length 8 for port 'Wr' [/home/grads/t/tamu_vik/ECEN-722/lab4/lab4_student_code/fft_freq.v:45]
WARNING: [VRFC 10-3091] actual bit length 32 differs from formal bit length 8 for port 'Wr' [/home/grads/t/tamu_vik/ECEN-722/lab4/lab4_student_code/fft_freq.v:46]
WARNING: [VRFC 10-3091] actual bit length 32 differs from formal bit length 8 for port 'Wr' [/home/grads/t/tamu_vik/ECEN-722/lab4/lab4_student_code/fft_freq.v:50]
WARNING: [VRFC 10-3091] actual bit length 32 differs from formal bit length 8 for port 'Wr' [/home/grads/t/tamu_vik/ECEN-722/lab4/lab4_student_code/fft_freq.v:51]
WARNING: [VRFC 10-3091] actual bit length 32 differs from formal bit length 8 for port 'Wr' [/home/grads/t/tamu_vik/ECEN-722/lab4/lab4_student_code/fft_freq.v:52]
WARNING: [VRFC 10-3091] actual bit length 32 differs from formal bit length 8 for port 'Wr' [/home/grads/t/tamu_vik/ECEN-722/lab4/lab4_student_code/fft_freq.v:53]
WARNING: [VRFC 10-3091] actual bit length 32 differs from formal bit length 8 for port 'Wr' [/home/grads/t/tamu_vik/ECEN-722/lab4/lab4_student_code/fft_freq.v:57]
WARNING: [VRFC 10-3091] actual bit length 32 differs from formal bit length 8 for port 'Wr' [/home/grads/t/tamu_vik/ECEN-722/lab4/lab4_student_code/fft_freq.v:58]
WARNING: [VRFC 10-3091] actual bit length 32 differs from formal bit length 8 for port 'Wr' [/home/grads/t/tamu_vik/ECEN-722/lab4/lab4_student_code/fft_freq.v:59]
WARNING: [VRFC 10-3091] actual bit length 32 differs from formal bit length 8 for port 'Wr' [/home/grads/t/tamu_vik/ECEN-722/lab4/lab4_student_code/fft_freq.v:60]
Completed static elaboration
INFO: [XSIM 43-4323] No Change in HDL. Linking previously generated obj files to create kernel
INFO: [USF-XSim-69] 'elaborate' step finished in '2' seconds
INFO: [USF-XSim-4] XSim::Simulate design
INFO: [USF-XSim-61] Executing 'SIMULATE' step in '/home/grads/t/tamu_vik/ECEN-722/lab4/lab4_base/base/base.sim/sim_1/behav/xsim'
INFO: [USF-XSim-98] *** Running xsim
   with args "fft_freq_tb_behav -key {Behavioral:sim_1:Functional:fft_freq_tb} -tclbatch {fft_freq_tb.tcl} -protoinst "protoinst_files/datatrans_sys.protoinst" -log {simulate.log}"
INFO: [USF-XSim-8] Loading simulator feature
INFO: [Wavedata 42-565] Reading protoinst file protoinst_files/datatrans_sys.protoinst
WARNING: [Wavedata 42-558] Couldn't load one or more protocol instances from protoinst file protoinst_files/datatrans_sys.protoinst for the following reason(s):
There are no instances of module "datatrans_sys" in the design.

Time resolution is 1 ps
source fft_freq_tb.tcl
# set curr_wave [current_wave_config]
# if { [string length $curr_wave] == 0 } {
#   if { [llength [get_objects]] > 0} {
#     add_wave /
#     set_property needs_save false [current_wave_config]
#   } else {
#      send_msg_id Add_Wave-1 WARNING "No top level signals found. Simulator will start without a wave window. If you want to open a wave window go to 'File->New Waveform Configuration' or type 'create_wave_config' in the TCL console."
#   }
# }
# run 50ns
INFO: [USF-XSim-96] XSim completed. Design snapshot 'fft_freq_tb_behav' loaded.
INFO: [USF-XSim-97] XSim simulation ran for 50ns
launch_simulation: Time (s): cpu = 00:00:07 ; elapsed = 00:00:11 . Memory (MB): peak = 8668.465 ; gain = 0.000 ; free physical = 49586 ; free virtual = 986432
close_sim
INFO: [Simtcl 6-16] Simulation closed
close_sim
INFO: [Simtcl 6-16] Simulation closed
exit
INFO: [Common 17-206] Exiting Vivado at Thu Oct  9 18:39:39 2025...
