Copyright 1986-2022 Xilinx, Inc. All Rights Reserved. Copyright 2022-2023 Advanced Micro Devices, Inc. All Rights Reserved.
---------------------------------------------------------------------------------------------------------------------------------------------
| Tool Version : Vivado v.2023.1 (lin64) Build 3865809 Sun May  7 15:04:56 MDT 2023
| Date         : Fri Oct 17 15:34:31 2025
| Host         : zach-127-13.engr.tamu.edu running 64-bit Red Hat Enterprise Linux release 8.10 (Ootpa)
| Command      : report_control_sets -verbose -file top_decoder_control_sets_placed.rpt
| Design       : top_decoder
| Device       : xc7z020
---------------------------------------------------------------------------------------------------------------------------------------------

Control Set Information

Table of Contents
-----------------
1. Summary
2. Histogram
3. Flip-Flop Distribution
4. Detailed Control Set Information

1. Summary
----------

+----------------------------------------------------------+-------+
|                          Status                          | Count |
+----------------------------------------------------------+-------+
| Total control sets                                       |    54 |
|    Minimum number of control sets                        |    54 |
|    Addition due to synthesis replication                 |     0 |
|    Addition due to physical synthesis replication        |     0 |
| Unused register locations in slices containing registers |   125 |
+----------------------------------------------------------+-------+
* Control sets can be merged at opt_design using control_set_merge or merge_equivalent_drivers
** Run report_qor_suggestions for automated merging and remapping suggestions


2. Histogram
------------

+--------------------+-------+
|       Fanout       | Count |
+--------------------+-------+
| Total control sets |    54 |
| >= 0 to < 4        |     0 |
| >= 4 to < 6        |    12 |
| >= 6 to < 8        |     1 |
| >= 8 to < 10       |    14 |
| >= 10 to < 12      |     1 |
| >= 12 to < 14      |     3 |
| >= 14 to < 16      |     2 |
| >= 16              |    21 |
+--------------------+-------+
* Control sets can be remapped at either synth_design or opt_design


3. Flip-Flop Distribution
-------------------------

+--------------+-----------------------+------------------------+-----------------+--------------+
| Clock Enable | Synchronous Set/Reset | Asynchronous Set/Reset | Total Registers | Total Slices |
+--------------+-----------------------+------------------------+-----------------+--------------+
| No           | No                    | No                     |             100 |           30 |
| No           | No                    | Yes                    |            2049 |          514 |
| No           | Yes                   | No                     |              45 |           20 |
| Yes          | No                    | No                     |            2461 |          689 |
| Yes          | No                    | Yes                    |              41 |           24 |
| Yes          | Yes                   | No                     |            2299 |          538 |
+--------------+-----------------------+------------------------+-----------------+--------------+


4. Detailed Control Set Information
-----------------------------------

+----------------------------------------------------------+----------------------------------------------------------------------------------------------------------------------------------------------------------------------------------+---------------------------------------------------------------------------------------------------------------------------------------------------------------+------------------+----------------+--------------+
|                       Clock Signal                       |                                                                                   Enable Signal                                                                                  |                                                                        Set/Reset Signal                                                                       | Slice Load Count | Bel Load Count | Bels / Slice |
+----------------------------------------------------------+----------------------------------------------------------------------------------------------------------------------------------------------------------------------------------+---------------------------------------------------------------------------------------------------------------------------------------------------------------+------------------+----------------+--------------+
|  mw0/datatrans_sys_i/processing_system7_0/inst/FCLK_CLK0 | mw0/datatrans_sys_i/processing_system7_0_axi_periph/s00_couplers/auto_pc/inst/gen_axilite.gen_b2s_conv.axilite_b2s/RD.ar_channel_0/ar_cmd_fsm_0/sel_first_reg[0]                 |                                                                                                                                                               |                1 |              4 |         4.00 |
|  mw0/datatrans_sys_i/processing_system7_0/inst/FCLK_CLK0 |                                                                                                                                                                                  | mw0/datatrans_sys_i/processing_system7_0_axi_periph/s00_couplers/auto_pc/inst/gen_axilite.gen_b2s_conv.axilite_b2s/SI_REG/b.b_pipe/aresetn_d_reg[1]_inv_0     |                1 |              4 |         4.00 |
|  mw0/datatrans_sys_i/processing_system7_0/inst/FCLK_CLK0 |                                                                                                                                                                                  | mw0/datatrans_sys_i/processing_system7_0_axi_periph/s00_couplers/auto_pc/inst/gen_axilite.gen_b2s_conv.axilite_b2s/SI_REG/ar.ar_pipe/aresetn_d_reg[0]_0       |                1 |              4 |         4.00 |
|  mw0/datatrans_sys_i/processing_system7_0/inst/FCLK_CLK0 |                                                                                                                                                                                  | mw0/datatrans_sys_i/rst_processing_system7_0_100M/U0/EXT_LPF/lpf_int                                                                                          |                2 |              4 |         2.00 |
|  mw0/datatrans_sys_i/processing_system7_0/inst/FCLK_CLK0 | mw0/datatrans_sys_i/processing_system7_0_axi_periph/s00_couplers/auto_pc/inst/gen_axilite.gen_b2s_conv.axilite_b2s/RD.ar_channel_0/ar_cmd_fsm_0/E[0]                             |                                                                                                                                                               |                2 |              4 |         2.00 |
|  mw0/datatrans_sys_i/processing_system7_0/inst/FCLK_CLK0 | mw0/datatrans_sys_i/processing_system7_0_axi_periph/s00_couplers/auto_pc/inst/gen_axilite.gen_b2s_conv.axilite_b2s/WR.aw_channel_0/aw_cmd_fsm_0/sel_first_reg_1[0]               |                                                                                                                                                               |                1 |              4 |         4.00 |
|  mw0/datatrans_sys_i/processing_system7_0/inst/FCLK_CLK0 | mw0/datatrans_sys_i/processing_system7_0_axi_periph/s00_couplers/auto_pc/inst/gen_axilite.gen_b2s_conv.axilite_b2s/WR.aw_channel_0/aw_cmd_fsm_0/FSM_sequential_state_reg[0]_0[0] |                                                                                                                                                               |                2 |              4 |         2.00 |
|  mw0/datatrans_sys_i/processing_system7_0/inst/FCLK_CLK0 | mw0/datatrans_sys_i/processing_system7_0_axi_periph/s00_couplers/auto_pc/inst/gen_axilite.gen_b2s_conv.axilite_b2s/WR.aw_channel_0/aw_cmd_fsm_0/E[0]                             | mw0/datatrans_sys_i/processing_system7_0_axi_periph/s00_couplers/auto_pc/inst/gen_axilite.gen_b2s_conv.axilite_b2s/WR.aw_channel_0/aw_cmd_fsm_0/m_valid_i_reg |                2 |              4 |         2.00 |
|  mw0/datatrans_sys_i/processing_system7_0/inst/FCLK_CLK0 | mw0/datatrans_sys_i/processing_system7_0_axi_periph/s00_couplers/auto_pc/inst/gen_axilite.gen_b2s_conv.axilite_b2s/RD.r_channel_0/rd_data_fifo_0/cnt_read[4]_i_1__0_n_0          | mw0/datatrans_sys_i/processing_system7_0_axi_periph/s00_couplers/auto_pc/inst/gen_axilite.gen_b2s_conv.axilite_b2s/areset_d1                                  |                2 |              5 |         2.50 |
|  clk2_BUFG                                               |                                                                                                                                                                                  | mw0/datatrans_sys_i/trans_0/inst/trans_v1_0_S00_AXI_inst/Q[0]                                                                                                 |                4 |              5 |         1.25 |
|  clk2_BUFG                                               | h0/count[4]_i_1_n_0                                                                                                                                                              | h0/finish_i_3_n_0                                                                                                                                             |                4 |              5 |         1.25 |
|  mw0/datatrans_sys_i/processing_system7_0/inst/FCLK_CLK0 | mw0/datatrans_sys_i/processing_system7_0_axi_periph/s00_couplers/auto_pc/inst/gen_axilite.gen_b2s_conv.axilite_b2s/RD.r_channel_0/transaction_fifo_0/cnt_read[4]_i_1_n_0         | mw0/datatrans_sys_i/processing_system7_0_axi_periph/s00_couplers/auto_pc/inst/gen_axilite.gen_b2s_conv.axilite_b2s/areset_d1                                  |                1 |              5 |         5.00 |
|  mw0/datatrans_sys_i/processing_system7_0/inst/FCLK_CLK0 | mw0/datatrans_sys_i/rst_processing_system7_0_100M/U0/SEQ/seq_cnt_en                                                                                                              | mw0/datatrans_sys_i/rst_processing_system7_0_100M/U0/SEQ/SEQ_COUNTER/clear                                                                                    |                1 |              6 |         6.00 |
|  mw0/datatrans_sys_i/processing_system7_0/inst/FCLK_CLK0 | mw0/datatrans_sys_i/trans_0/inst/trans_v1_0_S00_AXI_inst/slv_reg1[15]_i_1_n_0                                                                                                    | mw0/datatrans_sys_i/trans_0/inst/trans_v1_0_S00_AXI_inst/slv_reg0[0]_i_1_n_0                                                                                  |                2 |              8 |         4.00 |
|  mw0/datatrans_sys_i/processing_system7_0/inst/FCLK_CLK0 | mw0/datatrans_sys_i/trans_0/inst/trans_v1_0_S00_AXI_inst/slv_reg2[7]_i_1_n_0                                                                                                     | mw0/datatrans_sys_i/trans_0/inst/trans_v1_0_S00_AXI_inst/slv_reg0[0]_i_1_n_0                                                                                  |                2 |              8 |         4.00 |
|  mw0/datatrans_sys_i/processing_system7_0/inst/FCLK_CLK0 | mw0/datatrans_sys_i/trans_0/inst/trans_v1_0_S00_AXI_inst/slv_reg2[31]_i_1_n_0                                                                                                    | mw0/datatrans_sys_i/trans_0/inst/trans_v1_0_S00_AXI_inst/slv_reg0[0]_i_1_n_0                                                                                  |                1 |              8 |         8.00 |
|  mw0/datatrans_sys_i/processing_system7_0/inst/FCLK_CLK0 | mw0/datatrans_sys_i/processing_system7_0_axi_periph/s00_couplers/auto_pc/inst/gen_axilite.gen_b2s_conv.axilite_b2s/WR.b_channel_0/mhandshake_r                                   | mw0/datatrans_sys_i/processing_system7_0_axi_periph/s00_couplers/auto_pc/inst/gen_axilite.gen_b2s_conv.axilite_b2s/WR.b_channel_0/bid_fifo_0/SR[0]            |                3 |              8 |         2.67 |
|  mw0/datatrans_sys_i/processing_system7_0/inst/FCLK_CLK0 | mw0/datatrans_sys_i/trans_0/inst/trans_v1_0_S00_AXI_inst/slv_reg2[23]_i_1_n_0                                                                                                    | mw0/datatrans_sys_i/trans_0/inst/trans_v1_0_S00_AXI_inst/slv_reg0[0]_i_1_n_0                                                                                  |                2 |              8 |         4.00 |
|  mw0/datatrans_sys_i/processing_system7_0/inst/FCLK_CLK0 | mw0/datatrans_sys_i/trans_0/inst/trans_v1_0_S00_AXI_inst/slv_reg1[23]_i_1_n_0                                                                                                    | mw0/datatrans_sys_i/trans_0/inst/trans_v1_0_S00_AXI_inst/slv_reg0[0]_i_1_n_0                                                                                  |                1 |              8 |         8.00 |
|  mw0/datatrans_sys_i/processing_system7_0/inst/FCLK_CLK0 | mw0/datatrans_sys_i/trans_0/inst/trans_v1_0_S00_AXI_inst/slv_reg2[15]_i_1_n_0                                                                                                    | mw0/datatrans_sys_i/trans_0/inst/trans_v1_0_S00_AXI_inst/slv_reg0[0]_i_1_n_0                                                                                  |                1 |              8 |         8.00 |
|  mw0/datatrans_sys_i/processing_system7_0/inst/FCLK_CLK0 | mw0/datatrans_sys_i/trans_0/inst/trans_v1_0_S00_AXI_inst/slv_reg1[7]_i_1_n_0                                                                                                     | mw0/datatrans_sys_i/trans_0/inst/trans_v1_0_S00_AXI_inst/slv_reg0[0]_i_1_n_0                                                                                  |                2 |              8 |         4.00 |
|  clk2_BUFG                                               | memdinb                                                                                                                                                                          | mw0/datatrans_sys_i/trans_0/inst/trans_v1_0_S00_AXI_inst/Q[0]                                                                                                 |                3 |              8 |         2.67 |
|  mw0/datatrans_sys_i/processing_system7_0/inst/FCLK_CLK0 | mw0/datatrans_sys_i/trans_0/inst/trans_v1_0_S00_AXI_inst/slv_reg1[31]_i_1_n_0                                                                                                    | mw0/datatrans_sys_i/trans_0/inst/trans_v1_0_S00_AXI_inst/slv_reg0[0]_i_1_n_0                                                                                  |                1 |              8 |         8.00 |
|  mw0/datatrans_sys_i/processing_system7_0/inst/FCLK_CLK0 | mw0/datatrans_sys_i/trans_0/inst/trans_v1_0_S00_AXI_inst/slv_reg0[0]_i_2_n_0                                                                                                     | mw0/datatrans_sys_i/trans_0/inst/trans_v1_0_S00_AXI_inst/slv_reg0[0]_i_1_n_0                                                                                  |                1 |              8 |         8.00 |
|  mw0/datatrans_sys_i/processing_system7_0/inst/FCLK_CLK0 | mw0/datatrans_sys_i/trans_0/inst/trans_v1_0_S00_AXI_inst/slv_reg0[15]_i_1_n_0                                                                                                    | mw0/datatrans_sys_i/trans_0/inst/trans_v1_0_S00_AXI_inst/slv_reg0[0]_i_1_n_0                                                                                  |                1 |              8 |         8.00 |
|  mw0/datatrans_sys_i/processing_system7_0/inst/FCLK_CLK0 | mw0/datatrans_sys_i/trans_0/inst/trans_v1_0_S00_AXI_inst/slv_reg0[23]_i_1_n_0                                                                                                    | mw0/datatrans_sys_i/trans_0/inst/trans_v1_0_S00_AXI_inst/slv_reg0[0]_i_1_n_0                                                                                  |                1 |              8 |         8.00 |
|  mw0/datatrans_sys_i/processing_system7_0/inst/FCLK_CLK0 | mw0/datatrans_sys_i/trans_0/inst/trans_v1_0_S00_AXI_inst/slv_reg0[31]_i_1_n_0                                                                                                    | mw0/datatrans_sys_i/trans_0/inst/trans_v1_0_S00_AXI_inst/slv_reg0[0]_i_1_n_0                                                                                  |                1 |              8 |         8.00 |
|  mw0/datatrans_sys_i/processing_system7_0/inst/FCLK_CLK0 |                                                                                                                                                                                  | mw0/datatrans_sys_i/processing_system7_0_axi_periph/s00_couplers/auto_pc/inst/gen_axilite.gen_b2s_conv.axilite_b2s/areset_d1                                  |                4 |             10 |         2.50 |
|  mw0/datatrans_sys_i/processing_system7_0/inst/FCLK_CLK0 | mw0/datatrans_sys_i/processing_system7_0_axi_periph/s00_couplers/auto_pc/inst/gen_axilite.gen_b2s_conv.axilite_b2s/SI_REG/b.b_pipe/p_1_in                                        |                                                                                                                                                               |                2 |             12 |         6.00 |
|  mw0/datatrans_sys_i/processing_system7_0/inst/FCLK_CLK0 | mw0/datatrans_sys_i/processing_system7_0_axi_periph/s00_couplers/auto_pc/inst/gen_axilite.gen_b2s_conv.axilite_b2s/SI_REG/b.b_pipe/s_ready_i_reg_0                               |                                                                                                                                                               |                2 |             12 |         6.00 |
|  mw0/datatrans_sys_i/processing_system7_0/inst/FCLK_CLK0 | mw0/datatrans_sys_i/processing_system7_0_axi_periph/s00_couplers/auto_pc/inst/gen_axilite.gen_b2s_conv.axilite_b2s/RD.r_channel_0/r_push_r                                       |                                                                                                                                                               |                4 |             13 |         3.25 |
|  mw0/datatrans_sys_i/processing_system7_0/inst/FCLK_CLK0 | mw0/datatrans_sys_i/processing_system7_0_axi_periph/s00_couplers/auto_pc/inst/gen_axilite.gen_b2s_conv.axilite_b2s/WR.aw_channel_0/aw_cmd_fsm_0/E[0]                             |                                                                                                                                                               |                5 |             14 |         2.80 |
|  clk2_BUFG                                               | h0/finish_i_1_n_0                                                                                                                                                                | h0/finish_i_3_n_0                                                                                                                                             |               10 |             14 |         1.40 |
|  clk2_BUFG                                               | mw0/E[0]                                                                                                                                                                         |                                                                                                                                                               |                5 |             16 |         3.20 |
|  mw0/datatrans_sys_i/processing_system7_0/inst/FCLK_CLK0 | mw0/datatrans_sys_i/processing_system7_0_axi_periph/s00_couplers/auto_pc/inst/gen_axilite.gen_b2s_conv.axilite_b2s/WR.aw_channel_0/aw_cmd_fsm_0/cnt_read_reg[1]                  |                                                                                                                                                               |                3 |             16 |         5.33 |
|  mw0/datatrans_sys_i/processing_system7_0/inst/FCLK_CLK0 | mw0/datatrans_sys_i/processing_system7_0_axi_periph/s00_couplers/auto_pc/inst/gen_axilite.gen_b2s_conv.axilite_b2s/RD.ar_channel_0/ar_cmd_fsm_0/axi_arready_reg_1[0]             |                                                                                                                                                               |                7 |             17 |         2.43 |
|  clk2_BUFG                                               | h0/count                                                                                                                                                                         | mw0/datatrans_sys_i/trans_0/inst/trans_v1_0_S00_AXI_inst/Q[0]                                                                                                 |                5 |             18 |         3.60 |
|  mw0/datatrans_sys_i/processing_system7_0/inst/FCLK_CLK0 |                                                                                                                                                                                  | mw0/datatrans_sys_i/trans_0/inst/trans_v1_0_S00_AXI_inst/slv_reg0[0]_i_1_n_0                                                                                  |                8 |             18 |         2.25 |
|  clk2_BUFG                                               | h0/start_code[14]_i_1_n_0                                                                                                                                                        | h0/finish_i_3_n_0                                                                                                                                             |               10 |             22 |         2.20 |
|  mw0/datatrans_sys_i/processing_system7_0/inst/FCLK_CLK0 | mw0/datatrans_sys_i/processing_system7_0_axi_periph/s00_couplers/auto_pc/inst/gen_axilite.gen_b2s_conv.axilite_b2s/RD.ar_channel_0/ar_cmd_fsm_0/FSM_sequential_state_reg[1]_0[0] |                                                                                                                                                               |                8 |             27 |         3.38 |
|  mw0/datatrans_sys_i/processing_system7_0/inst/FCLK_CLK0 | mw0/datatrans_sys_i/processing_system7_0_axi_periph/s00_couplers/auto_pc/inst/gen_axilite.gen_b2s_conv.axilite_b2s/SI_REG/ar.ar_pipe/s_ready_i_reg_0                             |                                                                                                                                                               |                6 |             27 |         4.50 |
|  mw0/datatrans_sys_i/processing_system7_0/inst/FCLK_CLK0 | mw0/datatrans_sys_i/processing_system7_0_axi_periph/s00_couplers/auto_pc/inst/gen_axilite.gen_b2s_conv.axilite_b2s/SI_REG/aw.aw_pipe/s_ready_i_reg_0                             |                                                                                                                                                               |                4 |             27 |         6.75 |
|  mw0/datatrans_sys_i/processing_system7_0/inst/FCLK_CLK0 | mw0/datatrans_sys_i/processing_system7_0_axi_periph/s00_couplers/auto_pc/inst/gen_axilite.gen_b2s_conv.axilite_b2s/WR.aw_channel_0/aw_cmd_fsm_0/m_valid_i_reg_0[0]               |                                                                                                                                                               |                5 |             27 |         5.40 |
|  mw0/datatrans_sys_i/processing_system7_0/inst/FCLK_CLK0 | mw0/datatrans_sys_i/processing_system7_0_axi_periph/s00_couplers/auto_pc/inst/gen_axilite.gen_b2s_conv.axilite_b2s/RD.r_channel_0/rd_data_fifo_0/wr_en0                          |                                                                                                                                                               |                8 |             32 |         4.00 |
|  mw0/datatrans_sys_i/processing_system7_0/inst/FCLK_CLK0 | mw0/datatrans_sys_i/trans_0/inst/trans_v1_0_S00_AXI_inst/slv_reg_rden__0                                                                                                         | mw0/datatrans_sys_i/trans_0/inst/trans_v1_0_S00_AXI_inst/slv_reg0[0]_i_1_n_0                                                                                  |               10 |             32 |         3.20 |
|  clk2_BUFG                                               | cycle[0]_i_1_n_0                                                                                                                                                                 | mw0/datatrans_sys_i/trans_0/inst/trans_v1_0_S00_AXI_inst/Q[0]                                                                                                 |                8 |             32 |         4.00 |
|  clk2_BUFG                                               | h0/state__0                                                                                                                                                                      | mw0/datatrans_sys_i/trans_0/inst/trans_v1_0_S00_AXI_inst/Q[0]                                                                                                 |               17 |             37 |         2.18 |
|  mw0/datatrans_sys_i/processing_system7_0/inst/FCLK_CLK0 | mw0/datatrans_sys_i/processing_system7_0_axi_periph/s00_couplers/auto_pc/inst/gen_axilite.gen_b2s_conv.axilite_b2s/SI_REG/r.r_pipe/p_1_in                                        |                                                                                                                                                               |                7 |             45 |         6.43 |
|  mw0/datatrans_sys_i/processing_system7_0/inst/FCLK_CLK0 | mw0/datatrans_sys_i/processing_system7_0_axi_periph/s00_couplers/auto_pc/inst/gen_axilite.gen_b2s_conv.axilite_b2s/SI_REG/r.r_pipe/s_ready_i_reg_0                               |                                                                                                                                                               |                7 |             45 |         6.43 |
|  mw0/datatrans_sys_i/processing_system7_0/inst/FCLK_CLK0 |                                                                                                                                                                                  |                                                                                                                                                               |               31 |            101 |         3.26 |
|  clk2_BUFG                                               | mw0/state_reg[3][0]                                                                                                                                                              |                                                                                                                                                               |               59 |            128 |         2.17 |
|  clk2_BUFG                                               | mw0/state_reg[2]                                                                                                                                                                 | mw0/state_reg[2]_0                                                                                                                                            |              470 |           2048 |         4.36 |
|  clk2_BUFG                                               | mw0/state_reg[4][0]                                                                                                                                                              |                                                                                                                                                               |              566 |           2048 |         3.62 |
|  clk2_BUFG                                               |                                                                                                                                                                                  | nolabel_line89/outdata[2047]_i_1_n_0                                                                                                                          |              514 |           2049 |         3.99 |
+----------------------------------------------------------+----------------------------------------------------------------------------------------------------------------------------------------------------------------------------------+---------------------------------------------------------------------------------------------------------------------------------------------------------------+------------------+----------------+--------------+


